Component: ARM Compiler 5.06 update 6 (build 750) Tool: armlink [4d35ed]

==============================================================================

Section Cross References

    main.o(i.main) refers to delay.o(i.initSysTick) for initSysTick
    main.o(i.main) refers to uart.o(i.initUART) for initUART
    main.o(i.main) refers to led.o(i.LED_Init) for LED_Init
    main.o(i.main) refers to spix.o(i.initSPIx) for initSPIx
    main.o(i.main) refers to sx1278.o(i.initSX1278) for initSX1278
    main.o(i.main) refers to bsp_i2c_gpio.o(i.i2c_CfgGpio) for i2c_CfgGpio
    main.o(i.main) refers to oled_i2c.o(i.OLED_Init) for OLED_Init
    main.o(i.main) refers to oled_i2c.o(i.OLED_Fill) for OLED_Fill
    main.o(i.main) refers to sx1278.o(i.receivePackets) for receivePackets
    main.o(i.main) refers to printf1.o(i.__0printf$1) for __2printf
    main.o(i.main) refers to printf1.o(i.__0sprintf$1) for __2sprintf
    main.o(i.main) refers to oled_i2c.o(i.OLED_ShowStr) for OLED_ShowStr
    main.o(i.main) refers to delay.o(i.Delay_ms) for Delay_ms
    main.o(i.main) refers to main.o(.bss) for rx_buff
    bsp_i2c_gpio.o(i.i2c_Ack) refers to bsp_i2c_gpio.o(i.i2c_Delay) for i2c_Delay
    bsp_i2c_gpio.o(i.i2c_CfgGpio) refers to stm32f10x_rcc.o(i.RCC_APB2PeriphClockCmd) for RCC_APB2PeriphClockCmd
    bsp_i2c_gpio.o(i.i2c_CfgGpio) refers to stm32f10x_gpio.o(i.GPIO_Init) for GPIO_Init
    bsp_i2c_gpio.o(i.i2c_CfgGpio) refers to bsp_i2c_gpio.o(i.i2c_Stop) for i2c_Stop
    bsp_i2c_gpio.o(i.i2c_NAck) refers to bsp_i2c_gpio.o(i.i2c_Delay) for i2c_Delay
    bsp_i2c_gpio.o(i.i2c_ReadByte) refers to bsp_i2c_gpio.o(i.i2c_Delay) for i2c_Delay
    bsp_i2c_gpio.o(i.i2c_SendByte) refers to bsp_i2c_gpio.o(i.i2c_Delay) for i2c_Delay
    bsp_i2c_gpio.o(i.i2c_Start) refers to bsp_i2c_gpio.o(i.i2c_Delay) for i2c_Delay
    bsp_i2c_gpio.o(i.i2c_Stop) refers to bsp_i2c_gpio.o(i.i2c_Delay) for i2c_Delay
    bsp_i2c_gpio.o(i.i2c_WaitAck) refers to bsp_i2c_gpio.o(i.i2c_Delay) for i2c_Delay
    delay.o(i.initSysTick) refers to misc.o(i.SysTick_CLKSourceConfig) for SysTick_CLKSourceConfig
    led.o(i.LED_Init) refers to stm32f10x_rcc.o(i.RCC_APB2PeriphClockCmd) for RCC_APB2PeriphClockCmd
    led.o(i.LED_Init) refers to stm32f10x_gpio.o(i.GPIO_Init) for GPIO_Init
    led.o(i.LED_Init) refers to stm32f10x_gpio.o(i.GPIO_SetBits) for GPIO_SetBits
    oled_i2c.o(i.I2C_WriteByte) refers to bsp_i2c_gpio.o(i.i2c_Start) for i2c_Start
    oled_i2c.o(i.I2C_WriteByte) refers to bsp_i2c_gpio.o(i.i2c_SendByte) for i2c_SendByte
    oled_i2c.o(i.I2C_WriteByte) refers to bsp_i2c_gpio.o(i.i2c_WaitAck) for i2c_WaitAck
    oled_i2c.o(i.I2C_WriteByte) refers to bsp_i2c_gpio.o(i.i2c_Stop) for i2c_Stop
    oled_i2c.o(i.OLED_CLS) refers to oled_i2c.o(i.OLED_Fill) for OLED_Fill
    oled_i2c.o(i.OLED_CheckDevice) refers to bsp_i2c_gpio.o(i.i2c_Start) for i2c_Start
    oled_i2c.o(i.OLED_CheckDevice) refers to bsp_i2c_gpio.o(i.i2c_SendByte) for i2c_SendByte
    oled_i2c.o(i.OLED_CheckDevice) refers to bsp_i2c_gpio.o(i.i2c_WaitAck) for i2c_WaitAck
    oled_i2c.o(i.OLED_CheckDevice) refers to bsp_i2c_gpio.o(i.i2c_Stop) for i2c_Stop
    oled_i2c.o(i.OLED_DrawBMP) refers to oled_i2c.o(i.OLED_SetPos) for OLED_SetPos
    oled_i2c.o(i.OLED_DrawBMP) refers to oled_i2c.o(i.WriteDat) for WriteDat
    oled_i2c.o(i.OLED_Fill) refers to oled_i2c.o(i.WriteCmd) for WriteCmd
    oled_i2c.o(i.OLED_Fill) refers to oled_i2c.o(i.WriteDat) for WriteDat
    oled_i2c.o(i.OLED_Init) refers to delay.o(i.Delay_ms) for Delay_ms
    oled_i2c.o(i.OLED_Init) refers to oled_i2c.o(i.WriteCmd) for WriteCmd
    oled_i2c.o(i.OLED_OFF) refers to oled_i2c.o(i.WriteCmd) for WriteCmd
    oled_i2c.o(i.OLED_ON) refers to oled_i2c.o(i.WriteCmd) for WriteCmd
    oled_i2c.o(i.OLED_Refresh_Gram) refers to oled_i2c.o(i.I2C_WriteByte) for I2C_WriteByte
    oled_i2c.o(i.OLED_Refresh_Gram) refers to oled_i2c.o(.bss) for OLED_GRAM
    oled_i2c.o(i.OLED_SetPos) refers to oled_i2c.o(i.WriteCmd) for WriteCmd
    oled_i2c.o(i.OLED_ShowCN) refers to oled_i2c.o(i.OLED_SetPos) for OLED_SetPos
    oled_i2c.o(i.OLED_ShowCN) refers to oled_i2c.o(i.WriteDat) for WriteDat
    oled_i2c.o(i.OLED_ShowCN) refers to oled_i2c.o(.data) for F16x16
    oled_i2c.o(i.OLED_ShowCN1) refers to oled_i2c.o(i.OLED_SetPos) for OLED_SetPos
    oled_i2c.o(i.OLED_ShowCN1) refers to oled_i2c.o(i.WriteDat) for WriteDat
    oled_i2c.o(i.OLED_ShowCN1) refers to oled_i2c.o(.data) for F116x16
    oled_i2c.o(i.OLED_ShowStr) refers to oled_i2c.o(i.OLED_SetPos) for OLED_SetPos
    oled_i2c.o(i.OLED_ShowStr) refers to oled_i2c.o(i.WriteDat) for WriteDat
    oled_i2c.o(i.OLED_ShowStr) refers to oled_i2c.o(.constdata) for F6x8
    oled_i2c.o(i.OLED_Test) refers to oled_i2c.o(i.OLED_CheckDevice) for OLED_CheckDevice
    oled_i2c.o(i.WriteCmd) refers to oled_i2c.o(i.I2C_WriteByte) for I2C_WriteByte
    oled_i2c.o(i.WriteDat) refers to oled_i2c.o(i.I2C_WriteByte) for I2C_WriteByte
[...]
    sx1278.o(i.initSX1278) refers to sx1278.o(.data) for powerValue
    sx1278.o(i.readSX1278) refers to spix.o(i.setNSS) for setNSS
    sx1278.o(i.readSX1278) refers to spix.o(i.sendSPIxByte) for sendSPIxByte
    sx1278.o(i.readSX1278) refers to spix.o(i.readSPIxByte) for readSPIxByte
    sx1278.o(i.receivePackets) refers to sx1278.o(i.setSX1278Receive) for setSX1278Receive
    sx1278.o(i.receivePackets) refers to sx1278.o(i.readSX1278) for readSX1278
    sx1278.o(i.receivePackets) refers to sx1278.o(i.writeSX1278) for writeSX1278
    sx1278.o(i.receivePackets) refers to spix.o(i.setNSS) for setNSS
    sx1278.o(i.receivePackets) refers to spix.o(i.sendSPIxByte) for sendSPIxByte
    sx1278.o(i.receivePackets) refers to spix.o(i.readSPIxByte) for readSPIxByte
    sx1278.o(i.resetSX1278) refers to stm32f10x_gpio.o(i.GPIO_ResetBits) for GPIO_ResetBits
    sx1278.o(i.resetSX1278) refers to delay.o(i.Delay_ms) for Delay_ms
    sx1278.o(i.resetSX1278) refers to stm32f10x_gpio.o(i.GPIO_SetBits) for GPIO_SetBits
    sx1278.o(i.setSX1278BandWidth) refers to sx1278.o(i.readSX1278) for readSX1278
    sx1278.o(i.setSX1278BandWidth) refers to sx1278.o(i.writeSX1278) for writeSX1278
    sx1278.o(i.setSX1278ErrCode) refers to sx1278.o(i.readSX1278) for readSX1278
    sx1278.o(i.setSX1278ErrCode) refers to sx1278.o(i.writeSX1278) for writeSX1278
    sx1278.o(i.setSX1278ImplicitHeader) refers to sx1278.o(i.readSX1278) for readSX1278
    sx1278.o(i.setSX1278ImplicitHeader) refers to sx1278.o(i.writeSX1278) for writeSX1278
    sx1278.o(i.setSX1278LoRaFSK) refers to sx1278.o(i.readSX1278) for readSX1278
    sx1278.o(i.setSX1278LoRaFSK) refers to sx1278.o(i.writeSX1278) for writeSX1278
    sx1278.o(i.setSX1278MobileNode) refers to sx1278.o(i.readSX1278) for readSX1278
    sx1278.o(i.setSX1278MobileNode) refers to sx1278.o(i.writeSX1278) for writeSX1278
    sx1278.o(i.setSX1278NbTrigPeaks) refers to sx1278.o(i.readSX1278) for readSX1278
    sx1278.o(i.setSX1278NbTrigPeaks) refers to sx1278.o(i.writeSX1278) for writeSX1278
    sx1278.o(i.setSX1278OpMode) refers to sx1278.o(i.readSX1278) for readSX1278
    sx1278.o(i.setSX1278OpMode) refers to sx1278.o(i.writeSX1278) for writeSX1278
    sx1278.o(i.setSX1278PacketCRC) refers to sx1278.o(i.readSX1278) for readSX1278
    sx1278.o(i.setSX1278PacketCRC) refers to sx1278.o(i.writeSX1278) for writeSX1278
    sx1278.o(i.setSX1278PayLoadLength) refers to sx1278.o(i.writeSX1278) for writeSX1278
    sx1278.o(i.setSX1278RFFrequency) refers to sx1278.o(i.writeSX1278) for writeSX1278
    sx1278.o(i.setSX1278RFFrequency) refers to sx1278.o(.data) for Frequency
    sx1278.o(i.setSX1278RFPower) refers to sx1278.o(i.writeSX1278) for writeSX1278
    sx1278.o(i.setSX1278RFPower) refers to sx1278.o(.data) for power_data
    sx1278.o(i.setSX1278Receive) refers to sx1278.o(i.setSX1278OpMode) for setSX1278OpMode
    sx1278.o(i.setSX1278Receive) refers to sx1278.o(i.writeSX1278) for writeSX1278
    sx1278.o(i.setSX1278SpreadingFactor) refers to sx1278.o(i.setSX1278NbTrigPeaks) for setSX1278NbTrigPeaks
    sx1278.o(i.setSX1278SpreadingFactor) refers to sx1278.o(i.readSX1278) for readSX1278
    sx1278.o(i.setSX1278SpreadingFactor) refers to sx1278.o(i.writeSX1278) for writeSX1278
    sx1278.o(i.setSX1278SymbTimeout) refers to sx1278.o(i.readSX1278) for readSX1278
    sx1278.o(i.setSX1278SymbTimeout) refers to sx1278.o(i.writeSX1278) for writeSX1278
    sx1278.o(i.transmitPackets) refers to sx1278.o(i.setSX1278OpMode) for setSX1278OpMode
    sx1278.o(i.transmitPackets) refers to sx1278.o(i.writeSX1278) for writeSX1278
    sx1278.o(i.transmitPackets) refers to spix.o(i.setNSS) for setNSS
    sx1278.o(i.transmitPackets) refers to spix.o(i.sendSPIxByte) for sendSPIxByte
    sx1278.o(i.transmitPackets) refers to delay.o(i.Delay_ms) for Delay_ms
    sx1278.o(i.transmitPackets) refers to sx1278.o(i.readSX1278) for readSX1278
    sx1278.o(i.writeSX1278) refers to spix.o(i.setNSS) for setNSS
    sx1278.o(i.writeSX1278) refers to spix.o(i.sendSPIxByte) for sendSPIxByte
    sys.o(i.NVIC_Configuration) refers to misc.o(i.NVIC_PriorityGroupConfig) for NVIC_PriorityGroupConfig
    uart.o(i.fputc) refers to stm32f10x_usart.o(i.USART_SendData) for USART_SendData
    uart.o(i.fputc) refers to stm32f10x_usart.o(i.USART_GetFlagStatus) for USART_GetFlagStatus
    uart.o(i.fputc) refers to stm32f10x_usart.o(i.USART_ClearFlag) for USART_ClearFlag
    uart.o(i.initUART) refers to stm32f10x_rcc.o(i.RCC_APB2PeriphClockCmd) for RCC_APB2PeriphClockCmd
    uart.o(i.initUART) refers to stm32f10x_gpio.o(i.GPIO_Init) for GPIO_Init
    uart.o(i.initUART) refers to stm32f10x_usart.o(i.USART_Init) for USART_Init
    uart.o(i.initUART) refers to stm32f10x_usart.o(i.USART_Cmd) for USART_Cmd
    uart.o(i.initUART) refers to stm32f10x_usart.o(i.USART_ITConfig) for USART_ITConfig
    uart.o(i.sendByte) refers to stm32f10x_usart.o(i.USART_SendData) for USART_SendData
    uart.o(i.sendByte) refers to stm32f10x_usart.o(i.USART_GetFlagStatus) for USART_GetFlagStatus
    uart.o(i.sendByte) refers to stm32f10x_usart.o(i.USART_ClearFlag) for USART_ClearFlag
    uart.o(i.sendString) refers to uart.o(i.sendByte) for sendByte
    stm32f10x_adc.o(i.ADC_DeInit) refers to stm32f10x_rcc.o(i.RCC_APB2PeriphResetCmd) for RCC_APB2PeriphResetCmd
    stm32f10x_gpio.o(i.GPIO_AFIODeInit) refers to stm32f10x_rcc.o(i.RCC_APB2PeriphResetCmd) for RCC_APB2PeriphResetCmd
    stm32f10x_gpio.o(i.GPIO_DeInit) refers to stm32f10x_rcc.o(i.RCC_APB2PeriphResetCmd) for RCC_APB2PeriphResetCmd
    stm32f10x_rcc.o(i.RCC_GetClocksFreq) refers to stm32f10x_rcc.o(.data) for APBAHBPrescTable
    stm32f10x_rcc.o(i.RCC_WaitForHSEStartUp) refers to stm32f10x_rcc.o(i.RCC_GetFlagStatus) for RCC_GetFlagStatus
    stm32f10x_spi.o(i.I2S_Init) refers to stm32f10x_rcc.o(i.RCC_GetClocksFreq) for RCC_GetClocksFreq
    stm32f10x_spi.o(i.SPI_I2S_DeInit) refers to stm32f10x_rcc.o(i.RCC_APB2PeriphResetCmd) for RCC_APB2PeriphResetCmd
    stm32f10x_spi.o(i.SPI_I2S_DeInit) refers to stm32f10x_rcc.o(i.RCC_APB1PeriphResetCmd) for RCC_APB1PeriphResetCmd
    stm32f10x_usart.o(i.USART_DeInit) refers to stm32f10x_rcc.o(i.RCC_APB2PeriphResetCmd) for RCC_APB2PeriphResetCmd
    stm32f10x_usart.o(i.USART_DeInit) refers to stm32f10x_rcc.o(i.RCC_APB1PeriphResetCmd) for RCC_APB1PeriphResetCmd
    stm32f10x_usart.o(i.USART_Init) refers to stm32f10x_rcc.o(i.RCC_GetClocksFreq) for RCC_GetClocksFreq
    system_stm32f10x.o(i.SetSysClock) refers to system_stm32f10x.o(i.SetSysClockTo72) for SetSysClockTo72
    system_stm32f10x.o(i.SystemCoreClockUpdate) refers to system_stm32f10x.o(.data) for SystemCoreClock
    system_stm32f10x.o(i.SystemInit) refers to system_stm32f10x.o(i.SetSysClock) for SetSysClock
    startup_stm32f10x_hd.o(RESET) refers to startup_stm32f10x_hd.o(STACK) for __initial_sp
    startup_stm32f10x_hd.o(RESET) refers to startup_stm32f10x_hd.o(.text) for Reset_Handler
    startup_stm32f10x_hd.o(RESET) refers to stm32f10x_it.o(i.NMI_Handler) for NMI_Handler
    startup_stm32f10x_hd.o(RESET) refers to stm32f10x_it.o(i.HardFault_Handler) for HardFault_Handler
    startup_stm32f10x_hd.o(RESET) refers to stm32f10x_it.o(i.MemManage_Handler) for MemManage_Handler
    startup_stm32f10x_hd.o(RESET) refers to stm32f10x_it.o(i.BusFault_Handler) for BusFault_Handler
    startup_stm32f10x_hd.o(RESET) refers to stm32f10x_it.o(i.UsageFault_Handler) for UsageFault_Handler
    startup_stm32f10x_hd.o(RESET) refers to stm32f10x_it.o(i.SVC_Handler) for SVC_Handler
    startup_stm32f10x_hd.o(RESET) refers to stm32f10x_it.o(i.DebugMon_Handler) for DebugMon_Handler
    startup_stm32f10x_hd.o(RESET) refers to stm32f10x_it.o(i.PendSV_Handler) for PendSV_Handler
    startup_stm32f10x_hd.o(RESET) refers to stm32f10x_it.o(i.SysTick_Handler) for SysTick_Handler
    startup_stm32f10x_hd.o(RESET) refers to uart.o(i.USART1_IRQHandler) for USART1_IRQHandler
    startup_stm32f10x_hd.o(RESET) refers to uart.o(i.USART2_IRQHandler) for USART2_IRQHandler
    startup_stm32f10x_hd.o(RESET) refers to uart.o(i.USART3_IRQHandler) for USART3_IRQHandler
    startup_stm32f10x_hd.o(.text) refers to system_stm32f10x.o(i.SystemInit) for SystemInit
    startup_stm32f10x_hd.o(.text) refers to entry.o(.ARM.Collect$$$$00000000) for __main
    entry.o(.ARM.Collect$$$$00000000) refers (Special) to entry10a.o(.ARM.Collect$$$$0000000D) for __rt_final_cpp
    entry.o(.ARM.Collect$$$$00000000) refers (Special) to entry11a.o(.ARM.Collect$$$$0000000F) for __rt_final_exit
    entry.o(.ARM.Collect$$$$00000000) refers (Special) to entry7b.o(.ARM.Collect$$$$00000008) for _main_clock
    entry.o(.ARM.Collect$$$$00000000) refers (Special) to entry8b.o(.ARM.Collect$$$$0000000A) for _main_cpp_init
    entry.o(.ARM.Collect$$$$00000000) refers (Special) to entry9a.o(.ARM.Collect$$$$0000000B) for _main_init
    entry.o(.ARM.Collect$$$$00000000) refers (Special) to entry5.o(.ARM.Collect$$$$00000004) for _main_scatterload
    entry.o(.ARM.Collect$$$$00000000) refers (Special) to entry2.o(.ARM.Collect$$$$00000001) for _main_stk
    printfb.o(i.__0fprintf$bare) refers to printfb.o(i._printf_core) for _printf_core
    printfb.o(i.__0fprintf$bare) refers to uart.o(i.fputc) for fputc
    printfb.o(i.__0printf$bare) refers to printfb.o(i._printf_core) for _printf_core
    printfb.o(i.__0printf$bare) refers to uart.o(i.fputc) for fputc
    printfb.o(i.__0printf$bare) refers to stdout.o(.data) for __stdout
    printfb.o(i.__0snprintf$bare) refers to printfb.o(i._printf_core) for _printf_core
    printfb.o(i.__0snprintf$bare) refers to printfb.o(i._snputc) for _snputc
    printfb.o(i.__0sprintf$bare) refers to printfb.o(i._printf_core) for _printf_core
    printfb.o(i.__0sprintf$bare) refers to printfb.o(i._sputc) for _sputc
    printfb.o(i.__0vfprintf$bare) refers to printfb.o(i._printf_core) for _printf_core
    printfb.o(i.__0vfprintf$bare) refers to uart.o(i.fputc) for fputc
    printfb.o(i.__0vprintf$bare) refers to printfb.o(i._printf_core) for _printf_core
    printfb.o(i.__0vprintf$bare) refers to uart.o(i.fputc) for fputc
    printfb.o(i.__0vprintf$bare) refers to stdout.o(.data) for __stdout
    printfb.o(i.__0vsnprintf$bare) refers to printfb.o(i._printf_core) for _printf_core
    printfb.o(i.__0vsnprintf$bare) refers to printfb.o(i._snputc) for _snputc
    printfb.o(i.__0vsprintf$bare) refers to printfb.o(i._printf_core) for _printf_core
    printfb.o(i.__0vsprintf$bare) refers to printfb.o(i._sputc) for _sputc
    printf0.o(i.__0fprintf$0) refers to printf0.o(i._printf_core) for _printf_core
    printf0.o(i.__0fprintf$0) refers to uart.o(i.fputc) for fputc
    printf0.o(i.__0printf$0) refers to printf0.o(i._printf_core) for _printf_core
    printf0.o(i.__0printf$0) refers to uart.o(i.fputc) for fputc
    printf0.o(i.__0printf$0) refers to stdout.o(.data) for __stdout
    printf0.o(i.__0snprintf$0) refers to printf0.o(i._printf_core) for _printf_core
    printf0.o(i.__0snprintf$0) refers to printf0.o(i._snputc) for _snputc
    printf0.o(i.__0sprintf$0) refers to printf0.o(i._printf_core) for _printf_core
    printf0.o(i.__0sprintf$0) refers to printf0.o(i._sputc) for _sputc
    printf0.o(i.__0vfprintf$0) refers to printf0.o(i._printf_core) for _printf_core
    printf0.o(i.__0vfprintf$0) refers to uart.o(i.fputc) for fputc
    printf0.o(i.__0vprintf$0) refers to printf0.o(i._printf_core) for _printf_core
    printf0.o(i.__0vprintf$0) refers to uart.o(i.fputc) for fputc
    printf0.o(i.__0vprintf$0) refers to stdout.o(.data) for __stdout
    printf0.o(i.__0vsnprintf$0) refers to printf0.o(i._printf_core) for _printf_core
    printf0.o(i.__0vsnprintf$0) refers to printf0.o(i._snputc) for _snputc
    printf0.o(i.__0vsprintf$0) refers to printf0.o(i._printf_core) for _printf_core
    printf0.o(i.__0vsprintf$0) refers to printf0.o(i._sputc) for _sputc
    printf1.o(i.__0fprintf$1) refers to printf1.o(i._printf_core) for _printf_core
    printf1.o(i.__0fprintf$1) refers to uart.o(i.fputc) for fputc
    printf1.o(i.__0printf$1) refers to printf1.o(i._printf_core) for _printf_core
    printf1.o(i.__0printf$1) refers to uart.o(i.fputc) for fputc
    printf1.o(i.__0printf$1) refers to stdout.o(.data) for __stdout
    printf1.o(i.__0snprintf$1) refers to printf1.o(i._printf_core) for _printf_core
    printf1.o(i.__0snprintf$1) refers to printf1.o(i._snputc) for _snputc
    printf1.o(i.__0sprintf$1) refers to printf1.o(i._printf_core) for _printf_core
    printf1.o(i.__0sprintf$1) refers to printf1.o(i._sputc) for _sputc
    printf1.o(i.__0vfprintf$1) refers to printf1.o(i._printf_core) for _printf_core
    printf1.o(i.__0vfprintf$1) refers to uart.o(i.fputc) for fputc
    printf1.o(i.__0vprintf$1) refers to printf1.o(i._printf_core) for _printf_core
    printf1.o(i.__0vprintf$1) refers to uart.o(i.fputc) for fputc
    printf1.o(i.__0vprintf$1) refers to stdout.o(.data) for __stdout
    printf1.o(i.__0vsnprintf$1) refers to printf1.o(i._printf_core) for _printf_core
    printf1.o(i.__0vsnprintf$1) refers to printf1.o(i._snputc) for _snputc
    printf1.o(i.__0vsprintf$1) refers to printf1.o(i._printf_core) for _printf_core
    printf1.o(i.__0vsprintf$1) refers to printf1.o(i._sputc) for _sputc
    printf1.o(i._printf_core) refers to uidiv.o(.text) for __aeabi_uidivmod
    printf2.o(i.__0fprintf$2) refers to printf2.o(i._printf_core) for _printf_core
    printf2.o(i.__0fprintf$2) refers to uart.o(i.fputc) for fputc
    printf2.o(i.__0printf$2) refers to printf2.o(i._printf_core) for _printf_core
    printf2.o(i.__0printf$2) refers to uart.o(i.fputc) for fputc
    printf2.o(i.__0printf$2) refers to stdout.o(.data) for __stdout
    printf2.o(i.__0snprintf$2) refers to printf2.o(i._printf_core) for _printf_core
    printf2.o(i.__0snprintf$2) refers to printf2.o(i._snputc) for _snputc
    printf2.o(i.__0sprintf$2) refers to printf2.o(i._printf_core) for _printf_core
    printf2.o(i.__0sprintf$2) refers to printf2.o(i._sputc) for _sputc
    printf2.o(i.__0vfprintf$2) refers to printf2.o(i._printf_core) for _printf_core
    printf2.o(i.__0vfprintf$2) refers to uart.o(i.fputc) for fputc
    printf2.o(i.__0vprintf$2) refers to printf2.o(i._printf_core) for _printf_core
    printf2.o(i.__0vprintf$2) refers to uart.o(i.fputc) for fputc
    printf2.o(i.__0vprintf$2) refers to stdout.o(.data) for __stdout
    printf2.o(i.__0vsnprintf$2) refers to printf2.o(i._printf_core) for _printf_core
    printf2.o(i.__0vsnprintf$2) refers to printf2.o(i._snputc) for _snputc
    printf2.o(i.__0vsprintf$2) refers to printf2.o(i._printf_core) for _printf_core
    printf2.o(i.__0vsprintf$2) refers to printf2.o(i._sputc) for _sputc
    printf3.o(i.__0fprintf$3) refers to printf3.o(i._printf_core) for _printf_core
    printf3.o(i.__0fprintf$3) refers to uart.o(i.fputc) for fputc
    printf3.o(i.__0printf$3) refers to printf3.o(i._printf_core) for _printf_core
    printf3.o(i.__0printf$3) refers to uart.o(i.fputc) for fputc
    printf3.o(i.__0printf$3) refers to stdout.o(.data) for __stdout
    printf3.o(i.__0snprintf$3) refers to printf3.o(i._printf_core) for _printf_core
    printf3.o(i.__0snprintf$3) refers to printf3.o(i._snputc) for _snputc
    printf3.o(i.__0sprintf$3) refers to printf3.o(i._printf_core) for _printf_core
    printf3.o(i.__0sprintf$3) refers to printf3.o(i._sputc) for _sputc
    printf3.o(i.__0vfprintf$3) refers to printf3.o(i._printf_core) for _printf_core
    printf3.o(i.__0vfprintf$3) refers to uart.o(i.fputc) for fputc
    printf3.o(i.__0vprintf$3) refers to printf3.o(i._printf_core) for _printf_core
    printf3.o(i.__0vprintf$3) refers to uart.o(i.fputc) for fputc
    printf3.o(i.__0vprintf$3) refers to stdout.o(.data) for __stdout
    printf3.o(i.__0vsnprintf$3) refers to printf3.o(i._printf_core) for _printf_core
    printf3.o(i.__0vsnprintf$3) refers to printf3.o(i._snputc) for _snputc
    printf3.o(i.__0vsprintf$3) refers to printf3.o(i._printf_core) for _printf_core
    printf3.o(i.__0vsprintf$3) refers to printf3.o(i._sputc) for _sputc
    printf3.o(i._printf_core) refers to uidiv.o(.text) for __aeabi_uidivmod
    printf4.o(i.__0fprintf$4) refers to printf4.o(i._printf_core) for _printf_core
    printf4.o(i.__0fprintf$4) refers to uart.o(i.fputc) for fputc
    printf4.o(i.__0printf$4) refers to printf4.o(i._printf_core) for _printf_core
    printf4.o(i.__0printf$4) refers to uart.o(i.fputc) for fputc
    printf4.o(i.__0printf$4) refers to stdout.o(.data) for __stdout
    printf4.o(i.__0snprintf$4) refers to printf4.o(i._printf_core) for _printf_core
    printf4.o(i.__0snprintf$4) refers to printf4.o(i._snputc) for _snputc
    printf4.o(i.__0sprintf$4) refers to printf4.o(i._printf_core) for _printf_core
    printf4.o(i.__0sprintf$4) refers to printf4.o(i._sputc) for _sputc
    printf4.o(i.__0vfprintf$4) refers to printf4.o(i._printf_core) for _printf_core
    printf4.o(i.__0vfprintf$4) refers to uart.o(i.fputc) for fputc
    printf4.o(i.__0vprintf$4) refers to printf4.o(i._printf_core) for _printf_core
    printf4.o(i.__0vprintf$4) refers to uart.o(i.fputc) for fputc
    printf4.o(i.__0vprintf$4) refers to stdout.o(.data) for __stdout
    printf4.o(i.__0vsnprintf$4) refers to printf4.o(i._printf_core) for _printf_core
    printf4.o(i.__0vsnprintf$4) refers to printf4.o(i._snputc) for _snputc
    printf4.o(i.__0vsprintf$4) refers to printf4.o(i._printf_core) for _printf_core
    printf4.o(i.__0vsprintf$4) refers to printf4.o(i._sputc) for _sputc
    printf4.o(i._printf_core) refers to uldiv.o(.text) for __aeabi_uldivmod
    printf5.o(i.__0fprintf$5) refers to printf5.o(i._printf_core) for _printf_core
    printf5.o(i.__0fprintf$5) refers to uart.o(i.fputc) for fputc
    printf5.o(i.__0printf$5) refers to printf5.o(i._printf_core) for _printf_core
    printf5.o(i.__0printf$5) refers to uart.o(i.fputc) for fputc
    printf5.o(i.__0printf$5) refers to stdout.o(.data) for __stdout
    printf5.o(i.__0snprintf$5) refers to printf5.o(i._printf_core) for _printf_core
    printf5.o(i.__0snprintf$5) refers to printf5.o(i._snputc) for _snputc
    printf5.o(i.__0sprintf$5) refers to printf5.o(i._printf_core) for _printf_core
    printf5.o(i.__0sprintf$5) refers to printf5.o(i._sputc) for _sputc
    printf5.o(i.__0vfprintf$5) refers to printf5.o(i._printf_core) for _printf_core
    printf5.o(i.__0vfprintf$5) refers to uart.o(i.fputc) for fputc
    printf5.o(i.__0vprintf$5) refers to printf5.o(i._printf_core) for _printf_core
    printf5.o(i.__0vprintf$5) refers to uart.o(i.fputc) for fputc
    printf5.o(i.__0vprintf$5) refers to stdout.o(.data) for __stdout
    printf5.o(i.__0vsnprintf$5) refers to printf5.o(i._printf_core) for _printf_core
    printf5.o(i.__0vsnprintf$5) refers to printf5.o(i._snputc) for _snputc
    printf5.o(i.__0vsprintf$5) refers to printf5.o(i._printf_core) for _printf_core
    printf5.o(i.__0vsprintf$5) refers to printf5.o(i._sputc) for _sputc
    printf5.o(i._printf_core) refers to uldiv.o(.text) for __aeabi_uldivmod
    printf6.o(i.__0fprintf$6) refers to printf6.o(i._printf_core) for _printf_core
    printf6.o(i.__0fprintf$6) refers to uart.o(i.fputc) for fputc
    printf6.o(i.__0printf$6) refers to printf6.o(i._printf_core) for _printf_core
    printf6.o(i.__0printf$6) refers to uart.o(i.fputc) for fputc
    printf6.o(i.__0printf$6) refers to stdout.o(.data) for __stdout
    printf6.o(i.__0snprintf$6) refers to printf6.o(i._printf_core) for _printf_core
    printf6.o(i.__0snprintf$6) refers to printf6.o(i._snputc) for _snputc
    printf6.o(i.__0sprintf$6) refers to printf6.o(i._printf_core) for _printf_core
    printf6.o(i.__0sprintf$6) refers to printf6.o(i._sputc) for _sputc
    printf6.o(i.__0vfprintf$6) refers to printf6.o(i._printf_core) for _printf_core
    printf6.o(i.__0vfprintf$6) refers to uart.o(i.fputc) for fputc
    printf6.o(i.__0vprintf$6) refers to printf6.o(i._printf_core) for _printf_core
    printf6.o(i.__0vprintf$6) refers to uart.o(i.fputc) for fputc
    printf6.o(i.__0vprintf$6) refers to stdout.o(.data) for __stdout
    printf6.o(i.__0vsnprintf$6) refers to printf6.o(i._printf_core) for _printf_core
    printf6.o(i.__0vsnprintf$6) refers to printf6.o(i._snputc) for _snputc
    printf6.o(i.__0vsprintf$6) refers to printf6.o(i._printf_core) for _printf_core
    printf6.o(i.__0vsprintf$6) refers to printf6.o(i._sputc) for _sputc
    printf6.o(i._printf_core) refers to printf6.o(i._printf_pre_padding) for _printf_pre_padding
    printf6.o(i._printf_core) refers to uidiv.o(.text) for __aeabi_uidivmod
    printf6.o(i._printf_core) refers to printf6.o(i._printf_post_padding) for _printf_post_padding
    printf7.o(i.__0fprintf$7) refers to printf7.o(i._printf_core) for _printf_core
    printf7.o(i.__0fprintf$7) refers to uart.o(i.fputc) for fputc
    printf7.o(i.__0printf$7) refers to printf7.o(i._printf_core) for _printf_core
    printf7.o(i.__0printf$7) refers to uart.o(i.fputc) for fputc
    printf7.o(i.__0printf$7) refers to stdout.o(.data) for __stdout
    printf7.o(i.__0snprintf$7) refers to printf7.o(i._printf_core) for _printf_core
    printf7.o(i.__0snprintf$7) refers to printf7.o(i._snputc) for _snputc
    printf7.o(i.__0sprintf$7) refers to printf7.o(i._printf_core) for _printf_core
    printf7.o(i.__0sprintf$7) refers to printf7.o(i._sputc) for _sputc
    printf7.o(i.__0vfprintf$7) refers to printf7.o(i._printf_core) for _printf_core
    printf7.o(i.__0vfprintf$7) refers to uart.o(i.fputc) for fputc
    printf7.o(i.__0vprintf$7) refers to printf7.o(i._printf_core) for _printf_core
    printf7.o(i.__0vprintf$7) refers to uart.o(i.fputc) for fputc
    printf7.o(i.__0vprintf$7) refers to stdout.o(.data) for __stdout
    printf7.o(i.__0vsnprintf$7) refers to printf7.o(i._printf_core) for _printf_core
    printf7.o(i.__0vsnprintf$7) refers to printf7.o(i._snputc) for _snputc
    printf7.o(i.__0vsprintf$7) refers to printf7.o(i._printf_core) for _printf_core
    printf7.o(i.__0vsprintf$7) refers to printf7.o(i._sputc) for _sputc
    printf7.o(i._printf_core) refers to printf7.o(i._printf_pre_padding) for _printf_pre_padding
    printf7.o(i._printf_core) refers to uldiv.o(.text) for __aeabi_uldivmod
    printf7.o(i._printf_core) refers to printf7.o(i._printf_post_padding) for _printf_post_padding
    printf8.o(i.__0fprintf$8) refers to printf8.o(i._printf_core) for _printf_core
    printf8.o(i.__0fprintf$8) refers to uart.o(i.fputc) for fputc
    printf8.o(i.__0printf$8) refers to printf8.o(i._printf_core) for _printf_core
    printf8.o(i.__0printf$8) refers to uart.o(i.fputc) for fputc
    printf8.o(i.__0printf$8) refers to stdout.o(.data) for __stdout
    printf8.o(i.__0snprintf$8) refers to printf8.o(i._printf_core) for _printf_core
    printf8.o(i.__0snprintf$8) refers to printf8.o(i._snputc) for _snputc
    printf8.o(i.__0sprintf$8) refers to printf8.o(i._printf_core) for _printf_core
    printf8.o(i.__0sprintf$8) refers to printf8.o(i._sputc) for _sputc
    printf8.o(i.__0vfprintf$8) refers to printf8.o(i._printf_core) for _printf_core
    printf8.o(i.__0vfprintf$8) refers to uart.o(i.fputc) for fputc
    printf8.o(i.__0vprintf$8) refers to printf8.o(i._printf_core) for _printf_core
    printf8.o(i.__0vprintf$8) refers to uart.o(i.fputc) for fputc
    printf8.o(i.__0vprintf$8) refers to stdout.o(.data) for __stdout
    printf8.o(i.__0vsnprintf$8) refers to printf8.o(i._printf_core) for _printf_core
    printf8.o(i.__0vsnprintf$8) refers to printf8.o(i._snputc) for _snputc
    printf8.o(i.__0vsprintf$8) refers to printf8.o(i._printf_core) for _printf_core
    printf8.o(i.__0vsprintf$8) refers to printf8.o(i._sputc) for _sputc
    printf8.o(i._printf_core) refers to printf8.o(i._printf_pre_padding) for _printf_pre_padding
    printf8.o(i._printf_core) refers to uldiv.o(.text) for __aeabi_uldivmod
    printf8.o(i._printf_core) refers to printf8.o(i._printf_post_padding) for _printf_post_padding
    printfa.o(i.__0fprintf) refers (Special) to iusefp.o(.text) for __I$use$fp
    printfa.o(i.__0fprintf) refers to printfa.o(i._printf_core) for _printf_core
    printfa.o(i.__0fprintf) refers to uart.o(i.fputc) for fputc
    printfa.o(i.__0printf) refers (Special) to iusefp.o(.text) for __I$use$fp
    printfa.o(i.__0printf) refers to printfa.o(i._printf_core) for _printf_core
    printfa.o(i.__0printf) refers to uart.o(i.fputc) for fputc
    printfa.o(i.__0printf) refers to stdout.o(.data) for __stdout
    printfa.o(i.__0snprintf) refers (Special) to iusefp.o(.text) for __I$use$fp
    printfa.o(i.__0snprintf) refers to printfa.o(i._printf_core) for _printf_core
    printfa.o(i.__0snprintf) refers to printfa.o(i._snputc) for _snputc
    printfa.o(i.__0sprintf) refers (Special) to iusefp.o(.text) for __I$use$fp
    printfa.o(i.__0sprintf) refers to printfa.o(i._printf_core) for _printf_core
    printfa.o(i.__0sprintf) refers to printfa.o(i._sputc) for _sputc
    printfa.o(i.__0vfprintf) refers (Special) to iusefp.o(.text) for __I$use$fp
    printfa.o(i.__0vfprintf) refers to printfa.o(i._printf_core) for _printf_core
    printfa.o(i.__0vfprintf) refers to uart.o(i.fputc) for fputc
    printfa.o(i.__0vprintf) refers (Special) to iusefp.o(.text) for __I$use$fp
    printfa.o(i.__0vprintf) refers to printfa.o(i._printf_core) for _printf_core
    printfa.o(i.__0vprintf) refers to uart.o(i.fputc) for fputc
    printfa.o(i.__0vprintf) refers to stdout.o(.data) for __stdout
    printfa.o(i.__0vsnprintf) refers (Special) to iusefp.o(.text) for __I$use$fp
    printfa.o(i.__0vsnprintf) refers to printfa.o(i._printf_core) for _printf_core
    printfa.o(i.__0vsnprintf) refers to printfa.o(i._snputc) for _snputc
    printfa.o(i.__0vsprintf) refers (Special) to iusefp.o(.text) for __I$use$fp
    printfa.o(i.__0vsprintf) refers to printfa.o(i._printf_core) for _printf_core
    printfa.o(i.__0vsprintf) refers to printfa.o(i._sputc) for _sputc
    printfa.o(i._fp_digits) refers (Special) to iusefp.o(.text) for __I$use$fp
    printfa.o(i._fp_digits) refers to dmul.o(.text) for __aeabi_dmul
    printfa.o(i._fp_digits) refers to ddiv.o(.text) for __aeabi_ddiv
    printfa.o(i._fp_digits) refers to cdrcmple.o(.text) for __aeabi_cdrcmple
    printfa.o(i._fp_digits) refers to dadd.o(.text) for __aeabi_dadd
    printfa.o(i._fp_digits) refers to dfixul.o(.text) for __aeabi_d2ulz
    printfa.o(i._fp_digits) refers to uldiv.o(.text) for __aeabi_uldivmod
    printfa.o(i._printf_core) refers (Special) to iusefp.o(.text) for __I$use$fp
    printfa.o(i._printf_core) refers to printfa.o(i._printf_pre_padding) for _printf_pre_padding
    printfa.o(i._printf_core) refers to uldiv.o(.text) for __aeabi_uldivmod
    printfa.o(i._printf_core) refers to printfa.o(i._printf_post_padding) for _printf_post_padding
    printfa.o(i._printf_core) refers to printfa.o(i._fp_digits) for _fp_digits
    printfa.o(i._printf_core) refers to uidiv.o(.text) for __aeabi_uidivmod
    printfa.o(i._printf_post_padding) refers (Special) to iusefp.o(.text) for __I$use$fp
    printfa.o(i._printf_pre_padding) refers (Special) to iusefp.o(.text) for __I$use$fp
    printfa.o(i._snputc) refers (Special) to iusefp.o(.text) for __I$use$fp
    printfa.o(i._sputc) refers (Special) to iusefp.o(.text) for __I$use$fp
    entry2.o(.ARM.Collect$$$$00000001) refers to entry2.o(.ARM.Collect$$$$00002712) for __lit__00000000
    entry2.o(.ARM.Collect$$$$00002712) refers to startup_stm32f10x_hd.o(STACK) for __initial_sp
    entry2.o(__vectab_stack_and_reset_area) refers to startup_stm32f10x_hd.o(STACK) for __initial_sp
    entry2.o(__vectab_stack_and_reset_area) refers to entry.o(.ARM.Collect$$$$00000000) for __main
    entry5.o(.ARM.Collect$$$$00000004) refers to init.o(.text) for __scatterload
    entry9a.o(.ARM.Collect$$$$0000000B) refers to main.o(i.main) for main
    entry9b.o(.ARM.Collect$$$$0000000C) refers to main.o(i.main) for main
    uldiv.o(.text) refers to llushr.o(.text) for __aeabi_llsr
    uldiv.o(.text) refers to llshl.o(.text) for __aeabi_llsl
    dadd.o(.text) refers to llshl.o(.text) for __aeabi_llsl
    dadd.o(.text) refers to llsshr.o(.text) for __aeabi_lasr
    dadd.o(.text) refers to depilogue.o(.text) for _double_epilogue
    dmul.o(.text) refers to depilogue.o(.text) for _double_epilogue
    ddiv.o(.text) refers to depilogue.o(.text) for _double_round
    dfixul.o(.text) refers to llushr.o(.text) for __aeabi_llsr
    dfixul.o(.text) refers to llshl.o(.text) for __aeabi_llsl
    init.o(.text) refers to entry5.o(.ARM.Collect$$$$00000004) for __main_after_scatterload
    depilogue.o(.text) refers to llshl.o(.text) for __aeabi_llsl
    depilogue.o(.text) refers to llushr.o(.text) for __aeabi_llsr


==============================================================================

Removing Unused input sections from the image.

    Removing bsp_i2c_gpio.o(i.i2c_Ack), (48 bytes).
    Removing bsp_i2c_gpio.o(i.i2c_NAck), (40 bytes).
    Removing bsp_i2c_gpio.o(i.i2c_ReadByte), (68 bytes).
    Removing delay.o(i.Delay_us), (32 bytes).
    Removing oled_i2c.o(i.OLED_CLS), (10 bytes).
    Removing oled_i2c.o(i.OLED_CheckDevice), (28 bytes).
    Removing oled_i2c.o(i.OLED_DrawBMP), (116 bytes).
    Removing oled_i2c.o(i.OLED_OFF), (22 bytes).
    Removing oled_i2c.o(i.OLED_ON), (22 bytes).
    Removing oled_i2c.o(i.OLED_Refresh_Gram), (76 bytes).
    Removing oled_i2c.o(i.OLED_ShowCN), (84 bytes).
    Removing oled_i2c.o(i.OLED_ShowCN1), (84 bytes).
    Removing oled_i2c.o(i.OLED_Test), (20 bytes).
    Removing oled_i2c.o(.bss), (1024 bytes).
    Removing oled_i2c.o(.data), (1088 bytes).
    Removing sx1278.o(i.transmitPackets), (152 bytes).
    Removing sys.o(i.NVIC_Configuration), (12 bytes).
    Removing sys.o(i.inttohex), (104 bytes).
    Removing uart.o(i.sendByte), (38 bytes).
    Removing uart.o(i.sendString), (26 bytes).
    Removing misc.o(i.NVIC_Init), (112 bytes).
    Removing misc.o(i.NVIC_PriorityGroupConfig), (20 bytes).
    Removing misc.o(i.NVIC_SetVectorTable), (20 bytes).
    Removing misc.o(i.NVIC_SystemLPConfig), (32 bytes).
    Removing stm32f10x_adc.o(i.ADC_AnalogWatchdogCmd), (20 bytes).
    Removing stm32f10x_adc.o(i.ADC_AnalogWatchdogSingleChannelConfig), (16 bytes).
    Removing stm32f10x_adc.o(i.ADC_AnalogWatchdogThresholdsConfig), (6 bytes).
    Removing stm32f10x_adc.o(i.ADC_AutoInjectedConvCmd), (22 bytes).
    Removing stm32f10x_adc.o(i.ADC_ClearFlag), (6 bytes).
    Removing stm32f10x_adc.o(i.ADC_ClearITPendingBit), (10 bytes).
    Removing stm32f10x_adc.o(i.ADC_Cmd), (22 bytes).
    Removing stm32f10x_adc.o(i.ADC_DMACmd), (22 bytes).
    Removing stm32f10x_adc.o(i.ADC_DeInit), (92 bytes).
    Removing stm32f10x_adc.o(i.ADC_DiscModeChannelCountConfig), (24 bytes).
    Removing stm32f10x_adc.o(i.ADC_DiscModeCmd), (22 bytes).
    Removing stm32f10x_adc.o(i.ADC_ExternalTrigConvCmd), (22 bytes).
    Removing stm32f10x_adc.o(i.ADC_ExternalTrigInjectedConvCmd), (22 bytes).
    Removing stm32f10x_adc.o(i.ADC_ExternalTrigInjectedConvConfig), (16 bytes).
    Removing stm32f10x_adc.o(i.ADC_GetCalibrationStatus), (20 bytes).
    Removing stm32f10x_adc.o(i.ADC_GetConversionValue), (8 bytes).
    Removing stm32f10x_adc.o(i.ADC_GetDualModeConversionValue), (12 bytes).
    Removing stm32f10x_adc.o(i.ADC_GetFlagStatus), (18 bytes).
    Removing stm32f10x_adc.o(i.ADC_GetITStatus), (36 bytes).
    Removing stm32f10x_adc.o(i.ADC_GetInjectedConversionValue), (28 bytes).
    Removing stm32f10x_adc.o(i.ADC_GetResetCalibrationStatus), (20 bytes).
    Removing stm32f10x_adc.o(i.ADC_GetSoftwareStartConvStatus), (20 bytes).
    Removing stm32f10x_adc.o(i.ADC_GetSoftwareStartInjectedConvCmdStatus), (20 bytes).
    Removing stm32f10x_adc.o(i.ADC_ITConfig), (24 bytes).
    Removing stm32f10x_adc.o(i.ADC_Init), (80 bytes).
    Removing stm32f10x_adc.o(i.ADC_InjectedChannelConfig), (130 bytes).
    Removing stm32f10x_adc.o(i.ADC_InjectedDiscModeCmd), (22 bytes).
    Removing stm32f10x_adc.o(i.ADC_InjectedSequencerLengthConfig), (24 bytes).
    Removing stm32f10x_adc.o(i.ADC_RegularChannelConfig), (184 bytes).
    Removing stm32f10x_adc.o(i.ADC_ResetCalibration), (10 bytes).
    Removing stm32f10x_adc.o(i.ADC_SetInjectedOffset), (20 bytes).
    Removing stm32f10x_adc.o(i.ADC_SoftwareStartConvCmd), (22 bytes).
    Removing stm32f10x_adc.o(i.ADC_SoftwareStartInjectedConvCmd), (22 bytes).
    Removing stm32f10x_adc.o(i.ADC_StartCalibration), (10 bytes).
    Removing stm32f10x_adc.o(i.ADC_StructInit), (18 bytes).
    Removing stm32f10x_adc.o(i.ADC_TempSensorVrefintCmd), (36 bytes).
    Removing stm32f10x_gpio.o(i.GPIO_AFIODeInit), (20 bytes).
    Removing stm32f10x_gpio.o(i.GPIO_DeInit), (200 bytes).
    Removing stm32f10x_gpio.o(i.GPIO_ETH_MediaInterfaceConfig), (12 bytes).
    Removing stm32f10x_gpio.o(i.GPIO_EXTILineConfig), (64 bytes).
    Removing stm32f10x_gpio.o(i.GPIO_EventOutputCmd), (12 bytes).
    Removing stm32f10x_gpio.o(i.GPIO_EventOutputConfig), (32 bytes).
    Removing stm32f10x_gpio.o(i.GPIO_PinLockConfig), (18 bytes).
    Removing stm32f10x_gpio.o(i.GPIO_PinRemapConfig), (144 bytes).
    Removing stm32f10x_gpio.o(i.GPIO_ReadInputData), (8 bytes).
    Removing stm32f10x_gpio.o(i.GPIO_ReadInputDataBit), (18 bytes).
    Removing stm32f10x_gpio.o(i.GPIO_ReadOutputData), (8 bytes).
    Removing stm32f10x_gpio.o(i.GPIO_ReadOutputDataBit), (18 bytes).
    Removing stm32f10x_gpio.o(i.GPIO_StructInit), (16 bytes).
    Removing stm32f10x_gpio.o(i.GPIO_Write), (4 bytes).
    Removing stm32f10x_gpio.o(i.GPIO_WriteBit), (10 bytes).
    Removing stm32f10x_rcc.o(i.RCC_ADCCLKConfig), (24 bytes).
    Removing stm32f10x_rcc.o(i.RCC_AHBPeriphClockCmd), (32 bytes).
    Removing stm32f10x_rcc.o(i.RCC_APB1PeriphResetCmd), (32 bytes).
    Removing stm32f10x_rcc.o(i.RCC_APB2PeriphResetCmd), (32 bytes).
    Removing stm32f10x_rcc.o(i.RCC_AdjustHSICalibrationValue), (24 bytes).
    Removing stm32f10x_rcc.o(i.RCC_BackupResetCmd), (12 bytes).
    Removing stm32f10x_rcc.o(i.RCC_ClearFlag), (20 bytes).
    Removing stm32f10x_rcc.o(i.RCC_ClearITPendingBit), (12 bytes).
    Removing stm32f10x_rcc.o(i.RCC_ClockSecuritySystemCmd), (12 bytes).
    Removing stm32f10x_rcc.o(i.RCC_DeInit), (76 bytes).
    Removing stm32f10x_rcc.o(i.RCC_GetFlagStatus), (60 bytes).
    Removing stm32f10x_rcc.o(i.RCC_GetITStatus), (24 bytes).
    Removing stm32f10x_rcc.o(i.RCC_GetSYSCLKSource), (16 bytes).
    Removing stm32f10x_rcc.o(i.RCC_HCLKConfig), (24 bytes).
    Removing stm32f10x_rcc.o(i.RCC_HSEConfig), (76 bytes).
    Removing stm32f10x_rcc.o(i.RCC_HSICmd), (12 bytes).
    Removing stm32f10x_rcc.o(i.RCC_ITConfig), (32 bytes).
    Removing stm32f10x_rcc.o(i.RCC_LSEConfig), (52 bytes).
    Removing stm32f10x_rcc.o(i.RCC_LSICmd), (12 bytes).
    Removing stm32f10x_rcc.o(i.RCC_MCOConfig), (12 bytes).
    Removing stm32f10x_rcc.o(i.RCC_PCLK1Config), (24 bytes).
    Removing stm32f10x_rcc.o(i.RCC_PCLK2Config), (24 bytes).
    Removing stm32f10x_rcc.o(i.RCC_PLLCmd), (12 bytes).
    Removing stm32f10x_rcc.o(i.RCC_PLLConfig), (28 bytes).
    Removing stm32f10x_rcc.o(i.RCC_RTCCLKCmd), (12 bytes).
    Removing stm32f10x_rcc.o(i.RCC_RTCCLKConfig), (16 bytes).
    Removing stm32f10x_rcc.o(i.RCC_SYSCLKConfig), (24 bytes).
    Removing stm32f10x_rcc.o(i.RCC_USBCLKConfig), (12 bytes).
    Removing stm32f10x_rcc.o(i.RCC_WaitForHSEStartUp), (56 bytes).
    Removing stm32f10x_spi.o(i.I2S_Cmd), (24 bytes).
    Removing stm32f10x_spi.o(i.I2S_Init), (232 bytes).
    Removing stm32f10x_spi.o(i.I2S_StructInit), (20 bytes).
    Removing stm32f10x_spi.o(i.SPI_BiDirectionalLineConfig), (28 bytes).
    Removing stm32f10x_spi.o(i.SPI_CalculateCRC), (24 bytes).
    Removing stm32f10x_spi.o(i.SPI_DataSizeConfig), (18 bytes).
    Removing stm32f10x_spi.o(i.SPI_GetCRC), (16 bytes).
    Removing stm32f10x_spi.o(i.SPI_GetCRCPolynomial), (6 bytes).
    Removing stm32f10x_spi.o(i.SPI_I2S_ClearITPendingBit), (20 bytes).
    Removing stm32f10x_spi.o(i.SPI_I2S_DMACmd), (18 bytes).
    Removing stm32f10x_spi.o(i.SPI_I2S_DeInit), (88 bytes).
    Removing stm32f10x_spi.o(i.SPI_I2S_GetITStatus), (52 bytes).
    Removing stm32f10x_spi.o(i.SPI_I2S_ITConfig), (32 bytes).
    Removing stm32f10x_spi.o(i.SPI_NSSInternalSoftwareConfig), (30 bytes).
    Removing stm32f10x_spi.o(i.SPI_SSOutputCmd), (24 bytes).
    Removing stm32f10x_spi.o(i.SPI_StructInit), (24 bytes).
    Removing stm32f10x_spi.o(i.SPI_TransmitCRC), (10 bytes).
    Removing stm32f10x_usart.o(i.USART_ClearITPendingBit), (30 bytes).
    Removing stm32f10x_usart.o(i.USART_ClockInit), (34 bytes).
    Removing stm32f10x_usart.o(i.USART_ClockStructInit), (12 bytes).
    Removing stm32f10x_usart.o(i.USART_DMACmd), (18 bytes).
    Removing stm32f10x_usart.o(i.USART_DeInit), (156 bytes).
    Removing stm32f10x_usart.o(i.USART_GetITStatus), (84 bytes).
    Removing stm32f10x_usart.o(i.USART_HalfDuplexCmd), (24 bytes).
    Removing stm32f10x_usart.o(i.USART_IrDACmd), (24 bytes).
    Removing stm32f10x_usart.o(i.USART_IrDAConfig), (18 bytes).
    Removing stm32f10x_usart.o(i.USART_LINBreakDetectLengthConfig), (18 bytes).
    Removing stm32f10x_usart.o(i.USART_LINCmd), (24 bytes).
    Removing stm32f10x_usart.o(i.USART_OneBitMethodCmd), (24 bytes).
    Removing stm32f10x_usart.o(i.USART_OverSampling8Cmd), (22 bytes).
    Removing stm32f10x_usart.o(i.USART_ReceiveData), (10 bytes).
    Removing stm32f10x_usart.o(i.USART_ReceiverWakeUpCmd), (24 bytes).
    Removing stm32f10x_usart.o(i.USART_SendBreak), (10 bytes).
    Removing stm32f10x_usart.o(i.USART_SetAddress), (18 bytes).
    Removing stm32f10x_usart.o(i.USART_SetGuardTime), (16 bytes).
    Removing stm32f10x_usart.o(i.USART_SetPrescaler), (16 bytes).
    Removing stm32f10x_usart.o(i.USART_SmartCardCmd), (24 bytes).
    Removing stm32f10x_usart.o(i.USART_SmartCardNACKCmd), (24 bytes).
    Removing stm32f10x_usart.o(i.USART_StructInit), (24 bytes).
    Removing stm32f10x_usart.o(i.USART_WakeUpConfig), (18 bytes).
    Removing core_cm3.o(.emb_text), (32 bytes).
    Removing system_stm32f10x.o(i.SystemCoreClockUpdate), (164 bytes).
    Removing system_stm32f10x.o(.data), (20 bytes).
    Removing startup_stm32f10x_hd.o(HEAP), (512 bytes).
    Removing dadd.o(.text), (334 bytes).
    Removing dmul.o(.text), (228 bytes).
    Removing ddiv.o(.text), (222 bytes).
    Removing dfixul.o(.text), (48 bytes).
    Removing cdrcmple.o(.text), (48 bytes).
    Removing depilogue.o(.text), (186 bytes).

154 unused section(s) (total 8904 bytes) removed from the image.

==============================================================================

Image Symbol Table

    Local Symbols

    Symbol Name                              Value     Ov Type        Size  Object(Section)

    ../clib/microlib/division.c              0x00000000   Number         0  uidiv.o ABSOLUTE
    ../clib/microlib/division.c              0x00000000   Number         0  uldiv.o ABSOLUTE
    ../clib/microlib/init/entry.s            0x00000000   Number         0  entry5.o ABSOLUTE
    ../clib/microlib/init/entry.s            0x00000000   Number         0  entry9a.o ABSOLUTE
    ../clib/microlib/init/entry.s            0x00000000   Number         0  entry8b.o ABSOLUTE
    ../clib/microlib/init/entry.s            0x00000000   Number         0  entry8a.o ABSOLUTE
    ../clib/microlib/init/entry.s            0x00000000   Number         0  entry7b.o ABSOLUTE
    ../clib/microlib/init/entry.s            0x00000000   Number         0  entry7a.o ABSOLUTE
    ../clib/microlib/init/entry.s            0x00000000   Number         0  entry9b.o ABSOLUTE
    ../clib/microlib/init/entry.s            0x00000000   Number         0  entry2.o ABSOLUTE
    ../clib/microlib/init/entry.s            0x00000000   Number         0  entry11b.o ABSOLUTE
    ../clib/microlib/init/entry.s            0x00000000   Number         0  entry10a.o ABSOLUTE
    ../clib/microlib/init/entry.s            0x00000000   Number         0  entry10b.o ABSOLUTE
    ../clib/microlib/init/entry.s            0x00000000   Number         0  entry.o ABSOLUTE
    ../clib/microlib/init/entry.s            0x00000000   Number         0  entry11a.o ABSOLUTE
    ../clib/microlib/longlong.c              0x00000000   Number         0  llshl.o ABSOLUTE
    ../clib/microlib/longlong.c              0x00000000   Number         0  llushr.o ABSOLUTE
    ../clib/microlib/longlong.c              0x00000000   Number         0  llsshr.o ABSOLUTE
    ../clib/microlib/printf/printf.c         0x00000000   Number         0  printfb.o ABSOLUTE
    ../clib/microlib/printf/printf.c         0x00000000   Number         0  printfa.o ABSOLUTE
    ../clib/microlib/printf/printf.c         0x00000000   Number         0  printf7.o ABSOLUTE
    ../clib/microlib/printf/printf.c         0x00000000   Number         0  printf6.o ABSOLUTE
    ../clib/microlib/printf/printf.c         0x00000000   Number         0  printf5.o ABSOLUTE
    ../clib/microlib/printf/printf.c         0x00000000   Number         0  printf4.o ABSOLUTE
    ../clib/microlib/printf/printf.c         0x00000000   Number         0  printf1.o ABSOLUTE
    ../clib/microlib/printf/printf.c         0x00000000   Number         0  printf3.o ABSOLUTE
    ../clib/microlib/printf/printf.c         0x00000000   Number         0  printf2.o ABSOLUTE
    ../clib/microlib/printf/printf.c         0x00000000   Number         0  printf8.o ABSOLUTE
    ../clib/microlib/printf/printf.c         0x00000000   Number         0  printf0.o ABSOLUTE
    ../clib/microlib/printf/stubs.s          0x00000000   Number         0  stubs.o ABSOLUTE
    ../clib/microlib/stdio/streams.c         0x00000000   Number         0  stdout.o ABSOLUTE
    ../clib/microlib/stubs.s                 0x00000000   Number         0  iusefp.o ABSOLUTE
    ../fplib/microlib/fpadd.c                0x00000000   Number         0  dadd.o ABSOLUTE
    ../fplib/microlib/fpdiv.c                0x00000000   Number         0  ddiv.o ABSOLUTE
    ../fplib/microlib/fpepilogue.c           0x00000000   Number         0  depilogue.o ABSOLUTE
    ../fplib/microlib/fpfix.c                0x00000000   Number         0  dfixul.o ABSOLUTE
    ../fplib/microlib/fpmul.c                0x00000000   Number         0  dmul.o ABSOLUTE
    ..\CMSIS\core_cm3.c                      0x00000000   Number         0  core_cm3.o ABSOLUTE
    ..\CMSIS\startup\startup_stm32f10x_hd.s  0x00000000   Number         0  startup_stm32f10x_hd.o ABSOLUTE
    ..\CMSIS\system_stm32f10x.c              0x00000000   Number         0  system_stm32f10x.o ABSOLUTE
    ..\DRIVER\src\Delay.c                    0x00000000   Number         0  delay.o ABSOLUTE
    ..\DRIVER\src\OLED_I2C.c                 0x00000000   Number         0  oled_i2c.o ABSOLUTE
    ..\DRIVER\src\SPIx.c                     0x00000000   Number         0  spix.o ABSOLUTE
    ..\DRIVER\src\SX1278.c                   0x00000000   Number         0  sx1278.o ABSOLUTE
    ..\DRIVER\src\bsp_i2c_gpio.c             0x00000000   Number         0  bsp_i2c_gpio.o ABSOLUTE
    ..\DRIVER\src\led.c                      0x00000000   Number         0  led.o ABSOLUTE
    ..\DRIVER\src\sys.c                      0x00000000   Number         0  sys.o ABSOLUTE
    ..\DRIVER\src\uart.c                     0x00000000   Number         0  uart.o ABSOLUTE
    ..\STLibraries\src\misc.c                0x00000000   Number         0  misc.o ABSOLUTE
    ..\STLibraries\src\stm32f10x_adc.c       0x00000000   Number         0  stm32f10x_adc.o ABSOLUTE
    ..\STLibraries\src\stm32f10x_gpio.c      0x00000000   Number         0  stm32f10x_gpio.o ABSOLUTE
    ..\STLibraries\src\stm32f10x_rcc.c       0x00000000   Number         0  stm32f10x_rcc.o ABSOLUTE
    ..\STLibraries\src\stm32f10x_spi.c       0x00000000   Number         0  stm32f10x_spi.o ABSOLUTE
    ..\STLibraries\src\stm32f10x_usart.c     0x00000000   Number         0  stm32f10x_usart.o ABSOLUTE
    ..\USR\main.c                            0x00000000   Number         0  main.o ABSOLUTE
    ..\USR\stm32f10x_it.c                    0x00000000   Number         0  stm32f10x_it.o ABSOLUTE
    ..\\CMSIS\\core_cm3.c                    0x00000000   Number         0  core_cm3.o ABSOLUTE
    cdrcmple.s                               0x00000000   Number         0  cdrcmple.o ABSOLUTE
    dc.s                                     0x00000000   Number         0  dc.o ABSOLUTE
    handlers.s                               0x00000000   Number         0  handlers.o ABSOLUTE
    init.s                                   0x00000000   Number         0  init.o ABSOLUTE
    RESET                                    0x08000000   Section      304  startup_stm32f10x_hd.o(RESET)
    .ARM.Collect$$$$00000000                 0x08000130   Section        0  entry.o(.ARM.Collect$$$$00000000)
    .ARM.Collect$$$$00000001                 0x08000130   Section        4  entry2.o(.ARM.Collect$$$$00000001)
    .ARM.Collect$$$$00000004                 0x08000134   Section        4  entry5.o(.ARM.Collect$$$$00000004)
    .ARM.Collect$$$$00000008                 0x08000138   Section        0  entry7b.o(.ARM.Collect$$$$00000008)
    .ARM.Collect$$$$0000000A                 0x08000138   Section        0  entry8b.o(.ARM.Collect$$$$0000000A)
    .ARM.Collect$$$$0000000B                 0x08000138   Section        8  entry9a.o(.ARM.Collect$$$$0000000B)
    .ARM.Collect$$$$0000000D                 0x08000140   Section        0  entry10a.o(.ARM.Collect$$$$0000000D)
    .ARM.Collect$$$$0000000F                 0x08000140   Section        0  entry11a.o(.ARM.Collect$$$$0000000F)
    .ARM.Collect$$$$00002712                 0x08000140   Section        4  entry2.o(.ARM.Collect$$$$00002712)
    __lit__00000000                          0x08000140   Data           4  entry2.o(.ARM.Collect$$$$00002712)
    .text                                    0x08000144   Section       36  startup_stm32f10x_hd.o(.text)
    .text                                    0x08000168   Section        0  uidiv.o(.text)
    .text                                    0x08000194   Section       36  init.o(.text)
    i.BusFault_Handler                       0x080001b8   Section        0  stm32f10x_it.o(i.BusFault_Handler)
    i.DebugMon_Handler                       0x080001bc   Section        0  stm32f10x_it.o(i.DebugMon_Handler)
    i.Delay_ms                               0x080001be   Section        0  delay.o(i.Delay_ms)
    i.GPIO_Init                              0x080001e8   Section        0  stm32f10x_gpio.o(i.GPIO_Init)
    i.GPIO_ResetBits                         0x080002fe   Section        0  stm32f10x_gpio.o(i.GPIO_ResetBits)
    i.GPIO_SetBits                           0x08000302   Section        0  stm32f10x_gpio.o(i.GPIO_SetBits)
    i.HardFault_Handler                      0x08000306   Section        0  stm32f10x_it.o(i.HardFault_Handler)
    i.I2C_WriteByte                          0x0800030a   Section        0  oled_i2c.o(i.I2C_WriteByte)
    i.LED_Init                               0x0800034c   Section        0  led.o(i.LED_Init)
    i.MemManage_Handler                      0x08000380   Section        0  stm32f10x_it.o(i.MemManage_Handler)
    i.NMI_Handler                            0x08000384   Section        0  stm32f10x_it.o(i.NMI_Handler)
    i.OLED_Fill                              0x08000386   Section        0  oled_i2c.o(i.OLED_Fill)
    i.OLED_Init                              0x080003c0   Section        0  oled_i2c.o(i.OLED_Init)
    i.OLED_SetPos                            0x08000474   Section        0  oled_i2c.o(i.OLED_SetPos)
    i.OLED_ShowStr                           0x0800049c   Section        0  oled_i2c.o(i.OLED_ShowStr)
    i.PendSV_Handler                         0x08000588   Section        0  stm32f10x_it.o(i.PendSV_Handler)
    i.RCC_APB1PeriphClockCmd                 0x0800058c   Section        0  stm32f10x_rcc.o(i.RCC_APB1PeriphClockCmd)
    i.RCC_APB2PeriphClockCmd                 0x080005ac   Section        0  stm32f10x_rcc.o(i.RCC_APB2PeriphClockCmd)
    i.RCC_GetClocksFreq                      0x080005cc   Section        0  stm32f10x_rcc.o(i.RCC_GetClocksFreq)
    i.SPI_Cmd                                0x080006a0   Section        0  stm32f10x_spi.o(i.SPI_Cmd)
    i.SPI_I2S_ClearFlag                      0x080006b8   Section        0  stm32f10x_spi.o(i.SPI_I2S_ClearFlag)
    i.SPI_I2S_GetFlagStatus                  0x080006be   Section        0  stm32f10x_spi.o(i.SPI_I2S_GetFlagStatus)
    i.SPI_I2S_ReceiveData                    0x080006d0   Section        0  stm32f10x_spi.o(i.SPI_I2S_ReceiveData)
    i.SPI_I2S_SendData                       0x080006d6   Section        0  stm32f10x_spi.o(i.SPI_I2S_SendData)
    i.SPI_Init                               0x080006da   Section        0  stm32f10x_spi.o(i.SPI_Init)
    i.SVC_Handler                            0x08000716   Section        0  stm32f10x_it.o(i.SVC_Handler)
    i.SetSysClock                            0x08000718   Section        0  system_stm32f10x.o(i.SetSysClock)
    SetSysClock                              0x08000719   Thumb Code     8  system_stm32f10x.o(i.SetSysClock)
    i.SetSysClockTo72                        0x08000720   Section        0  system_stm32f10x.o(i.SetSysClockTo72)
    SetSysClockTo72                          0x08000721   Thumb Code   214  system_stm32f10x.o(i.SetSysClockTo72)
    i.SysTick_CLKSourceConfig                0x08000800   Section        0  misc.o(i.SysTick_CLKSourceConfig)
    i.SysTick_Handler                        0x08000828   Section        0  stm32f10x_it.o(i.SysTick_Handler)
    i.SystemInit                             0x0800082c   Section        0  system_stm32f10x.o(i.SystemInit)
    i.USART1_IRQHandler                      0x0800088c   Section        0  uart.o(i.USART1_IRQHandler)
    i.USART2_IRQHandler                      0x0800088e   Section        0  uart.o(i.USART2_IRQHandler)
    i.USART3_IRQHandler                      0x08000890   Section        0  uart.o(i.USART3_IRQHandler)
    i.USART_ClearFlag                        0x08000892   Section        0  stm32f10x_usart.o(i.USART_ClearFlag)
    i.USART_Cmd                              0x080008a4   Section        0  stm32f10x_usart.o(i.USART_Cmd)
    i.USART_GetFlagStatus                    0x080008bc   Section        0  stm32f10x_usart.o(i.USART_GetFlagStatus)
    i.USART_ITConfig                         0x080008d6   Section        0  stm32f10x_usart.o(i.USART_ITConfig)
    i.USART_Init                             0x08000920   Section        0  stm32f10x_usart.o(i.USART_Init)
    i.USART_SendData                         0x080009f8   Section        0  stm32f10x_usart.o(i.USART_SendData)
    i.UsageFault_Handler                     0x08000a00   Section        0  stm32f10x_it.o(i.UsageFault_Handler)
    i.WriteCmd                               0x08000a04   Section        0  oled_i2c.o(i.WriteCmd)
    i.WriteDat                               0x08000a12   Section        0  oled_i2c.o(i.WriteDat)
    i.__0printf$1                            0x08000a20   Section        0  printf1.o(i.__0printf$1)
    i.__0sprintf$1                           0x08000a40   Section        0  printf1.o(i.__0sprintf$1)
    i.__scatterload_copy                     0x08000a68   Section       14  handlers.o(i.__scatterload_copy)
    i.__scatterload_null                     0x08000a76   Section        2  handlers.o(i.__scatterload_null)
    i.__scatterload_zeroinit                 0x08000a78   Section       14  handlers.o(i.__scatterload_zeroinit)
    i._printf_core                           0x08000a88   Section        0  printf1.o(i._printf_core)
    _printf_core                             0x08000a89   Thumb Code   336  printf1.o(i._printf_core)
    i._sputc                                 0x08000bdc   Section        0  printf1.o(i._sputc)
    _sputc                                   0x08000bdd   Thumb Code    10  printf1.o(i._sputc)
    i.fputc                                  0x08000be8   Section        0  uart.o(i.fputc)
    i.i2c_CfgGpio                            0x08000c14   Section        0  bsp_i2c_gpio.o(i.i2c_CfgGpio)
    i.i2c_Delay                              0x08000c44   Section        0  bsp_i2c_gpio.o(i.i2c_Delay)
    i2c_Delay                                0x08000c45   Thumb Code    14  bsp_i2c_gpio.o(i.i2c_Delay)
    i.i2c_SendByte                           0x08000c54   Section        0  bsp_i2c_gpio.o(i.i2c_SendByte)
    i.i2c_Start                              0x08000ca8   Section        0  bsp_i2c_gpio.o(i.i2c_Start)
    i.i2c_Stop                               0x08000cd8   Section        0  bsp_i2c_gpio.o(i.i2c_Stop)
    i.i2c_WaitAck                            0x08000cf8   Section        0  bsp_i2c_gpio.o(i.i2c_WaitAck)
    i.initSPIx                               0x08000d34   Section        0  spix.o(i.initSPIx)
    i.initSX1278                             0x08000e18   Section        0  sx1278.o(i.initSX1278)
    i.initSysTick                            0x08000ed4   Section        0  delay.o(i.initSysTick)
    i.initUART                               0x08000f00   Section        0  uart.o(i.initUART)
    i.main                                   0x08000f88   Section        0  main.o(i.main)
    i.readSPIxByte                           0x08001008   Section        0  spix.o(i.readSPIxByte)
    i.readSX1278                             0x08001048   Section        0  sx1278.o(i.readSX1278)
    i.receivePackets                         0x08001074   Section        0  sx1278.o(i.receivePackets)
    i.resetSX1278                            0x080010e0   Section        0  sx1278.o(i.resetSX1278)
    i.sendSPIxByte                           0x08001108   Section        0  spix.o(i.sendSPIxByte)
    i.setNSS                                 0x0800114c   Section        0  spix.o(i.setNSS)
    i.setSX1278BandWidth                     0x08001170   Section        0  sx1278.o(i.setSX1278BandWidth)
    i.setSX1278ErrCode                       0x0800118e   Section        0  sx1278.o(i.setSX1278ErrCode)
    i.setSX1278ImplicitHeader                0x080011ae   Section        0  sx1278.o(i.setSX1278ImplicitHeader)
    i.setSX1278LoRaFSK                       0x080011cc   Section        0  sx1278.o(i.setSX1278LoRaFSK)
    i.setSX1278MobileNode                    0x080011e8   Section        0  sx1278.o(i.setSX1278MobileNode)
    i.setSX1278NbTrigPeaks                   0x08001208   Section        0  sx1278.o(i.setSX1278NbTrigPeaks)
    i.setSX1278OpMode                        0x08001226   Section        0  sx1278.o(i.setSX1278OpMode)
    i.setSX1278PacketCRC                     0x08001242   Section        0  sx1278.o(i.setSX1278PacketCRC)
    i.setSX1278PayLoadLength                 0x08001262   Section        0  sx1278.o(i.setSX1278PayLoadLength)
    i.setSX1278RFFrequency                   0x08001270   Section        0  sx1278.o(i.setSX1278RFFrequency)
    i.setSX1278RFPower                       0x08001298   Section        0  sx1278.o(i.setSX1278RFPower)
    i.setSX1278Receive                       0x080012b4   Section        0  sx1278.o(i.setSX1278Receive)
    i.setSX1278SpreadingFactor               0x080012e4   Section        0  sx1278.o(i.setSX1278SpreadingFactor)
    i.setSX1278SymbTimeout                   0x08001308   Section        0  sx1278.o(i.setSX1278SymbTimeout)
    i.writeSX1278                            0x08001354   Section        0  sx1278.o(i.writeSX1278)
    .constdata                               0x08001380   Section     2072  oled_i2c.o(.constdata)
    .data                                    0x20000000   Section       26  sx1278.o(.data)
    .data                                    0x2000001a   Section       20  stm32f10x_rcc.o(.data)
    APBAHBPrescTable                         0x2000001a   Data          16  stm32f10x_rcc.o(.data)
    ADCPrescTable                            0x2000002a   Data           4  stm32f10x_rcc.o(.data)
    .data                                    0x20000030   Section        4  stdout.o(.data)
    .bss                                     0x20000034   Section     1000  main.o(.bss)
    STACK                                    0x20000420   Section     1024  startup_stm32f10x_hd.o(STACK)

    Global Symbols

    Symbol Name                              Value     Ov Type        Size  Object(Section)

    BuildAttributes$$THM_ISAv4$P$D$K$B$S$PE$A:L22UL41UL21$X:L11$S22US41US21$IEEE1$IW$USESV6$~STKCKD$USESV7$~SHL$OSPACE$ROPI$EBA8$MICROLIB$REQ8$PRES8$EABIv2 0x00000000   Number         0  anon$$obj.o ABSOLUTE
    __ARM_use_no_argv                        0x00000000   Number         0  main.o ABSOLUTE
    _printf_a                                0x00000000   Number         0  stubs.o ABSOLUTE
    _printf_c                                0x00000000   Number         0  stubs.o ABSOLUTE
    _printf_charcount                        0x00000000   Number         0  stubs.o ABSOLUTE
    _printf_d                                0x00000000   Number         0  stubs.o ABSOLUTE
    _printf_e                                0x00000000   Number         0  stubs.o ABSOLUTE
    _printf_f                                0x00000000   Number         0  stubs.o ABSOLUTE
    _printf_flags                            0x00000000   Number         0  stubs.o ABSOLUTE
    _printf_fp_dec                           0x00000000   Number         0  stubs.o ABSOLUTE
    _printf_fp_hex                           0x00000000   Number         0  stubs.o ABSOLUTE
    _printf_g                                0x00000000   Number         0  stubs.o ABSOLUTE
    _printf_i                                0x00000000   Number         0  stubs.o ABSOLUTE
    _printf_int_dec                          0x00000000   Number         0  stubs.o ABSOLUTE
    _printf_l                                0x00000000   Number         0  stubs.o ABSOLUTE
    _printf_lc                               0x00000000   Number         0  stubs.o ABSOLUTE
    _printf_ll                               0x00000000   Number         0  stubs.o ABSOLUTE
    _printf_lld                              0x00000000   Number         0  stubs.o ABSOLUTE
    _printf_lli                              0x00000000   Number         0  stubs.o ABSOLUTE
    _printf_llo                              0x00000000   Number         0  stubs.o ABSOLUTE
    _printf_llu                              0x00000000   Number         0  stubs.o ABSOLUTE
    _printf_llx                              0x00000000   Number         0  stubs.o ABSOLUTE
    _printf_longlong_dec                     0x00000000   Number         0  stubs.o ABSOLUTE
    _printf_longlong_hex                     0x00000000   Number         0  stubs.o ABSOLUTE
    _printf_longlong_oct                     0x00000000   Number         0  stubs.o ABSOLUTE
    _printf_ls                               0x00000000   Number         0  stubs.o ABSOLUTE
    _printf_mbtowc                           0x00000000   Number         0  stubs.o ABSOLUTE
    _printf_n                                0x00000000   Number         0  stubs.o ABSOLUTE
    _printf_o                                0x00000000   Number         0  stubs.o ABSOLUTE
    _printf_p                                0x00000000   Number         0  stubs.o ABSOLUTE
    _printf_percent                          0x00000000   Number         0  stubs.o ABSOLUTE
    _printf_pre_padding                      0x00000000   Number         0  stubs.o ABSOLUTE
    _printf_return_value                     0x00000000   Number         0  stubs.o ABSOLUTE
    _printf_s                                0x00000000   Number         0  stubs.o ABSOLUTE
    _printf_sizespec                         0x00000000   Number         0  stubs.o ABSOLUTE
    _printf_str                              0x00000000   Number         0  stubs.o ABSOLUTE
    _printf_truncate_signed                  0x00000000   Number         0  stubs.o ABSOLUTE
    _printf_truncate_unsigned                0x00000000   Number         0  stubs.o ABSOLUTE
    _printf_u                                0x00000000   Number         0  stubs.o ABSOLUTE
    _printf_wc                               0x00000000   Number         0  stubs.o ABSOLUTE
    _printf_wctomb                           0x00000000   Number         0  stubs.o ABSOLUTE
    _printf_widthprec                        0x00000000   Number         0  stubs.o ABSOLUTE
    _printf_x                                0x00000000   Number         0  stubs.o ABSOLUTE
    __cpp_initialize__aeabi_                  - Undefined Weak Reference
    __cxa_finalize                            - Undefined Weak Reference
    __decompress                              - Undefined Weak Reference
    _clock_init                               - Undefined Weak Reference
    _microlib_exit                            - Undefined Weak Reference
    __Vectors_Size                           0x00000130   Number         0  startup_stm32f10x_hd.o ABSOLUTE
    __Vectors                                0x08000000   Data           4  startup_stm32f10x_hd.o(RESET)
    __Vectors_End                            0x08000130   Data           0  startup_stm32f10x_hd.o(RESET)
    __main                                   0x08000131   Thumb Code     0  entry.o(.ARM.Collect$$$$00000000)
    _main_stk                                0x08000131   Thumb Code     0  entry2.o(.ARM.Collect$$$$00000001)
    _main_scatterload                        0x08000135   Thumb Code     0  entry5.o(.ARM.Collect$$$$00000004)
    __main_after_scatterload                 0x08000139   Thumb Code     0  entry5.o(.ARM.Collect$$$$00000004)
    _main_clock                              0x08000139   Thumb Code     0  entry7b.o(.ARM.Collect$$$$00000008)
    _main_cpp_init                           0x08000139   Thumb Code     0  entry8b.o(.ARM.Collect$$$$0000000A)
    _main_init                               0x08000139   Thumb Code     0  entry9a.o(.ARM.Collect$$$$0000000B)
    __rt_final_cpp                           0x08000141   Thumb Code     0  entry10a.o(.ARM.Collect$$$$0000000D)
    __rt_final_exit                          0x08000141   Thumb Code     0  entry11a.o(.ARM.Collect$$$$0000000F)
    Reset_Handler                            0x08000145   Thumb Code     8  startup_stm32f10x_hd.o(.text)
    ADC1_2_IRQHandler                        0x0800015f   Thumb Code     0  startup_stm32f10x_hd.o(.text)
    ADC3_IRQHandler                          0x0800015f   Thumb Code     0  startup_stm32f10x_hd.o(.text)
    CAN1_RX1_IRQHandler                      0x0800015f   Thumb Code     0  startup_stm32f10x_hd.o(.text)
    CAN1_SCE_IRQHandler                      0x0800015f   Thumb Code     0  startup_stm32f10x_hd.o(.text)
    DMA1_Channel1_IRQHandler                 0x0800015f   Thumb Code     0  startup_stm32f10x_hd.o(.text)
    DMA1_Channel2_IRQHandler                 0x0800015f   Thumb Code     0  startup_stm32f10x_hd.o(.text)
    DMA1_Channel3_IRQHandler                 0x0800015f   Thumb Code     0  startup_stm32f10x_hd.o(.text)
    DMA1_Channel4_IRQHandler                 0x0800015f   Thumb Code     0  startup_stm32f10x_hd.o(.text)
    DMA1_Channel5_IRQHandler                 0x0800015f   Thumb Code     0  startup_stm32f10x_hd.o(.text)
    DMA1_Channel6_IRQHandler                 0x0800015f   Thumb Code     0  startup_stm32f10x_hd.o(.text)
    DMA1_Channel7_IRQHandler                 0x0800015f   Thumb Code     0  startup_stm32f10x_hd.o(.text)
    DMA2_Channel1_IRQHandler                 0x0800015f   Thumb Code     0  startup_stm32f10x_hd.o(.text)
    DMA2_Channel2_IRQHandler                 0x0800015f   Thumb Code     0  startup_stm32f10x_hd.o(.text)
    DMA2_Channel3_IRQHandler                 0x0800015f   Thumb Code     0  startup_stm32f10x_hd.o(.text)
    DMA2_Channel4_5_IRQHandler               0x0800015f   Thumb Code     0  startup_stm32f10x_hd.o(.text)
    EXTI0_IRQHandler                         0x0800015f   Thumb Code     0  startup_stm32f10x_hd.o(.text)
    EXTI15_10_IRQHandler                     0x0800015f   Thumb Code     0  startup_stm32f10x_hd.o(.text)
    EXTI1_IRQHandler                         0x0800015f   Thumb Code     0  startup_stm32f10x_hd.o(.text)
    EXTI2_IRQHandler                         0x0800015f   Thumb Code     0  startup_stm32f10x_hd.o(.text)
    EXTI3_IRQHandler                         0x0800015f   Thumb Code     0  startup_stm32f10x_hd.o(.text)
    EXTI4_IRQHandler                         0x0800015f   Thumb Code     0  startup_stm32f10x_hd.o(.text)
    EXTI9_5_IRQHandler                       0x0800015f   Thumb Code     0  startup_stm32f10x_hd.o(.text)
    FLASH_IRQHandler                         0x0800015f   Thumb Code     0  startup_stm32f10x_hd.o(.text)
    FSMC_IRQHandler                          0x0800015f   Thumb Code     0  startup_stm32f10x_hd.o(.text)
    I2C1_ER_IRQHandler                       0x0800015f   Thumb Code     0  startup_stm32f10x_hd.o(.text)
    I2C1_EV_IRQHandler                       0x0800015f   Thumb Code     0  startup_stm32f10x_hd.o(.text)
    I2C2_ER_IRQHandler                       0x0800015f   Thumb Code     0  startup_stm32f10x_hd.o(.text)
    I2C2_EV_IRQHandler                       0x0800015f   Thumb Code     0  startup_stm32f10x_hd.o(.text)
    PVD_IRQHandler                           0x0800015f   Thumb Code     0  startup_stm32f10x_hd.o(.text)
    RCC_IRQHandler                           0x0800015f   Thumb Code     0  startup_stm32f10x_hd.o(.text)
    RTCAlarm_IRQHandler                      0x0800015f   Thumb Code     0  startup_stm32f10x_hd.o(.text)
    RTC_IRQHandler                           0x0800015f   Thumb Code     0  startup_stm32f10x_hd.o(.text)
    SDIO_IRQHandler                          0x0800015f   Thumb Code     0  startup_stm32f10x_hd.o(.text)
    SPI1_IRQHandler                          0x0800015f   Thumb Code     0  startup_stm32f10x_hd.o(.text)
    SPI2_IRQHandler                          0x0800015f   Thumb Code     0  startup_stm32f10x_hd.o(.text)
    SPI3_IRQHandler                          0x0800015f   Thumb Code     0  startup_stm32f10x_hd.o(.text)
    TAMPER_IRQHandler                        0x0800015f   Thumb Code     0  startup_stm32f10x_hd.o(.text)
    TIM1_BRK_IRQHandler                      0x0800015f   Thumb Code     0  startup_stm32f10x_hd.o(.text)
    TIM1_CC_IRQHandler                       0x0800015f   Thumb Code     0  startup_stm32f10x_hd.o(.text)
    TIM1_TRG_COM_IRQHandler                  0x0800015f   Thumb Code     0  startup_stm32f10x_hd.o(.text)
    TIM1_UP_IRQHandler                       0x0800015f   Thumb Code     0  startup_stm32f10x_hd.o(.text)
    TIM2_IRQHandler                          0x0800015f   Thumb Code     0  startup_stm32f10x_hd.o(.text)
    TIM3_IRQHandler                          0x0800015f   Thumb Code     0  startup_stm32f10x_hd.o(.text)
    TIM4_IRQHandler                          0x0800015f   Thumb Code     0  startup_stm32f10x_hd.o(.text)
    TIM5_IRQHandler                          0x0800015f   Thumb Code     0  startup_stm32f10x_hd.o(.text)
    TIM6_IRQHandler                          0x0800015f   Thumb Code     0  startup_stm32f10x_hd.o(.text)
    TIM7_IRQHandler                          0x0800015f   Thumb Code     0  startup_stm32f10x_hd.o(.text)
    TIM8_BRK_IRQHandler                      0x0800015f   Thumb Code     0  startup_stm32f10x_hd.o(.text)
    TIM8_CC_IRQHandler                       0x0800015f   Thumb Code     0  startup_stm32f10x_hd.o(.text)
    TIM8_TRG_COM_IRQHandler                  0x0800015f   Thumb Code     0  startup_stm32f10x_hd.o(.text)
    TIM8_UP_IRQHandler                       0x0800015f   Thumb Code     0  startup_stm32f10x_hd.o(.text)
    UART4_IRQHandler                         0x0800015f   Thumb Code     0  startup_stm32f10x_hd.o(.text)
    UART5_IRQHandler                         0x0800015f   Thumb Code     0  startup_stm32f10x_hd.o(.text)
    USBWakeUp_IRQHandler                     0x0800015f   Thumb Code     0  startup_stm32f10x_hd.o(.text)
    USB_HP_CAN1_TX_IRQHandler                0x0800015f   Thumb Code     0  startup_stm32f10x_hd.o(.text)
    USB_LP_CAN1_RX0_IRQHandler               0x0800015f   Thumb Code     0  startup_stm32f10x_hd.o(.text)
    WWDG_IRQHandler                          0x0800015f   Thumb Code     0  startup_stm32f10x_hd.o(.text)
    __aeabi_uidiv                            0x08000169   Thumb Code     0  uidiv.o(.text)
    __aeabi_uidivmod                         0x08000169   Thumb Code    44  uidiv.o(.text)
    __scatterload                            0x08000195   Thumb Code    28  init.o(.text)
    __scatterload_rt2                        0x08000195   Thumb Code     0  init.o(.text)
    BusFault_Handler                         0x080001b9   Thumb Code     4  stm32f10x_it.o(i.BusFault_Handler)
    DebugMon_Handler                         0x080001bd   Thumb Code     2  stm32f10x_it.o(i.DebugMon_Handler)
    Delay_ms                                 0x080001bf   Thumb Code    42  delay.o(i.Delay_ms)
    GPIO_Init                                0x080001e9   Thumb Code   278  stm32f10x_gpio.o(i.GPIO_Init)
    GPIO_ResetBits                           0x080002ff   Thumb Code     4  stm32f10x_gpio.o(i.GPIO_ResetBits)
    GPIO_SetBits                             0x08000303   Thumb Code     4  stm32f10x_gpio.o(i.GPIO_SetBits)
    HardFault_Handler                        0x08000307   Thumb Code     4  stm32f10x_it.o(i.HardFault_Handler)
    I2C_WriteByte                            0x0800030b   Thumb Code    64  oled_i2c.o(i.I2C_WriteByte)
    LED_Init                                 0x0800034d   Thumb Code    46  led.o(i.LED_Init)
    MemManage_Handler                        0x08000381   Thumb Code     4  stm32f10x_it.o(i.MemManage_Handler)
    NMI_Handler                              0x08000385   Thumb Code     2  stm32f10x_it.o(i.NMI_Handler)
    OLED_Fill                                0x08000387   Thumb Code    58  oled_i2c.o(i.OLED_Fill)
    OLED_Init                                0x080003c1   Thumb Code   180  oled_i2c.o(i.OLED_Init)
    OLED_SetPos                              0x08000475   Thumb Code    40  oled_i2c.o(i.OLED_SetPos)
    OLED_ShowStr                             0x0800049d   Thumb Code   228  oled_i2c.o(i.OLED_ShowStr)
    PendSV_Handler                           0x08000589   Thumb Code     2  stm32f10x_it.o(i.PendSV_Handler)
    RCC_APB1PeriphClockCmd                   0x0800058d   Thumb Code    26  stm32f10x_rcc.o(i.RCC_APB1PeriphClockCmd)
    RCC_APB2PeriphClockCmd                   0x080005ad   Thumb Code    26  stm32f10x_rcc.o(i.RCC_APB2PeriphClockCmd)
    RCC_GetClocksFreq                        0x080005cd   Thumb Code   192  stm32f10x_rcc.o(i.RCC_GetClocksFreq)
    SPI_Cmd                                  0x080006a1   Thumb Code    24  stm32f10x_spi.o(i.SPI_Cmd)
    SPI_I2S_ClearFlag                        0x080006b9   Thumb Code     6  stm32f10x_spi.o(i.SPI_I2S_ClearFlag)
    SPI_I2S_GetFlagStatus                    0x080006bf   Thumb Code    18  stm32f10x_spi.o(i.SPI_I2S_GetFlagStatus)
    SPI_I2S_ReceiveData                      0x080006d1   Thumb Code     6  stm32f10x_spi.o(i.SPI_I2S_ReceiveData)
    SPI_I2S_SendData                         0x080006d7   Thumb Code     4  stm32f10x_spi.o(i.SPI_I2S_SendData)
    SPI_Init                                 0x080006db   Thumb Code    60  stm32f10x_spi.o(i.SPI_Init)
    SVC_Handler                              0x08000717   Thumb Code     2  stm32f10x_it.o(i.SVC_Handler)
    SysTick_CLKSourceConfig                  0x08000801   Thumb Code    40  misc.o(i.SysTick_CLKSourceConfig)
    SysTick_Handler                          0x08000829   Thumb Code     2  stm32f10x_it.o(i.SysTick_Handler)
    SystemInit                               0x0800082d   Thumb Code    78  system_stm32f10x.o(i.SystemInit)
    USART1_IRQHandler                        0x0800088d   Thumb Code     2  uart.o(i.USART1_IRQHandler)
    USART2_IRQHandler                        0x0800088f   Thumb Code     2  uart.o(i.USART2_IRQHandler)
    USART3_IRQHandler                        0x08000891   Thumb Code     2  uart.o(i.USART3_IRQHandler)
    USART_ClearFlag                          0x08000893   Thumb Code    18  stm32f10x_usart.o(i.USART_ClearFlag)
    USART_Cmd                                0x080008a5   Thumb Code    24  stm32f10x_usart.o(i.USART_Cmd)
    USART_GetFlagStatus                      0x080008bd   Thumb Code    26  stm32f10x_usart.o(i.USART_GetFlagStatus)
    USART_ITConfig                           0x080008d7   Thumb Code    74  stm32f10x_usart.o(i.USART_ITConfig)
    USART_Init                               0x08000921   Thumb Code   210  stm32f10x_usart.o(i.USART_Init)
    USART_SendData                           0x080009f9   Thumb Code     8  stm32f10x_usart.o(i.USART_SendData)
    UsageFault_Handler                       0x08000a01   Thumb Code     4  stm32f10x_it.o(i.UsageFault_Handler)
    WriteCmd                                 0x08000a05   Thumb Code    14  oled_i2c.o(i.WriteCmd)
    WriteDat                                 0x08000a13   Thumb Code    14  oled_i2c.o(i.WriteDat)
    __0printf$1                              0x08000a21   Thumb Code    22  printf1.o(i.__0printf$1)
    __1printf$1                              0x08000a21   Thumb Code     0  printf1.o(i.__0printf$1)
    __2printf                                0x08000a21   Thumb Code     0  printf1.o(i.__0printf$1)
    __0sprintf$1                             0x08000a41   Thumb Code    34  printf1.o(i.__0sprintf$1)
    __1sprintf$1                             0x08000a41   Thumb Code     0  printf1.o(i.__0sprintf$1)
    __2sprintf                               0x08000a41   Thumb Code     0  printf1.o(i.__0sprintf$1)
    __scatterload_copy                       0x08000a69   Thumb Code    14  handlers.o(i.__scatterload_copy)
    __scatterload_null                       0x08000a77   Thumb Code     2  handlers.o(i.__scatterload_null)
    __scatterload_zeroinit                   0x08000a79   Thumb Code    14  handlers.o(i.__scatterload_zeroinit)
    fputc                                    0x08000be9   Thumb Code    40  uart.o(i.fputc)
    i2c_CfgGpio                              0x08000c15   Thumb Code    42  bsp_i2c_gpio.o(i.i2c_CfgGpio)
    i2c_SendByte                             0x08000c55   Thumb Code    80  bsp_i2c_gpio.o(i.i2c_SendByte)
    i2c_Start                                0x08000ca9   Thumb Code    42  bsp_i2c_gpio.o(i.i2c_Start)
    i2c_Stop                                 0x08000cd9   Thumb Code    28  bsp_i2c_gpio.o(i.i2c_Stop)
    i2c_WaitAck                              0x08000cf9   Thumb Code    56  bsp_i2c_gpio.o(i.i2c_WaitAck)
    initSPIx                                 0x08000d35   Thumb Code   210  spix.o(i.initSPIx)
    initSX1278                               0x08000e19   Thumb Code   168  sx1278.o(i.initSX1278)
    initSysTick                              0x08000ed5   Thumb Code    42  delay.o(i.initSysTick)
    initUART                                 0x08000f01   Thumb Code   126  uart.o(i.initUART)
    main                                     0x08000f89   Thumb Code   108  main.o(i.main)
    readSPIxByte                             0x08001009   Thumb Code    64  spix.o(i.readSPIxByte)
    readSX1278                               0x08001049   Thumb Code    38  sx1278.o(i.readSX1278)
    receivePackets                           0x08001075   Thumb Code   102  sx1278.o(i.receivePackets)
    resetSX1278                              0x080010e1   Thumb Code    36  sx1278.o(i.resetSX1278)
    sendSPIxByte                             0x08001109   Thumb Code    66  spix.o(i.sendSPIxByte)
    setNSS                                   0x0800114d   Thumb Code    30  spix.o(i.setNSS)
    setSX1278BandWidth                       0x08001171   Thumb Code    30  sx1278.o(i.setSX1278BandWidth)
    setSX1278ErrCode                         0x0800118f   Thumb Code    32  sx1278.o(i.setSX1278ErrCode)
    setSX1278ImplicitHeader                  0x080011af   Thumb Code    30  sx1278.o(i.setSX1278ImplicitHeader)
    setSX1278LoRaFSK                         0x080011cd   Thumb Code    28  sx1278.o(i.setSX1278LoRaFSK)
    setSX1278MobileNode                      0x080011e9   Thumb Code    32  sx1278.o(i.setSX1278MobileNode)
    setSX1278NbTrigPeaks                     0x08001209   Thumb Code    30  sx1278.o(i.setSX1278NbTrigPeaks)
    setSX1278OpMode                          0x08001227   Thumb Code    28  sx1278.o(i.setSX1278OpMode)
    setSX1278PacketCRC                       0x08001243   Thumb Code    32  sx1278.o(i.setSX1278PacketCRC)
    setSX1278PayLoadLength                   0x08001263   Thumb Code    14  sx1278.o(i.setSX1278PayLoadLength)
    setSX1278RFFrequency                     0x08001271   Thumb Code    34  sx1278.o(i.setSX1278RFFrequency)
    setSX1278RFPower                         0x08001299   Thumb Code    24  sx1278.o(i.setSX1278RFPower)
    setSX1278Receive                         0x080012b5   Thumb Code    48  sx1278.o(i.setSX1278Receive)
    setSX1278SpreadingFactor                 0x080012e5   Thumb Code    36  sx1278.o(i.setSX1278SpreadingFactor)
    setSX1278SymbTimeout                     0x08001309   Thumb Code    74  sx1278.o(i.setSX1278SymbTimeout)
    writeSX1278                              0x08001355   Thumb Code    38  sx1278.o(i.writeSX1278)
    F6x8                                     0x08001380   Data         552  oled_i2c.o(.constdata)
    F8X16                                    0x080015a8   Data        1520  oled_i2c.o(.constdata)
    Region$$Table$$Base                      0x08001b98   Number         0  anon$$obj.o(Region$$Table)
    Region$$Table$$Limit                     0x08001bb8   Number         0  anon$$obj.o(Region$$Table)
    Frequency                                0x20000000   Data           3  sx1278.o(.data)
    SpreadingFactor                          0x20000003   Data           1  sx1278.o(.data)
    CodingRate                               0x20000004   Data           1  sx1278.o(.data)
    Bw_Frequency                             0x20000005   Data           1  sx1278.o(.data)
    powerValue                               0x20000006   Data           1  sx1278.o(.data)
    power_data                               0x20000007   Data          16  sx1278.o(.data)
    RF_EX0_STATUS                            0x20000017   Data           1  sx1278.o(.data)
    CRC_Value                                0x20000018   Data           1  sx1278.o(.data)
    SX1278_RLEN                              0x20000019   Data           1  sx1278.o(.data)
    __stdout                                 0x20000030   Data           4  stdout.o(.data)
    rx_buff                                  0x20000034   Data        1000  main.o(.bss)
    __initial_sp                             0x20000820   Data           0  startup_stm32f10x_hd.o(STACK)



==============================================================================

Memory Map of the image

  Image Entry point : 0x08000131

  Load Region LR_IROM1 (Base: 0x08000000, Size: 0x00001bec, Max: 0x00010000, ABSOLUTE)

    Execution Region ER_IROM1 (Exec base: 0x08000000, Load base: 0x08000000, Size: 0x00001bb8, Max: 0x00010000, ABSOLUTE)

    Exec Addr    Load Addr    Size         Type   Attr      Idx    E Section Name        Object

    0x08000000   0x08000000   0x00000130   Data   RO         1585    RESET               startup_stm32f10x_hd.o
    0x08000130   0x08000130   0x00000000   Code   RO         1590  * .ARM.Collect$$$$00000000  mc_w.l(entry.o)
    0x08000130   0x08000130   0x00000004   Code   RO         1854    .ARM.Collect$$$$00000001  mc_w.l(entry2.o)
    0x08000134   0x08000134   0x00000004   Code   RO         1857    .ARM.Collect$$$$00000004  mc_w.l(entry5.o)
    0x08000138   0x08000138   0x00000000   Code   RO         1859    .ARM.Collect$$$$00000008  mc_w.l(entry7b.o)
    0x08000138   0x08000138   0x00000000   Code   RO         1861    .ARM.Collect$$$$0000000A  mc_w.l(entry8b.o)
    0x08000138   0x08000138   0x00000008   Code   RO         1862    .ARM.Collect$$$$0000000B  mc_w.l(entry9a.o)
    0x08000140   0x08000140   0x00000000   Code   RO         1864    .ARM.Collect$$$$0000000D  mc_w.l(entry10a.o)
    0x08000140   0x08000140   0x00000000   Code   RO         1866    .ARM.Collect$$$$0000000F  mc_w.l(entry11a.o)
    0x08000140   0x08000140   0x00000004   Code   RO         1855    .ARM.Collect$$$$00002712  mc_w.l(entry2.o)
    0x08000144   0x08000144   0x00000024   Code   RO         1586    .text               startup_stm32f10x_hd.o
    0x08000168   0x08000168   0x0000002c   Code   RO         1869    .text               mc_w.l(uidiv.o)
    0x08000194   0x08000194   0x00000024   Code   RO         1884    .text               mc_w.l(init.o)
    0x080001b8   0x080001b8   0x00000004   Code   RO          141    i.BusFault_Handler  stm32f10x_it.o
    0x080001bc   0x080001bc   0x00000002   Code   RO          142    i.DebugMon_Handler  stm32f10x_it.o
    0x080001be   0x080001be   0x0000002a   Code   RO          263    i.Delay_ms          delay.o
    0x080001e8   0x080001e8   0x00000116   Code   RO          906    i.GPIO_Init         stm32f10x_gpio.o
    0x080002fe   0x080002fe   0x00000004   Code   RO          913    i.GPIO_ResetBits    stm32f10x_gpio.o
    0x08000302   0x08000302   0x00000004   Code   RO          914    i.GPIO_SetBits      stm32f10x_gpio.o
    0x08000306   0x08000306   0x00000004   Code   RO          143    i.HardFault_Handler  stm32f10x_it.o
    0x0800030a   0x0800030a   0x00000040   Code   RO          302    i.I2C_WriteByte     oled_i2c.o
    0x0800034a   0x0800034a   0x00000002   PAD
    0x0800034c   0x0800034c   0x00000034   Code   RO          287    i.LED_Init          led.o
    0x08000380   0x08000380   0x00000004   Code   RO          144    i.MemManage_Handler  stm32f10x_it.o
    0x08000384   0x08000384   0x00000002   Code   RO          145    i.NMI_Handler       stm32f10x_it.o
    0x08000386   0x08000386   0x0000003a   Code   RO          306    i.OLED_Fill         oled_i2c.o
    0x080003c0   0x080003c0   0x000000b4   Code   RO          307    i.OLED_Init         oled_i2c.o
    0x08000474   0x08000474   0x00000028   Code   RO          311    i.OLED_SetPos       oled_i2c.o
    0x0800049c   0x0800049c   0x000000ec   Code   RO          314    i.OLED_ShowStr      oled_i2c.o
    0x08000588   0x08000588   0x00000002   Code   RO          146    i.PendSV_Handler    stm32f10x_it.o
    0x0800058a   0x0800058a   0x00000002   PAD
    0x0800058c   0x0800058c   0x00000020   Code   RO         1016    i.RCC_APB1PeriphClockCmd  stm32f10x_rcc.o
    0x080005ac   0x080005ac   0x00000020   Code   RO         1018    i.RCC_APB2PeriphClockCmd  stm32f10x_rcc.o
    0x080005cc   0x080005cc   0x000000d4   Code   RO         1026    i.RCC_GetClocksFreq  stm32f10x_rcc.o
    0x080006a0   0x080006a0   0x00000018   Code   RO         1219    i.SPI_Cmd           stm32f10x_spi.o
    0x080006b8   0x080006b8   0x00000006   Code   RO         1223    i.SPI_I2S_ClearFlag  stm32f10x_spi.o
    0x080006be   0x080006be   0x00000012   Code   RO         1227    i.SPI_I2S_GetFlagStatus  stm32f10x_spi.o
    0x080006d0   0x080006d0   0x00000006   Code   RO         1230    i.SPI_I2S_ReceiveData  stm32f10x_spi.o
    0x080006d6   0x080006d6   0x00000004   Code   RO         1231    i.SPI_I2S_SendData  stm32f10x_spi.o
    0x080006da   0x080006da   0x0000003c   Code   RO         1232    i.SPI_Init          stm32f10x_spi.o
    0x08000716   0x08000716   0x00000002   Code   RO          147    i.SVC_Handler       stm32f10x_it.o
    0x08000718   0x08000718   0x00000008   Code   RO         1549    i.SetSysClock       system_stm32f10x.o
    0x08000720   0x08000720   0x000000e0   Code   RO         1550    i.SetSysClockTo72   system_stm32f10x.o
    0x08000800   0x08000800   0x00000028   Code   RO          646    i.SysTick_CLKSourceConfig  misc.o
    0x08000828   0x08000828   0x00000002   Code   RO          148    i.SysTick_Handler   stm32f10x_it.o
    0x0800082a   0x0800082a   0x00000002   PAD
    0x0800082c   0x0800082c   0x00000060   Code   RO         1552    i.SystemInit        system_stm32f10x.o
    0x0800088c   0x0800088c   0x00000002   Code   RO          589    i.USART1_IRQHandler  uart.o
    0x0800088e   0x0800088e   0x00000002   Code   RO          590    i.USART2_IRQHandler  uart.o
    0x08000890   0x08000890   0x00000002   Code   RO          591    i.USART3_IRQHandler  uart.o
    0x08000892   0x08000892   0x00000012   Code   RO         1358    i.USART_ClearFlag   stm32f10x_usart.o
    0x080008a4   0x080008a4   0x00000018   Code   RO         1362    i.USART_Cmd         stm32f10x_usart.o
    0x080008bc   0x080008bc   0x0000001a   Code   RO         1365    i.USART_GetFlagStatus  stm32f10x_usart.o
    0x080008d6   0x080008d6   0x0000004a   Code   RO         1368    i.USART_ITConfig    stm32f10x_usart.o
    0x08000920   0x08000920   0x000000d8   Code   RO         1369    i.USART_Init        stm32f10x_usart.o
    0x080009f8   0x080009f8   0x00000008   Code   RO         1379    i.USART_SendData    stm32f10x_usart.o
    0x08000a00   0x08000a00   0x00000004   Code   RO          149    i.UsageFault_Handler  stm32f10x_it.o
    0x08000a04   0x08000a04   0x0000000e   Code   RO          316    i.WriteCmd          oled_i2c.o
    0x08000a12   0x08000a12   0x0000000e   Code   RO          317    i.WriteDat          oled_i2c.o
    0x08000a20   0x08000a20   0x00000020   Code   RO         1638    i.__0printf$1       mc_w.l(printf1.o)
    0x08000a40   0x08000a40   0x00000028   Code   RO         1640    i.__0sprintf$1      mc_w.l(printf1.o)
    0x08000a68   0x08000a68   0x0000000e   Code   RO         1896    i.__scatterload_copy  mc_w.l(handlers.o)
    0x08000a76   0x08000a76   0x00000002   Code   RO         1897    i.__scatterload_null  mc_w.l(handlers.o)
    0x08000a78   0x08000a78   0x0000000e   Code   RO         1898    i.__scatterload_zeroinit  mc_w.l(handlers.o)
    0x08000a86   0x08000a86   0x00000002   PAD
    0x08000a88   0x08000a88   0x00000154   Code   RO         1645    i._printf_core      mc_w.l(printf1.o)
    0x08000bdc   0x08000bdc   0x0000000a   Code   RO         1647    i._sputc            mc_w.l(printf1.o)
    0x08000be6   0x08000be6   0x00000002   PAD
    0x08000be8   0x08000be8   0x0000002c   Code   RO          592    i.fputc             uart.o
    0x08000c14   0x08000c14   0x00000030   Code   RO          205    i.i2c_CfgGpio       bsp_i2c_gpio.o
    0x08000c44   0x08000c44   0x0000000e   Code   RO          206    i.i2c_Delay         bsp_i2c_gpio.o
    0x08000c52   0x08000c52   0x00000002   PAD
    0x08000c54   0x08000c54   0x00000054   Code   RO          209    i.i2c_SendByte      bsp_i2c_gpio.o
    0x08000ca8   0x08000ca8   0x00000030   Code   RO          210    i.i2c_Start         bsp_i2c_gpio.o
    0x08000cd8   0x08000cd8   0x00000020   Code   RO          211    i.i2c_Stop          bsp_i2c_gpio.o
    0x08000cf8   0x08000cf8   0x0000003c   Code   RO          212    i.i2c_WaitAck       bsp_i2c_gpio.o
    0x08000d34   0x08000d34   0x000000e4   Code   RO          412    i.initSPIx          spix.o
    0x08000e18   0x08000e18   0x000000bc   Code   RO          442    i.initSX1278        sx1278.o
    0x08000ed4   0x08000ed4   0x0000002a   Code   RO          265    i.initSysTick       delay.o
    0x08000efe   0x08000efe   0x00000002   PAD
    0x08000f00   0x08000f00   0x00000088   Code   RO          593    i.initUART          uart.o
    0x08000f88   0x08000f88   0x00000080   Code   RO            1    i.main              main.o
    0x08001008   0x08001008   0x00000040   Code   RO          413    i.readSPIxByte      spix.o
    0x08001048   0x08001048   0x0000002c   Code   RO          443    i.readSX1278        sx1278.o
    0x08001074   0x08001074   0x0000006c   Code   RO          444    i.receivePackets    sx1278.o
    0x080010e0   0x080010e0   0x00000028   Code   RO          445    i.resetSX1278       sx1278.o
    0x08001108   0x08001108   0x00000042   Code   RO          414    i.sendSPIxByte      spix.o
    0x0800114a   0x0800114a   0x00000002   PAD
    0x0800114c   0x0800114c   0x00000024   Code   RO          415    i.setNSS            spix.o
    0x08001170   0x08001170   0x0000001e   Code   RO          446    i.setSX1278BandWidth  sx1278.o
    0x0800118e   0x0800118e   0x00000020   Code   RO          447    i.setSX1278ErrCode  sx1278.o
    0x080011ae   0x080011ae   0x0000001e   Code   RO          448    i.setSX1278ImplicitHeader  sx1278.o
    0x080011cc   0x080011cc   0x0000001c   Code   RO          449    i.setSX1278LoRaFSK  sx1278.o
    0x080011e8   0x080011e8   0x00000020   Code   RO          450    i.setSX1278MobileNode  sx1278.o
    0x08001208   0x08001208   0x0000001e   Code   RO          451    i.setSX1278NbTrigPeaks  sx1278.o
    0x08001226   0x08001226   0x0000001c   Code   RO          452    i.setSX1278OpMode   sx1278.o
    0x08001242   0x08001242   0x00000020   Code   RO          453    i.setSX1278PacketCRC  sx1278.o
    0x08001262   0x08001262   0x0000000e   Code   RO          454    i.setSX1278PayLoadLength  sx1278.o
    0x08001270   0x08001270   0x00000028   Code   RO          455    i.setSX1278RFFrequency  sx1278.o
    0x08001298   0x08001298   0x0000001c   Code   RO          456    i.setSX1278RFPower  sx1278.o
    0x080012b4   0x080012b4   0x00000030   Code   RO          457    i.setSX1278Receive  sx1278.o
    0x080012e4   0x080012e4   0x00000024   Code   RO          458    i.setSX1278SpreadingFactor  sx1278.o
    0x08001308   0x08001308   0x0000004a   Code   RO          459    i.setSX1278SymbTimeout  sx1278.o
    0x08001352   0x08001352   0x00000002   PAD
    0x08001354   0x08001354   0x0000002c   Code   RO          461    i.writeSX1278       sx1278.o
    0x08001380   0x08001380   0x00000818   Data   RO          319    .constdata          oled_i2c.o
    0x08001b98   0x08001b98   0x00000020   Data   RO         1894    Region$$Table       anon$$obj.o


    Execution Region RW_IRAM1 (Exec base: 0x20000000, Load base: 0x08001bb8, Size: 0x00000820, Max: 0x00005000, ABSOLUTE)

    Exec Addr    Load Addr    Size         Type   Attr      Idx    E Section Name        Object

    0x20000000   0x08001bb8   0x0000001a   Data   RW          462    .data               sx1278.o
    0x2000001a   0x08001bd2   0x00000014   Data   RW         1046    .data               stm32f10x_rcc.o
    0x2000002e   0x08001be6   0x00000002   PAD
    0x20000030   0x08001be8   0x00000004   Data   RW         1868    .data               mc_w.l(stdout.o)
    0x20000034        -       0x000003e8   Zero   RW            2    .bss                main.o
    0x2000041c   0x08001bec   0x00000004   PAD
    0x20000420        -       0x00000400   Zero   RW         1583    STACK               startup_stm32f10x_hd.o


==============================================================================

Image component sizes


      Code (inc. data)   RO Data    RW Data    ZI Data      Debug   Object Name

       286         24          0          0          0       3054   bsp_i2c_gpio.o
         0          0          0          0          0         32   core_cm3.o
        84          0          0          0          0        941   delay.o
        52          6          0          0          0        487   led.o
       128         20          0          0       1000     239997   main.o
        40          0          0          0          0        522   misc.o
       606          8       2072          0          0       5542   oled_i2c.o
       394         24          0          0          0       2762   spix.o
        36          8        304          0       1024        812   startup_stm32f10x_hd.o
       286          0          0          0          0       3148   stm32f10x_gpio.o
        26          0          0          0          0       3906   stm32f10x_it.o
       276         32          0         20          0       4554   stm32f10x_rcc.o
       118          0          0          0          0       4486   stm32f10x_spi.o
       366          6          0          0          0       5515   stm32f10x_usart.o
       906         52          0         26          0      11682   sx1278.o
       328         28          0          0          0       2025   system_stm32f10x.o
       186         14          0          0          0       4211   uart.o

    ----------------------------------------------------------------------
      4132        222       2408         48       2028     293676   Object Totals
         0          0         32          0          0          0   (incl. Generated)
        14          0          0          2          4          0   (incl. Padding)

    ----------------------------------------------------------------------

      Code (inc. data)   RO Data    RW Data    ZI Data      Debug   Library Member Name

         0          0          0          0          0          0   entry.o
         0          0          0          0          0          0   entry10a.o
         0          0          0          0          0          0   entry11a.o
         8          4          0          0          0          0   entry2.o
         4          0          0          0          0          0   entry5.o
         0          0          0          0          0          0   entry7b.o
         0          0          0          0          0          0   entry8b.o
         8          4          0          0          0          0   entry9a.o
        30          0          0          0          0          0   handlers.o
        36          8          0          0          0         68   init.o
       422         20          0          0          0        336   printf1.o
         0          0          0          4          0          0   stdout.o
        44          0          0          0          0         80   uidiv.o

    ----------------------------------------------------------------------
       556         36          0          4          0        484   Library Totals
         4          0          0          0          0          0   (incl. Padding)

    ----------------------------------------------------------------------

      Code (inc. data)   RO Data    RW Data    ZI Data      Debug   Library Name

       552         36          0          4          0        484   mc_w.l

    ----------------------------------------------------------------------
       556         36          0          4          0        484   Library Totals

    ----------------------------------------------------------------------

==============================================================================


      Code (inc. data)   RO Data    RW Data    ZI Data      Debug   

      4688        258       2408         52       2028     290360   Grand Totals
      4688        258       2408         52       2028     290360   ELF Image Totals
      4688        258       2408         52          0          0   ROM Totals

==============================================================================

    Total RO  Size (Code + RO Data)                 7096 (   6.93kB)
    Total RW  Size (RW Data + ZI Data)              2080 (   2.03kB)
    Total ROM Size (Code + RO Data + RW Data)       7148 (   6.98kB)

==============================================================================

