C51 COMPILER V9.52.0.0   MAIN                                                              05/20/2019 17:41:37 PAGE 1   


C51 COMPILER V9.52.0.0, COMPILATION OF MODULE MAIN
OBJECT MODULE PLACED IN .\output\main.obj
COMPILER INVOKED BY: D:\keil4\C51\BIN\C51.EXE src\main.c BROWSE DEBUG OBJECTEXTEND PRINT(.\output\main.lst) TABS(2) OBJE
                    -CT(.\output\main.obj)

line level    source

   1          /*********************************************************************************************************
             -*********
   2                  
   3                        +--------------------------------------------------+
   4                                       主函数部分
   5                        +--------------------------------------------------+
   6          
   7           - 实现功能：
   8          
   9           - 目前进展：
  10           - 日期    ：2013-05-06
  11          
  12           - 作者    ：
  13          
  14           - 运行环境：STC   晶振：11.0592M     波特率:9600
  15          
  16           - 备注    ：在普中科技的51开发板上调试OK --- STC89C516RD+
  17           
  18           1、实现芯片上电分别指定播放第一曲和第二曲，基本的程序供用户测试
  19           2、该测试程序必须是模块或者芯片方案中，有设备在线，譬如U盘、TF卡、FLASH等等
  20           3、
  21          **********************************************************************************************************
             -********/
  22          #include "reg52.h"
  23          
  24          //运行晶振：12MHZ
  25          #define TIMER0_H   (65536-1800)/256//定时2Ms
  26          #define TIMER0_L   (65536-1800)%256
  27          
  28          #define SYS_Fosc        12000000  //晶振频率         
  29          #define COMM_BAUD_RATE  9600      //串口波特率
  30          
  31          #define OSC_FREQ        12000000  //12000000  
  32          
  33          static INT8U Send_buf[10] = {0} ;
*** ERROR C129 IN LINE 33 OF src\main.c: missing ';' before 'Send_buf'
  34          static INT8U Recv_buf[10] = {0};
  35          
  36          static INT8U SendDataLen = 0;
  37          static INT8U ResendDataLen = 0;
  38          
  39          /******************************串口1的波特率********************************/
  40          //T1作波特率发生器
  41          //在波特率加倍情况下 
  42          #define BAUD_57600          256 - (OSC_FREQ/192L)/57600L    // 254 FF
  43          #define BAUD_28800          256 - (OSC_FREQ/192L)/28800L    // 254 FE
  44          #define BAUD_19200          256 - (OSC_FREQ/192L)/19200L    // 253 FD
  45          #define BAUD_14400          256 - (OSC_FREQ/192L)/14400L    // 252 FC
  46          #define BAUD_9600           256 - (OSC_FREQ/192L)/9600L     // 250 FA
  47          
  48          /*****************************************************************************************************
  49           - 功能描述：10us的延时函数
  50           - 隶属模块：常用函数库(内部)
  51           - 参数说明：无
C51 COMPILER V9.52.0.0   MAIN                                                              05/20/2019 17:41:37 PAGE 2   

  52           - 返回参数：无
  53           - 注： 在这里的运行环境是51,晶振为12MHZ    
  54          *****************************************************************************************************/
  55          void Delay_Us(INT32U z)
  56          {
  57            while(z--);
  58          }
  59          
  60          /***********************毫秒级别延时************************/
  61          
  62          void Delay_Ms(INT32U z)
  63          {
  64            INT32U x=0 , y=0;
  65            for(x=110 ; x>0 ;x--)
  66            for(y=z; y>0;y-- );
  67          }
  68          
  69          /*****************************************************************************************************
  70           - 功能描述： 串口1初始化
  71           - 隶属模块： 外部
  72           - 参数说明： 无
  73           - 返回说明： 无
  74           - 注：       都是9600波特率
  75          *****************************************************************************************************/
  76          void Serial_init(void)
  77          {
  78            TMOD = 0x20;                // 设置 T1 为波特率发生器
  79            SCON = 0x50;                // 0101,0000 8位数据位, 无奇偶校验
  80                        
  81            PCON = 0x00;                //PCON=0;
  82          
  83            TH1=256-(SYS_Fosc/COMM_BAUD_RATE/32/12);//设置为9600波特率
  84            TL1=256-(SYS_Fosc/COMM_BAUD_RATE/32/12);
  85          
  86              TR1     = 1;         //定时器1打开
  87              REN     = 1;         //串口1接收使能
  88              ES      = 1;         //串口1中断使能
  89          }
  90          
  91          
  92          /********************************************************************************************
  93           - 功能描述： 串口发送一个字节
  94           - 隶属模块： 外部
  95           - 参数说明：
  96           - 返回说明：
  97           - 注：       
  98          ********************************************************************************************/
  99          void Uart_PutByte(INT8U ch)
 100          {
 101              SBUF  = ch;
 102              while(!TI){;}
 103              TI = 0;
 104          }
 105          
 106          /*****************************************************************************************************
 107           - 功能描述： 串口发送一帧数据
 108           - 隶属模块： 内部 
 109           - 参数说明： 
 110           - 返回说明： 
 111           - 注：无     
 112          *****************************************************************************************************/
 113          void SendCmd(INT8U len)
C51 COMPILER V9.52.0.0   MAIN                                                              05/20/2019 17:41:37 PAGE 3   

 114          {
 115              INT8U i = 0 ;
 116          
 117              Uart_PutByte(0x7E); //起始
 118              for(i=0; i<len; i++)//数据
 119              {
 120                  Uart_PutByte(Send_buf[i]) ;
 121              }
 122              Uart_PutByte(0xEF) ;//结束
 123          }
 124          
 125          /********************************************************************************************
 126           - 功能描述：求和校验
 127           - 隶属模块：
 128           - 参数说明：
 129           - 返回说明：
 130           - 注：      和校验的思路如下
 131                       发送的指令，去掉起始和结束。将中间的6个字节进行累加，最后取反码
 132                       接收端就将接收到的一帧数据，去掉起始和结束。将中间的数据累加，再加上接收到的校验
 133                       字节。刚好为0.这样就代表接收到的数据完全正确。
 134          ********************************************************************************************/
 135          void DoSum( INT8U *Str, INT8U len)
 136          {
 137              INT16U xorsum = 0;
 138              INT8U i;
 139          
 140              for(i=0; i<len; i++)
 141              {
 142                  xorsum  = xorsum + Str[i];
 143              }
 144            xorsum     = 0 -xorsum;
 145            *(Str+i)   = (INT8U)(xorsum >>8);
 146            *(Str+i+1) = (INT8U)(xorsum & 0x00ff);
 147          }
 148          
 149          
 150          /********************************************************************************************
 151           - 功能描述： 串口向外发送命令[包括控制和查询]
 152           - 隶属模块： 外部
 153           - 参数说明： CMD:表示控制指令，请查阅指令表，还包括查询的相关指令
 154                        feedback:是否需要应答[0:不需要应答，1:需要应答]
 155                        data:传送的参数
 156           - 返回说明：
 157           - 注：       
 158          ********************************************************************************************/
 159          void Uart_SendCMD(INT8U CMD ,INT8U feedback , INT16U dat)
 160          {
 161              Send_buf[0] = 0xff;    //保留字节 
 162              Send_buf[1] = 0x06;    //长度
 163              Send_buf[2] = CMD;     //控制指令
 164              Send_buf[3] = feedback;//是否需要反馈
 165              Send_buf[4] = (INT8U)(dat >> 8);//datah
 166              Send_buf[5] = (INT8U)(dat);     //datal
 167              DoSum(&Send_buf[0],6);        //校验
 168              SendCmd(8);       //发送此帧数据
 169          }
 170          
 171          void main()
 172          { 
 173            Delay_Us(1) ;
 174            Delay_Ms(1) ;
 175          
C51 COMPILER V9.52.0.0   MAIN                                                              05/20/2019 17:41:37 PAGE 4   

 176            Serial_init() ;
 177          
 178              Delay_Ms(2000) ;//延时大概6S
 179              
 180              Uart_SendCMD(0x03 , 0 , 0x02) ;//播放第一首
 181              
 182              Delay_Ms(2000) ;//延时大概6S
 183              
 184              Uart_SendCMD(0x03 , 0 , 0x01) ;//播放第二首
 185          
 186              Delay_Ms(2000) ;//延时大概6S
 187          
 188              Uart_SendCMD(0x03 , 0 , 0x06) ;//播放第四首
 189          
 190              while(1) ;
 191          }

C51 COMPILATION COMPLETE.  0 WARNING(S),  1 ERROR(S)
