Component: ARM Compiler 5.06 update 6 (build 750) Tool: armlink [4d35ed]

==============================================================================

Section Cross References

    main.o(i.main) refers to _printf_percent.o(.ARM.Collect$$_printf_percent$$00000000) for _printf_percent
    main.o(i.main) refers to _printf_d.o(.ARM.Collect$$_printf_percent$$00000009) for _printf_d
    main.o(i.main) refers to _printf_dec.o(.text) for _printf_int_dec
    main.o(i.main) refers to delay.o(i.delay_init) for delay_init
    main.o(i.main) refers to led.o(i.LED_Init) for LED_Init
    main.o(i.main) refers to spix.o(i.initSPIx) for initSPIx
    main.o(i.main) refers to usart.o(i.uart_init) for uart_init
    main.o(i.main) refers to sx1278.o(i.initSX1278) for initSX1278
    main.o(i.main) refers to bsp_i2c_gpio.o(i.i2c_CfgGpio) for i2c_CfgGpio
    main.o(i.main) refers to oled_i2c.o(i.OLED_Init) for OLED_Init
    main.o(i.main) refers to oled_i2c.o(i.OLED_Fill) for OLED_Fill
    main.o(i.main) refers to noretval__2printf.o(.text) for __2printf
    main.o(i.main) refers to dht11.o(i.DHT11_Init) for DHT11_Init
    main.o(i.main) refers to oled_i2c.o(i.OLED_ShowStr) for OLED_ShowStr
    main.o(i.main) refers to dht11.o(i.DHT11_Read_Data) for DHT11_Read_Data
    main.o(i.main) refers to noretval__2sprintf.o(.text) for __2sprintf
    main.o(i.main) refers to nodebus.o(i.processMasterAsk) for processMasterAsk
    main.o(i.main) refers to delay.o(i.delay_ms) for delay_ms
    main.o(i.main) refers to main.o(.data) for DeviceBlock_StructureArray
    system_stm32f10x.o(i.SetSysClock) refers to system_stm32f10x.o(i.SetSysClockTo72) for SetSysClockTo72
    system_stm32f10x.o(i.SystemCoreClockUpdate) refers to system_stm32f10x.o(.data) for SystemCoreClock
    system_stm32f10x.o(i.SystemInit) refers to system_stm32f10x.o(i.SetSysClock) for SetSysClock
    led.o(i.LED_Init) refers to stm32f10x_rcc.o(i.RCC_APB2PeriphClockCmd) for RCC_APB2PeriphClockCmd
    led.o(i.LED_Init) refers to stm32f10x_gpio.o(i.GPIO_Init) for GPIO_Init
    led.o(i.LED_Init) refers to stm32f10x_gpio.o(i.GPIO_SetBits) for GPIO_SetBits
    spix.o(i.initSPIx) refers to stm32f10x_rcc.o(i.RCC_APB2PeriphClockCmd) for RCC_APB2PeriphClockCmd
    spix.o(i.initSPIx) refers to stm32f10x_rcc.o(i.RCC_APB1PeriphClockCmd) for RCC_APB1PeriphClockCmd
    spix.o(i.initSPIx) refers to stm32f10x_gpio.o(i.GPIO_Init) for GPIO_Init
    spix.o(i.initSPIx) refers to stm32f10x_gpio.o(i.GPIO_SetBits) for GPIO_SetBits
    spix.o(i.initSPIx) refers to stm32f10x_spi.o(i.SPI_Init) for SPI_Init
    spix.o(i.initSPIx) refers to stm32f10x_spi.o(i.SPI_Cmd) for SPI_Cmd
    spix.o(i.readSPIxByte) refers to stm32f10x_spi.o(i.SPI_I2S_GetFlagStatus) for SPI_I2S_GetFlagStatus
    spix.o(i.readSPIxByte) refers to stm32f10x_spi.o(i.SPI_I2S_ClearFlag) for SPI_I2S_ClearFlag
    spix.o(i.readSPIxByte) refers to stm32f10x_spi.o(i.SPI_I2S_SendData) for SPI_I2S_SendData
    spix.o(i.readSPIxByte) refers to stm32f10x_spi.o(i.SPI_I2S_ReceiveData) for SPI_I2S_ReceiveData
    spix.o(i.sendSPIxByte) refers to stm32f10x_spi.o(i.SPI_I2S_GetFlagStatus) for SPI_I2S_GetFlagStatus
    spix.o(i.sendSPIxByte) refers to stm32f10x_spi.o(i.SPI_I2S_ClearFlag) for SPI_I2S_ClearFlag
    spix.o(i.sendSPIxByte) refers to stm32f10x_spi.o(i.SPI_I2S_SendData) for SPI_I2S_SendData
    spix.o(i.sendSPIxByte) refers to stm32f10x_spi.o(i.SPI_I2S_ReceiveData) for SPI_I2S_ReceiveData
    spix.o(i.setNSS) refers to stm32f10x_gpio.o(i.GPIO_SetBits) for GPIO_SetBits
    spix.o(i.setNSS) refers to stm32f10x_gpio.o(i.GPIO_ResetBits) for GPIO_ResetBits
    sx1278.o(i.initSX1278) refers to stm32f10x_rcc.o(i.RCC_APB2PeriphClockCmd) for RCC_APB2PeriphClockCmd
    sx1278.o(i.initSX1278) refers to stm32f10x_gpio.o(i.GPIO_Init) for GPIO_Init
    sx1278.o(i.initSX1278) refers to stm32f10x_gpio.o(i.GPIO_SetBits) for GPIO_SetBits
    sx1278.o(i.initSX1278) refers to sx1278.o(i.resetSX1278) for resetSX1278
    sx1278.o(i.initSX1278) refers to sx1278.o(i.setSX1278OpMode) for setSX1278OpMode
    sx1278.o(i.initSX1278) refers to sx1278.o(i.setSX1278LoRaFSK) for setSX1278LoRaFSK
    sx1278.o(i.initSX1278) refers to sx1278.o(i.writeSX1278) for writeSX1278
    sx1278.o(i.initSX1278) refers to sx1278.o(i.setSX1278RFFrequency) for setSX1278RFFrequency
    sx1278.o(i.initSX1278) refers to sx1278.o(i.setSX1278RFPower) for setSX1278RFPower
    sx1278.o(i.initSX1278) refers to sx1278.o(i.setSX1278SpreadingFactor) for setSX1278SpreadingFactor
    sx1278.o(i.initSX1278) refers to sx1278.o(i.setSX1278ErrCode) for setSX1278ErrCode
    sx1278.o(i.initSX1278) refers to sx1278.o(i.setSX1278PacketCRC) for setSX1278PacketCRC
    sx1278.o(i.initSX1278) refers to sx1278.o(i.setSX1278BandWidth) for setSX1278BandWidth
    sx1278.o(i.initSX1278) refers to sx1278.o(i.setSX1278ImplicitHeader) for setSX1278ImplicitHeader
    sx1278.o(i.initSX1278) refers to sx1278.o(i.setSX1278PayLoadLength) for setSX1278PayLoadLength
[...]
    rtexit.o(.ARM.exidx) refers (Special) to rtexit2.o(.ARM.Collect$$rtexit$$00000002) for __rt_exit_prels_1
    rtexit.o(.ARM.exidx) refers to rtexit.o(.ARM.Collect$$rtexit$$00000000) for .ARM.Collect$$rtexit$$00000000
    libinit2.o(.ARM.Collect$$libinit$$00000010) refers to libinit2.o(.ARM.Collect$$libinit$$0000000F) for .ARM.Collect$$libinit$$0000000F
    libinit2.o(.ARM.Collect$$libinit$$00000012) refers to libinit2.o(.ARM.Collect$$libinit$$0000000F) for .ARM.Collect$$libinit$$0000000F
    libinit2.o(.ARM.Collect$$libinit$$00000014) refers to libinit2.o(.ARM.Collect$$libinit$$0000000F) for .ARM.Collect$$libinit$$0000000F
    libinit2.o(.ARM.Collect$$libinit$$00000016) refers to libinit2.o(.ARM.Collect$$libinit$$0000000F) for .ARM.Collect$$libinit$$0000000F
    libinit2.o(.ARM.Collect$$libinit$$00000018) refers to libinit2.o(.ARM.Collect$$libinit$$0000000F) for .ARM.Collect$$libinit$$0000000F
    libinit2.o(.ARM.Collect$$libinit$$00000026) refers to argv_veneer.o(.emb_text) for __ARM_argv_veneer
    libinit2.o(.ARM.Collect$$libinit$$00000027) refers to argv_veneer.o(.emb_text) for __ARM_argv_veneer
    rtexit2.o(.ARM.Collect$$rtexit$$00000003) refers to libshutdown.o(.ARM.Collect$$libshutdown$$00000000) for __rt_lib_shutdown
    rtexit2.o(.ARM.Collect$$rtexit$$00000004) refers to usart.o(i._sys_exit) for _sys_exit
    rtexit2.o(.ARM.exidx) refers to rtexit2.o(.ARM.Collect$$rtexit$$00000001) for .ARM.Collect$$rtexit$$00000001
    rtexit2.o(.ARM.exidx) refers to rtexit2.o(.ARM.Collect$$rtexit$$00000003) for .ARM.Collect$$rtexit$$00000003
    rtexit2.o(.ARM.exidx) refers to rtexit2.o(.ARM.Collect$$rtexit$$00000004) for .ARM.Collect$$rtexit$$00000004
    argv_veneer.o(.emb_text) refers to no_argv.o(.text) for __ARM_get_argv
    _get_argv_nomalloc.o(.text) refers (Special) to hrguard.o(.text) for __heap_region$guard
    _get_argv_nomalloc.o(.text) refers to defsig_rtmem_outer.o(.text) for __rt_SIGRTMEM
    _get_argv_nomalloc.o(.text) refers to sys_command.o(.text) for _sys_command_string
    libshutdown.o(.ARM.Collect$$libshutdown$$00000000) refers (Special) to libshutdown2.o(.ARM.Collect$$libshutdown$$00000002) for __rt_lib_shutdown_cpp_1
    libshutdown.o(.ARM.Collect$$libshutdown$$00000000) refers (Special) to libshutdown2.o(.ARM.Collect$$libshutdown$$00000007) for __rt_lib_shutdown_fp_trap_1
    libshutdown.o(.ARM.Collect$$libshutdown$$00000000) refers (Special) to libshutdown2.o(.ARM.Collect$$libshutdown$$0000000F) for __rt_lib_shutdown_heap_1
    libshutdown.o(.ARM.Collect$$libshutdown$$00000000) refers (Special) to libshutdown2.o(.ARM.Collect$$libshutdown$$00000010) for __rt_lib_shutdown_return
    libshutdown.o(.ARM.Collect$$libshutdown$$00000000) refers (Special) to libshutdown2.o(.ARM.Collect$$libshutdown$$0000000A) for __rt_lib_shutdown_signal_1
    libshutdown.o(.ARM.Collect$$libshutdown$$00000000) refers (Special) to libshutdown2.o(.ARM.Collect$$libshutdown$$00000004) for __rt_lib_shutdown_stdio_1
    libshutdown.o(.ARM.Collect$$libshutdown$$00000000) refers (Special) to libshutdown2.o(.ARM.Collect$$libshutdown$$0000000C) for __rt_lib_shutdown_user_alloc_1
    sys_command.o(.text) refers (Special) to use_no_semi.o(.text) for __I$use$semihosting
    sys_command.o(.text) refers (Special) to indicate_semi.o(.text) for __semihosting_library_function
    defsig_rtmem_outer.o(.text) refers to defsig_rtmem_inner.o(.text) for __rt_SIGRTMEM_inner
    defsig_rtmem_outer.o(.text) refers to defsig_exit.o(.text) for __sig_exit
    defsig_rtmem_formal.o(.text) refers to rt_raise.o(.text) for __rt_raise
    rt_raise.o(.text) refers to __raise.o(.text) for __raise
    rt_raise.o(.text) refers to usart.o(i._sys_exit) for _sys_exit
    defsig_exit.o(.text) refers to usart.o(i._sys_exit) for _sys_exit
    defsig_rtmem_inner.o(.text) refers to defsig_general.o(.text) for __default_signal_display
    __raise.o(.text) refers to defsig.o(CL$$defsig) for __default_signal_handler
    defsig_general.o(.text) refers to sys_wrch.o(.text) for _ttywrch
    sys_wrch.o(.text) refers (Special) to use_no_semi.o(.text) for __I$use$semihosting
    sys_wrch.o(.text) refers (Special) to indicate_semi.o(.text) for __semihosting_library_function
    defsig.o(CL$$defsig) refers to defsig_rtmem_inner.o(.text) for __rt_SIGRTMEM_inner
    defsig_abrt_inner.o(.text) refers to defsig_general.o(.text) for __default_signal_display
    defsig_fpe_inner.o(.text) refers to defsig_general.o(.text) for __default_signal_display
    defsig_rtred_inner.o(.text) refers to defsig_general.o(.text) for __default_signal_display
    defsig_stak_inner.o(.text) refers to defsig_general.o(.text) for __default_signal_display
    defsig_pvfn_inner.o(.text) refers to defsig_general.o(.text) for __default_signal_display
    defsig_cppl_inner.o(.text) refers to defsig_general.o(.text) for __default_signal_display
    defsig_segv_inner.o(.text) refers to defsig_general.o(.text) for __default_signal_display
    defsig_other.o(.text) refers to defsig_general.o(.text) for __default_signal_display


==============================================================================

Removing Unused input sections from the image.

    Removing system_stm32f10x.o(i.SystemCoreClockUpdate), (164 bytes).
    Removing bsp_i2c_gpio.o(i.i2c_Ack), (48 bytes).
    Removing bsp_i2c_gpio.o(i.i2c_NAck), (40 bytes).
    Removing bsp_i2c_gpio.o(i.i2c_ReadByte), (68 bytes).
    Removing oled_i2c.o(i.OLED_CLS), (10 bytes).
    Removing oled_i2c.o(i.OLED_CheckDevice), (28 bytes).
    Removing oled_i2c.o(i.OLED_DrawBMP), (116 bytes).
    Removing oled_i2c.o(i.OLED_OFF), (22 bytes).
    Removing oled_i2c.o(i.OLED_ON), (22 bytes).
    Removing oled_i2c.o(i.OLED_Refresh_Gram), (76 bytes).
    Removing oled_i2c.o(i.OLED_ShowCN), (84 bytes).
    Removing oled_i2c.o(i.OLED_ShowCN1), (84 bytes).
    Removing oled_i2c.o(i.OLED_Test), (20 bytes).
    Removing oled_i2c.o(.bss), (1024 bytes).
    Removing oled_i2c.o(.data), (1088 bytes).
    Removing relay.o(i.Relay_cfg), (52 bytes).
    Removing sys.o(.emb_text), (6 bytes).
    Removing sys.o(i.INTX_DISABLE), (4 bytes).
    Removing sys.o(i.INTX_ENABLE), (4 bytes).
    Removing sys.o(i.WFI_SET), (4 bytes).
    Removing core_cm3.o(.emb_text), (32 bytes).
    Removing misc.o(i.NVIC_PriorityGroupConfig), (20 bytes).
    Removing misc.o(i.NVIC_SetVectorTable), (20 bytes).
    Removing misc.o(i.NVIC_SystemLPConfig), (32 bytes).
    Removing stm32f10x_gpio.o(i.GPIO_AFIODeInit), (20 bytes).
    Removing stm32f10x_gpio.o(i.GPIO_DeInit), (200 bytes).
    Removing stm32f10x_gpio.o(i.GPIO_ETH_MediaInterfaceConfig), (12 bytes).
    Removing stm32f10x_gpio.o(i.GPIO_EXTILineConfig), (64 bytes).
    Removing stm32f10x_gpio.o(i.GPIO_EventOutputCmd), (12 bytes).
    Removing stm32f10x_gpio.o(i.GPIO_EventOutputConfig), (32 bytes).
    Removing stm32f10x_gpio.o(i.GPIO_PinLockConfig), (18 bytes).
    Removing stm32f10x_gpio.o(i.GPIO_PinRemapConfig), (144 bytes).
    Removing stm32f10x_gpio.o(i.GPIO_ReadInputData), (8 bytes).
    Removing stm32f10x_gpio.o(i.GPIO_ReadInputDataBit), (18 bytes).
    Removing stm32f10x_gpio.o(i.GPIO_ReadOutputData), (8 bytes).
    Removing stm32f10x_gpio.o(i.GPIO_ReadOutputDataBit), (18 bytes).
    Removing stm32f10x_gpio.o(i.GPIO_StructInit), (16 bytes).
    Removing stm32f10x_gpio.o(i.GPIO_Write), (4 bytes).
    Removing stm32f10x_gpio.o(i.GPIO_WriteBit), (10 bytes).
    Removing stm32f10x_dbgmcu.o(i.DBGMCU_Config), (32 bytes).
    Removing stm32f10x_dbgmcu.o(i.DBGMCU_GetDEVID), (16 bytes).
    Removing stm32f10x_dbgmcu.o(i.DBGMCU_GetREVID), (12 bytes).
    Removing stm32f10x_rcc.o(i.RCC_ADCCLKConfig), (24 bytes).
    Removing stm32f10x_rcc.o(i.RCC_AHBPeriphClockCmd), (32 bytes).
    Removing stm32f10x_rcc.o(i.RCC_APB1PeriphResetCmd), (32 bytes).
    Removing stm32f10x_rcc.o(i.RCC_APB2PeriphResetCmd), (32 bytes).
    Removing stm32f10x_rcc.o(i.RCC_AdjustHSICalibrationValue), (24 bytes).
    Removing stm32f10x_rcc.o(i.RCC_BackupResetCmd), (12 bytes).
    Removing stm32f10x_rcc.o(i.RCC_ClearFlag), (20 bytes).
    Removing stm32f10x_rcc.o(i.RCC_ClearITPendingBit), (12 bytes).
    Removing stm32f10x_rcc.o(i.RCC_ClockSecuritySystemCmd), (12 bytes).
    Removing stm32f10x_rcc.o(i.RCC_DeInit), (76 bytes).
    Removing stm32f10x_rcc.o(i.RCC_GetFlagStatus), (60 bytes).
    Removing stm32f10x_rcc.o(i.RCC_GetITStatus), (24 bytes).
    Removing stm32f10x_rcc.o(i.RCC_GetSYSCLKSource), (16 bytes).
    Removing stm32f10x_rcc.o(i.RCC_HCLKConfig), (24 bytes).
    Removing stm32f10x_rcc.o(i.RCC_HSEConfig), (76 bytes).
    Removing stm32f10x_rcc.o(i.RCC_HSICmd), (12 bytes).
    Removing stm32f10x_rcc.o(i.RCC_ITConfig), (32 bytes).
    Removing stm32f10x_rcc.o(i.RCC_LSEConfig), (52 bytes).
    Removing stm32f10x_rcc.o(i.RCC_LSICmd), (12 bytes).
    Removing stm32f10x_rcc.o(i.RCC_MCOConfig), (12 bytes).
    Removing stm32f10x_rcc.o(i.RCC_PCLK1Config), (24 bytes).
    Removing stm32f10x_rcc.o(i.RCC_PCLK2Config), (24 bytes).
    Removing stm32f10x_rcc.o(i.RCC_PLLCmd), (12 bytes).
    Removing stm32f10x_rcc.o(i.RCC_PLLConfig), (28 bytes).
    Removing stm32f10x_rcc.o(i.RCC_RTCCLKCmd), (12 bytes).
    Removing stm32f10x_rcc.o(i.RCC_RTCCLKConfig), (16 bytes).
    Removing stm32f10x_rcc.o(i.RCC_SYSCLKConfig), (24 bytes).
    Removing stm32f10x_rcc.o(i.RCC_USBCLKConfig), (12 bytes).
    Removing stm32f10x_rcc.o(i.RCC_WaitForHSEStartUp), (56 bytes).
    Removing stm32f10x_usart.o(i.USART_ClearFlag), (18 bytes).
    Removing stm32f10x_usart.o(i.USART_ClearITPendingBit), (30 bytes).
    Removing stm32f10x_usart.o(i.USART_ClockInit), (34 bytes).
    Removing stm32f10x_usart.o(i.USART_ClockStructInit), (12 bytes).
    Removing stm32f10x_usart.o(i.USART_DMACmd), (18 bytes).
    Removing stm32f10x_usart.o(i.USART_DeInit), (156 bytes).
    Removing stm32f10x_usart.o(i.USART_GetFlagStatus), (26 bytes).
    Removing stm32f10x_usart.o(i.USART_HalfDuplexCmd), (24 bytes).
    Removing stm32f10x_usart.o(i.USART_IrDACmd), (24 bytes).
    Removing stm32f10x_usart.o(i.USART_IrDAConfig), (18 bytes).
    Removing stm32f10x_usart.o(i.USART_LINBreakDetectLengthConfig), (18 bytes).
    Removing stm32f10x_usart.o(i.USART_LINCmd), (24 bytes).
    Removing stm32f10x_usart.o(i.USART_OneBitMethodCmd), (24 bytes).
    Removing stm32f10x_usart.o(i.USART_OverSampling8Cmd), (22 bytes).
    Removing stm32f10x_usart.o(i.USART_ReceiverWakeUpCmd), (24 bytes).
    Removing stm32f10x_usart.o(i.USART_SendBreak), (10 bytes).
    Removing stm32f10x_usart.o(i.USART_SendData), (8 bytes).
    Removing stm32f10x_usart.o(i.USART_SetAddress), (18 bytes).
    Removing stm32f10x_usart.o(i.USART_SetGuardTime), (16 bytes).
    Removing stm32f10x_usart.o(i.USART_SetPrescaler), (16 bytes).
    Removing stm32f10x_usart.o(i.USART_SmartCardCmd), (24 bytes).
    Removing stm32f10x_usart.o(i.USART_SmartCardNACKCmd), (24 bytes).
    Removing stm32f10x_usart.o(i.USART_StructInit), (24 bytes).
    Removing stm32f10x_usart.o(i.USART_WakeUpConfig), (18 bytes).
    Removing stm32f10x_spi.o(i.I2S_Cmd), (24 bytes).
    Removing stm32f10x_spi.o(i.I2S_Init), (232 bytes).
    Removing stm32f10x_spi.o(i.I2S_StructInit), (20 bytes).
    Removing stm32f10x_spi.o(i.SPI_BiDirectionalLineConfig), (28 bytes).
    Removing stm32f10x_spi.o(i.SPI_CalculateCRC), (24 bytes).
    Removing stm32f10x_spi.o(i.SPI_DataSizeConfig), (18 bytes).
    Removing stm32f10x_spi.o(i.SPI_GetCRC), (16 bytes).
    Removing stm32f10x_spi.o(i.SPI_GetCRCPolynomial), (6 bytes).
    Removing stm32f10x_spi.o(i.SPI_I2S_ClearITPendingBit), (20 bytes).
    Removing stm32f10x_spi.o(i.SPI_I2S_DMACmd), (18 bytes).
    Removing stm32f10x_spi.o(i.SPI_I2S_DeInit), (88 bytes).
    Removing stm32f10x_spi.o(i.SPI_I2S_GetITStatus), (52 bytes).
    Removing stm32f10x_spi.o(i.SPI_I2S_ITConfig), (32 bytes).
    Removing stm32f10x_spi.o(i.SPI_NSSInternalSoftwareConfig), (30 bytes).
    Removing stm32f10x_spi.o(i.SPI_SSOutputCmd), (24 bytes).
    Removing stm32f10x_spi.o(i.SPI_StructInit), (24 bytes).
    Removing stm32f10x_spi.o(i.SPI_TransmitCRC), (10 bytes).
    Removing nodebus.o(i.RecvSlaveAck), (160 bytes).
    Removing nodebus.o(i.SendMasterCommand), (72 bytes).

114 unused section(s) (total 6044 bytes) removed from the image.

==============================================================================

Image Symbol Table

    Local Symbols

    Symbol Name                              Value     Ov Type        Size  Object(Section)

    ../clib/angel/boardlib.s                 0x00000000   Number         0  boardinit3.o ABSOLUTE
    ../clib/angel/boardlib.s                 0x00000000   Number         0  boardinit2.o ABSOLUTE
    ../clib/angel/boardlib.s                 0x00000000   Number         0  boardinit1.o ABSOLUTE
    ../clib/angel/boardlib.s                 0x00000000   Number         0  boardshut.o ABSOLUTE
    ../clib/angel/handlers.s                 0x00000000   Number         0  __scatter_copy.o ABSOLUTE
    ../clib/angel/handlers.s                 0x00000000   Number         0  __scatter_zi.o ABSOLUTE
    ../clib/angel/kernel.s                   0x00000000   Number         0  __rtentry4.o ABSOLUTE
    ../clib/angel/kernel.s                   0x00000000   Number         0  rtexit.o ABSOLUTE
    ../clib/angel/kernel.s                   0x00000000   Number         0  rtexit2.o ABSOLUTE
    ../clib/angel/kernel.s                   0x00000000   Number         0  __rtentry2.o ABSOLUTE
    ../clib/angel/kernel.s                   0x00000000   Number         0  __rtentry.o ABSOLUTE
    ../clib/angel/rt.s                       0x00000000   Number         0  rt_raise.o ABSOLUTE
    ../clib/angel/scatter.s                  0x00000000   Number         0  __scatter.o ABSOLUTE
    ../clib/angel/startup.s                  0x00000000   Number         0  __main.o ABSOLUTE
    ../clib/angel/sys.s                      0x00000000   Number         0  indicate_semi.o ABSOLUTE
    ../clib/angel/sys.s                      0x00000000   Number         0  sys_stackheap_outer.o ABSOLUTE
    ../clib/angel/sys.s                      0x00000000   Number         0  use_no_semi_2.o ABSOLUTE
    ../clib/angel/sys.s                      0x00000000   Number         0  use_no_semi.o ABSOLUTE
    ../clib/angel/sys.s                      0x00000000   Number         0  libspace.o ABSOLUTE
    ../clib/angel/sysapp.c                   0x00000000   Number         0  sys_wrch.o ABSOLUTE
    ../clib/angel/sysapp.c                   0x00000000   Number         0  sys_command.o ABSOLUTE
    ../clib/armsys.c                         0x00000000   Number         0  argv_veneer.o ABSOLUTE
    ../clib/armsys.c                         0x00000000   Number         0  _get_argv_nomalloc.o ABSOLUTE
    ../clib/armsys.c                         0x00000000   Number         0  no_argv.o ABSOLUTE
    ../clib/armsys.c                         0x00000000   Number         0  argv_veneer.o ABSOLUTE
    ../clib/heapalloc.c                      0x00000000   Number         0  hrguard.o ABSOLUTE
    ../clib/heapaux.c                        0x00000000   Number         0  heapauxi.o ABSOLUTE
    ../clib/libinit.s                        0x00000000   Number         0  libshutdown2.o ABSOLUTE
    ../clib/libinit.s                        0x00000000   Number         0  libshutdown.o ABSOLUTE
    ../clib/libinit.s                        0x00000000   Number         0  libinit2.o ABSOLUTE
    ../clib/libinit.s                        0x00000000   Number         0  libinit.o ABSOLUTE
    ../clib/printf.c                         0x00000000   Number         0  _printf_dec.o ABSOLUTE
    ../clib/printf.c                         0x00000000   Number         0  __printf_ss.o ABSOLUTE
    ../clib/printf.c                         0x00000000   Number         0  __printf_flags_ss.o ABSOLUTE
    ../clib/printf.c                         0x00000000   Number         0  __printf_flags_ss_wp.o ABSOLUTE
    ../clib/printf.c                         0x00000000   Number         0  __printf_ss_wp.o ABSOLUTE
    ../clib/printf.c                         0x00000000   Number         0  _printf_intcommon.o ABSOLUTE
    ../clib/printf.c                         0x00000000   Number         0  _printf_char_common.o ABSOLUTE
    ../clib/printf.c                         0x00000000   Number         0  __printf_flags_wp.o ABSOLUTE
    ../clib/printf.c                         0x00000000   Number         0  _printf_char_file.o ABSOLUTE
    ../clib/printf.c                         0x00000000   Number         0  noretval__2sprintf.o ABSOLUTE
    ../clib/printf.c                         0x00000000   Number         0  noretval__2printf.o ABSOLUTE
    ../clib/printf.c                         0x00000000   Number         0  __printf_wp.o ABSOLUTE
    ../clib/printf.c                         0x00000000   Number         0  __printf_nopercent.o ABSOLUTE
    ../clib/printf.c                         0x00000000   Number         0  __printf.o ABSOLUTE
    ../clib/printf.c                         0x00000000   Number         0  __2sprintf.o ABSOLUTE
    ../clib/printf.c                         0x00000000   Number         0  _sputc.o ABSOLUTE
    ../clib/printf.c                         0x00000000   Number         0  __2printf.o ABSOLUTE
    ../clib/printf.c                         0x00000000   Number         0  __printf_flags.o ABSOLUTE
    ../clib/printf_percent.s                 0x00000000   Number         0  _printf_percent.o ABSOLUTE
    ../clib/printf_percent.s                 0x00000000   Number         0  _printf_percent_end.o ABSOLUTE
    ../clib/printf_percent.s                 0x00000000   Number         0  _printf_d.o ABSOLUTE
    ../clib/signal.c                         0x00000000   Number         0  defsig_rtmem_inner.o ABSOLUTE
    ../clib/signal.c                         0x00000000   Number         0  defsig_exit.o ABSOLUTE
    ../clib/signal.c                         0x00000000   Number         0  defsig_other.o ABSOLUTE
    ../clib/signal.c                         0x00000000   Number         0  defsig_rtmem_formal.o ABSOLUTE
    ../clib/signal.c                         0x00000000   Number         0  defsig_rtmem_outer.o ABSOLUTE
    ../clib/signal.c                         0x00000000   Number         0  defsig_segv_inner.o ABSOLUTE
    ../clib/signal.c                         0x00000000   Number         0  defsig_rtred_inner.o ABSOLUTE
    ../clib/signal.c                         0x00000000   Number         0  defsig_cppl_inner.o ABSOLUTE
    ../clib/signal.c                         0x00000000   Number         0  defsig_pvfn_inner.o ABSOLUTE
    ../clib/signal.c                         0x00000000   Number         0  defsig_stak_inner.o ABSOLUTE
    ../clib/signal.c                         0x00000000   Number         0  defsig_fpe_inner.o ABSOLUTE
    ../clib/signal.c                         0x00000000   Number         0  defsig_abrt_inner.o ABSOLUTE
    ../clib/signal.c                         0x00000000   Number         0  defsig_general.o ABSOLUTE
    ../clib/signal.c                         0x00000000   Number         0  __raise.o ABSOLUTE
    ../clib/signal.s                         0x00000000   Number         0  defsig.o ABSOLUTE
    ../clib/stdio.c                          0x00000000   Number         0  ferror_locked.o ABSOLUTE
    ../clib/stdio.c                          0x00000000   Number         0  ferror.o ABSOLUTE
    ../clib/stdlib.c                         0x00000000   Number         0  exit.o ABSOLUTE
    ../fplib/fpinit.s                        0x00000000   Number         0  fpinit.o ABSOLUTE
    ..\CORE\core_cm3.c                       0x00000000   Number         0  core_cm3.o ABSOLUTE
    ..\CORE\startup_stm32f10x_hd.s           0x00000000   Number         0  startup_stm32f10x_hd.o ABSOLUTE
    ..\HARDWARE\DHT11\dht11.c                0x00000000   Number         0  dht11.o ABSOLUTE
    ..\HARDWARE\LED\led.c                    0x00000000   Number         0  led.o ABSOLUTE
    ..\HARDWARE\OLED_I2C\OLED_I2C.c          0x00000000   Number         0  oled_i2c.o ABSOLUTE
    ..\HARDWARE\OLED_I2C\bsp_i2c_gpio.c      0x00000000   Number         0  bsp_i2c_gpio.o ABSOLUTE
    ..\HARDWARE\RELAY\relay.c                0x00000000   Number         0  relay.o ABSOLUTE
    ..\HARDWARE\SPI\SPIx.c                   0x00000000   Number         0  spix.o ABSOLUTE
    ..\HARDWARE\SX1278\SX1278.c              0x00000000   Number         0  sx1278.o ABSOLUTE
    ..\NodeBus\NodeBus.c                     0x00000000   Number         0  nodebus.o ABSOLUTE
    ..\STM32F10x_FWLib\src\misc.c            0x00000000   Number         0  misc.o ABSOLUTE
    ..\STM32F10x_FWLib\src\stm32f10x_dbgmcu.c 0x00000000   Number         0  stm32f10x_dbgmcu.o ABSOLUTE
    ..\STM32F10x_FWLib\src\stm32f10x_gpio.c  0x00000000   Number         0  stm32f10x_gpio.o ABSOLUTE
    ..\STM32F10x_FWLib\src\stm32f10x_rcc.c   0x00000000   Number         0  stm32f10x_rcc.o ABSOLUTE
    ..\STM32F10x_FWLib\src\stm32f10x_spi.c   0x00000000   Number         0  stm32f10x_spi.o ABSOLUTE
    ..\STM32F10x_FWLib\src\stm32f10x_usart.c 0x00000000   Number         0  stm32f10x_usart.o ABSOLUTE
    ..\SYSTEM\delay\delay.c                  0x00000000   Number         0  delay.o ABSOLUTE
    ..\SYSTEM\sys\sys.c                      0x00000000   Number         0  sys.o ABSOLUTE
    ..\SYSTEM\usart\usart.c                  0x00000000   Number         0  usart.o ABSOLUTE
    ..\\CORE\\core_cm3.c                     0x00000000   Number         0  core_cm3.o ABSOLUTE
    ..\\SYSTEM\\sys\\sys.c                   0x00000000   Number         0  sys.o ABSOLUTE
    dc.s                                     0x00000000   Number         0  dc.o ABSOLUTE
    main.c                                   0x00000000   Number         0  main.o ABSOLUTE
    stm32f10x_it.c                           0x00000000   Number         0  stm32f10x_it.o ABSOLUTE
    system_stm32f10x.c                       0x00000000   Number         0  system_stm32f10x.o ABSOLUTE
    RESET                                    0x08000000   Section      304  startup_stm32f10x_hd.o(RESET)
    !!!main                                  0x08000130   Section        8  __main.o(!!!main)
    !!!scatter                               0x08000138   Section       52  __scatter.o(!!!scatter)
    !!handler_copy                           0x0800016c   Section       26  __scatter_copy.o(!!handler_copy)
    !!handler_zi                             0x08000188   Section       28  __scatter_zi.o(!!handler_zi)
    .ARM.Collect$$_printf_percent$$00000000  0x080001a4   Section        0  _printf_percent.o(.ARM.Collect$$_printf_percent$$00000000)
    .ARM.Collect$$_printf_percent$$00000009  0x080001a4   Section        6  _printf_d.o(.ARM.Collect$$_printf_percent$$00000009)
    .ARM.Collect$$_printf_percent$$00000017  0x080001aa   Section        4  _printf_percent_end.o(.ARM.Collect$$_printf_percent$$00000017)
    .ARM.Collect$$libinit$$00000000          0x080001ae   Section        2  libinit.o(.ARM.Collect$$libinit$$00000000)
    .ARM.Collect$$libinit$$00000002          0x080001b0   Section        0  libinit2.o(.ARM.Collect$$libinit$$00000002)
    .ARM.Collect$$libinit$$00000004          0x080001b0   Section        0  libinit2.o(.ARM.Collect$$libinit$$00000004)
    .ARM.Collect$$libinit$$0000000A          0x080001b0   Section        0  libinit2.o(.ARM.Collect$$libinit$$0000000A)
    .ARM.Collect$$libinit$$0000000C          0x080001b0   Section        0  libinit2.o(.ARM.Collect$$libinit$$0000000C)
    .ARM.Collect$$libinit$$0000000E          0x080001b0   Section        0  libinit2.o(.ARM.Collect$$libinit$$0000000E)
    .ARM.Collect$$libinit$$00000011          0x080001b0   Section        0  libinit2.o(.ARM.Collect$$libinit$$00000011)
    .ARM.Collect$$libinit$$00000013          0x080001b0   Section        0  libinit2.o(.ARM.Collect$$libinit$$00000013)
    .ARM.Collect$$libinit$$00000015          0x080001b0   Section        0  libinit2.o(.ARM.Collect$$libinit$$00000015)
    .ARM.Collect$$libinit$$00000017          0x080001b0   Section        0  libinit2.o(.ARM.Collect$$libinit$$00000017)
    .ARM.Collect$$libinit$$00000019          0x080001b0   Section        0  libinit2.o(.ARM.Collect$$libinit$$00000019)
    .ARM.Collect$$libinit$$0000001B          0x080001b0   Section        0  libinit2.o(.ARM.Collect$$libinit$$0000001B)
    .ARM.Collect$$libinit$$0000001D          0x080001b0   Section        0  libinit2.o(.ARM.Collect$$libinit$$0000001D)
    .ARM.Collect$$libinit$$0000001F          0x080001b0   Section        0  libinit2.o(.ARM.Collect$$libinit$$0000001F)
    .ARM.Collect$$libinit$$00000021          0x080001b0   Section        0  libinit2.o(.ARM.Collect$$libinit$$00000021)
    .ARM.Collect$$libinit$$00000023          0x080001b0   Section        0  libinit2.o(.ARM.Collect$$libinit$$00000023)
    .ARM.Collect$$libinit$$00000025          0x080001b0   Section        0  libinit2.o(.ARM.Collect$$libinit$$00000025)
    .ARM.Collect$$libinit$$0000002C          0x080001b0   Section        0  libinit2.o(.ARM.Collect$$libinit$$0000002C)
    .ARM.Collect$$libinit$$0000002E          0x080001b0   Section        0  libinit2.o(.ARM.Collect$$libinit$$0000002E)
    .ARM.Collect$$libinit$$00000030          0x080001b0   Section        0  libinit2.o(.ARM.Collect$$libinit$$00000030)
    .ARM.Collect$$libinit$$00000032          0x080001b0   Section        0  libinit2.o(.ARM.Collect$$libinit$$00000032)
    .ARM.Collect$$libinit$$00000033          0x080001b0   Section        2  libinit2.o(.ARM.Collect$$libinit$$00000033)
    .ARM.Collect$$libshutdown$$00000000      0x080001b2   Section        2  libshutdown.o(.ARM.Collect$$libshutdown$$00000000)
    .ARM.Collect$$libshutdown$$00000002      0x080001b4   Section        0  libshutdown2.o(.ARM.Collect$$libshutdown$$00000002)
    .ARM.Collect$$libshutdown$$00000004      0x080001b4   Section        0  libshutdown2.o(.ARM.Collect$$libshutdown$$00000004)
    .ARM.Collect$$libshutdown$$00000007      0x080001b4   Section        0  libshutdown2.o(.ARM.Collect$$libshutdown$$00000007)
    .ARM.Collect$$libshutdown$$0000000A      0x080001b4   Section        0  libshutdown2.o(.ARM.Collect$$libshutdown$$0000000A)
    .ARM.Collect$$libshutdown$$0000000C      0x080001b4   Section        0  libshutdown2.o(.ARM.Collect$$libshutdown$$0000000C)
    .ARM.Collect$$libshutdown$$0000000F      0x080001b4   Section        0  libshutdown2.o(.ARM.Collect$$libshutdown$$0000000F)
    .ARM.Collect$$libshutdown$$00000010      0x080001b4   Section        2  libshutdown2.o(.ARM.Collect$$libshutdown$$00000010)
    .ARM.Collect$$rtentry$$00000000          0x080001b6   Section        0  __rtentry.o(.ARM.Collect$$rtentry$$00000000)
    .ARM.Collect$$rtentry$$00000002          0x080001b6   Section        0  __rtentry2.o(.ARM.Collect$$rtentry$$00000002)
    .ARM.Collect$$rtentry$$00000004          0x080001b6   Section        6  __rtentry4.o(.ARM.Collect$$rtentry$$00000004)
    .ARM.Collect$$rtentry$$00000009          0x080001bc   Section        0  __rtentry2.o(.ARM.Collect$$rtentry$$00000009)
    .ARM.Collect$$rtentry$$0000000A          0x080001bc   Section        4  __rtentry2.o(.ARM.Collect$$rtentry$$0000000A)
    .ARM.Collect$$rtentry$$0000000C          0x080001c0   Section        0  __rtentry2.o(.ARM.Collect$$rtentry$$0000000C)
    .ARM.Collect$$rtentry$$0000000D          0x080001c0   Section        8  __rtentry2.o(.ARM.Collect$$rtentry$$0000000D)
    .ARM.Collect$$rtexit$$00000000           0x080001c8   Section        2  rtexit.o(.ARM.Collect$$rtexit$$00000000)
    .ARM.Collect$$rtexit$$00000002           0x080001ca   Section        0  rtexit2.o(.ARM.Collect$$rtexit$$00000002)
    .ARM.Collect$$rtexit$$00000003           0x080001ca   Section        4  rtexit2.o(.ARM.Collect$$rtexit$$00000003)
    .ARM.Collect$$rtexit$$00000004           0x080001ce   Section        6  rtexit2.o(.ARM.Collect$$rtexit$$00000004)
    .text                                    0x080001d4   Section       64  startup_stm32f10x_hd.o(.text)
    .text                                    0x08000214   Section        2  use_no_semi_2.o(.text)
    .text                                    0x08000218   Section        0  noretval__2printf.o(.text)
    .text                                    0x08000230   Section        0  noretval__2sprintf.o(.text)
    .text                                    0x08000258   Section        0  __printf.o(.text)
    .text                                    0x080002c0   Section        0  _printf_dec.o(.text)
    .text                                    0x08000338   Section        0  heapauxi.o(.text)
    .text                                    0x0800033e   Section        2  use_no_semi.o(.text)
    .text                                    0x08000340   Section        0  _printf_intcommon.o(.text)
    .text                                    0x080003f4   Section        0  _printf_char_common.o(.text)
    _printf_input_char                       0x080003f5   Thumb Code    10  _printf_char_common.o(.text)
    .text                                    0x08000424   Section        0  _sputc.o(.text)
    .text                                    0x08000430   Section        0  _printf_char_file.o(.text)
    .text                                    0x08000454   Section        0  ferror.o(.text)
    .text                                    0x0800045c   Section       74  sys_stackheap_outer.o(.text)
    .text                                    0x080004a6   Section        0  exit.o(.text)
    .text                                    0x080004b8   Section        8  libspace.o(.text)
    i.BusFault_Handler                       0x080004c0   Section        0  stm32f10x_it.o(i.BusFault_Handler)
    i.DHT11_Check                            0x080004c4   Section        0  dht11.o(i.DHT11_Check)
    i.DHT11_Init                             0x08000528   Section        0  dht11.o(i.DHT11_Init)
    i.DHT11_Read_Bit                         0x08000568   Section        0  dht11.o(i.DHT11_Read_Bit)
    i.DHT11_Read_Byte                        0x080005b4   Section        0  dht11.o(i.DHT11_Read_Byte)
    i.DHT11_Read_Data                        0x080005d2   Section        0  dht11.o(i.DHT11_Read_Data)
    i.DHT11_Rst                              0x0800062c   Section        0  dht11.o(i.DHT11_Rst)
    i.DebugMon_Handler                       0x0800066c   Section        0  stm32f10x_it.o(i.DebugMon_Handler)
    i.GPIO_Init                              0x0800066e   Section        0  stm32f10x_gpio.o(i.GPIO_Init)
    i.GPIO_ResetBits                         0x08000784   Section        0  stm32f10x_gpio.o(i.GPIO_ResetBits)
    i.GPIO_SetBits                           0x08000788   Section        0  stm32f10x_gpio.o(i.GPIO_SetBits)
    i.GetFrameLen                            0x0800078c   Section        0  nodebus.o(i.GetFrameLen)
    i.GetModeBusCRC16                        0x080007ac   Section        0  nodebus.o(i.GetModeBusCRC16)
    GetModeBusCRC16                          0x080007ad   Thumb Code    68  nodebus.o(i.GetModeBusCRC16)
    i.HardFault_Handler                      0x080007f0   Section        0  stm32f10x_it.o(i.HardFault_Handler)
    i.I2C_WriteByte                          0x080007f4   Section        0  oled_i2c.o(i.I2C_WriteByte)
    i.LED_Init                               0x08000834   Section        0  led.o(i.LED_Init)
    i.MemManage_Handler                      0x08000868   Section        0  stm32f10x_it.o(i.MemManage_Handler)
    i.NMI_Handler                            0x0800086c   Section        0  stm32f10x_it.o(i.NMI_Handler)
    i.NVIC_Init                              0x08000870   Section        0  misc.o(i.NVIC_Init)
    i.OLED_Fill                              0x080008e0   Section        0  oled_i2c.o(i.OLED_Fill)
    i.OLED_Init                              0x0800091a   Section        0  oled_i2c.o(i.OLED_Init)
    i.OLED_SetPos                            0x080009ce   Section        0  oled_i2c.o(i.OLED_SetPos)
    i.OLED_ShowStr                           0x080009f8   Section        0  oled_i2c.o(i.OLED_ShowStr)
    i.PendSV_Handler                         0x08000ae4   Section        0  stm32f10x_it.o(i.PendSV_Handler)
    i.RCC_APB1PeriphClockCmd                 0x08000ae8   Section        0  stm32f10x_rcc.o(i.RCC_APB1PeriphClockCmd)
    i.RCC_APB2PeriphClockCmd                 0x08000b08   Section        0  stm32f10x_rcc.o(i.RCC_APB2PeriphClockCmd)
    i.RCC_GetClocksFreq                      0x08000b28   Section        0  stm32f10x_rcc.o(i.RCC_GetClocksFreq)
    i.SPI_Cmd                                0x08000bfc   Section        0  stm32f10x_spi.o(i.SPI_Cmd)
    i.SPI_I2S_ClearFlag                      0x08000c14   Section        0  stm32f10x_spi.o(i.SPI_I2S_ClearFlag)
    i.SPI_I2S_GetFlagStatus                  0x08000c1a   Section        0  stm32f10x_spi.o(i.SPI_I2S_GetFlagStatus)
    i.SPI_I2S_ReceiveData                    0x08000c2c   Section        0  stm32f10x_spi.o(i.SPI_I2S_ReceiveData)
    i.SPI_I2S_SendData                       0x08000c32   Section        0  stm32f10x_spi.o(i.SPI_I2S_SendData)
    i.SPI_Init                               0x08000c36   Section        0  stm32f10x_spi.o(i.SPI_Init)
    i.SVC_Handler                            0x08000c72   Section        0  stm32f10x_it.o(i.SVC_Handler)
    i.SetSysClock                            0x08000c74   Section        0  system_stm32f10x.o(i.SetSysClock)
    SetSysClock                              0x08000c75   Thumb Code     8  system_stm32f10x.o(i.SetSysClock)
    i.SetSysClockTo72                        0x08000c7c   Section        0  system_stm32f10x.o(i.SetSysClockTo72)
    SetSysClockTo72                          0x08000c7d   Thumb Code   214  system_stm32f10x.o(i.SetSysClockTo72)
    i.SysTick_CLKSourceConfig                0x08000d5c   Section        0  misc.o(i.SysTick_CLKSourceConfig)
    i.SysTick_Handler                        0x08000d84   Section        0  stm32f10x_it.o(i.SysTick_Handler)
    i.SystemInit                             0x08000d88   Section        0  system_stm32f10x.o(i.SystemInit)
    i.USART1_IRQHandler                      0x08000de8   Section        0  usart.o(i.USART1_IRQHandler)
    i.USART_Cmd                              0x08000e70   Section        0  stm32f10x_usart.o(i.USART_Cmd)
    i.USART_GetITStatus                      0x08000e88   Section        0  stm32f10x_usart.o(i.USART_GetITStatus)
    i.USART_ITConfig                         0x08000edc   Section        0  stm32f10x_usart.o(i.USART_ITConfig)
    i.USART_Init                             0x08000f28   Section        0  stm32f10x_usart.o(i.USART_Init)
    i.USART_ReceiveData                      0x08001000   Section        0  stm32f10x_usart.o(i.USART_ReceiveData)
    i.UsageFault_Handler                     0x0800100a   Section        0  stm32f10x_it.o(i.UsageFault_Handler)
    i.WriteCmd                               0x0800100e   Section        0  oled_i2c.o(i.WriteCmd)
    i.WriteDat                               0x0800101c   Section        0  oled_i2c.o(i.WriteDat)
    i._sys_exit                              0x0800102a   Section        0  usart.o(i._sys_exit)
    i.delay_init                             0x08001034   Section        0  delay.o(i.delay_init)
    i.delay_ms                               0x08001078   Section        0  delay.o(i.delay_ms)
    i.delay_us                               0x080010c4   Section        0  delay.o(i.delay_us)
    i.fputc                                  0x08001110   Section        0  usart.o(i.fputc)
    i.i2c_CfgGpio                            0x0800112c   Section        0  bsp_i2c_gpio.o(i.i2c_CfgGpio)
    i.i2c_Delay                              0x0800115c   Section        0  bsp_i2c_gpio.o(i.i2c_Delay)
    i2c_Delay                                0x0800115d   Thumb Code    14  bsp_i2c_gpio.o(i.i2c_Delay)
    i.i2c_SendByte                           0x0800116c   Section        0  bsp_i2c_gpio.o(i.i2c_SendByte)
    i.i2c_Start                              0x080011c0   Section        0  bsp_i2c_gpio.o(i.i2c_Start)
    i.i2c_Stop                               0x080011f0   Section        0  bsp_i2c_gpio.o(i.i2c_Stop)
    i.i2c_WaitAck                            0x08001210   Section        0  bsp_i2c_gpio.o(i.i2c_WaitAck)
    i.initSPIx                               0x0800124c   Section        0  spix.o(i.initSPIx)
    i.initSX1278                             0x08001330   Section        0  sx1278.o(i.initSX1278)
    i.main                                   0x080013ec   Section        0  main.o(i.main)
    i.processMasterAsk                       0x080014e0   Section        0  nodebus.o(i.processMasterAsk)
    i.readSPIxByte                           0x080015a8   Section        0  spix.o(i.readSPIxByte)
    i.readSX1278                             0x080015e8   Section        0  sx1278.o(i.readSX1278)
    i.receivePackets                         0x08001614   Section        0  sx1278.o(i.receivePackets)
    i.resetSX1278                            0x08001690   Section        0  sx1278.o(i.resetSX1278)
    i.sendSPIxByte                           0x080016b8   Section        0  spix.o(i.sendSPIxByte)
    i.setNSS                                 0x080016fc   Section        0  spix.o(i.setNSS)
    i.setSX1278BandWidth                     0x08001720   Section        0  sx1278.o(i.setSX1278BandWidth)
    i.setSX1278ErrCode                       0x0800173e   Section        0  sx1278.o(i.setSX1278ErrCode)
    i.setSX1278ImplicitHeader                0x0800175e   Section        0  sx1278.o(i.setSX1278ImplicitHeader)
    i.setSX1278LoRaFSK                       0x0800177c   Section        0  sx1278.o(i.setSX1278LoRaFSK)
    i.setSX1278MobileNode                    0x08001798   Section        0  sx1278.o(i.setSX1278MobileNode)
    i.setSX1278NbTrigPeaks                   0x080017b8   Section        0  sx1278.o(i.setSX1278NbTrigPeaks)
    i.setSX1278OpMode                        0x080017d6   Section        0  sx1278.o(i.setSX1278OpMode)
    i.setSX1278PacketCRC                     0x080017f2   Section        0  sx1278.o(i.setSX1278PacketCRC)
    i.setSX1278PayLoadLength                 0x08001812   Section        0  sx1278.o(i.setSX1278PayLoadLength)
    i.setSX1278RFFrequency                   0x08001820   Section        0  sx1278.o(i.setSX1278RFFrequency)
    i.setSX1278RFPower                       0x08001848   Section        0  sx1278.o(i.setSX1278RFPower)
    i.setSX1278Receive                       0x08001864   Section        0  sx1278.o(i.setSX1278Receive)
    i.setSX1278SpreadingFactor               0x08001894   Section        0  sx1278.o(i.setSX1278SpreadingFactor)
    i.setSX1278SymbTimeout                   0x080018b8   Section        0  sx1278.o(i.setSX1278SymbTimeout)
    i.transmitPackets                        0x08001904   Section        0  sx1278.o(i.transmitPackets)
    i.uart_init                              0x0800199c   Section        0  usart.o(i.uart_init)
    i.writeSX1278                            0x08001a3c   Section        0  sx1278.o(i.writeSX1278)
    .constdata                               0x08001a68   Section     2072  oled_i2c.o(.constdata)
    .constdata                               0x08002280   Section        7  nodebus.o(.constdata)
    .data                                    0x20000000   Section        2  main.o(.data)
    .data                                    0x20000004   Section       20  system_stm32f10x.o(.data)
    .data                                    0x20000018   Section       26  sx1278.o(.data)
    .data                                    0x20000032   Section        4  delay.o(.data)
    fac_us                                   0x20000032   Data           1  delay.o(.data)
    fac_ms                                   0x20000034   Data           2  delay.o(.data)
    .data                                    0x20000038   Section        6  usart.o(.data)
    .data                                    0x2000003e   Section       20  stm32f10x_rcc.o(.data)
    APBAHBPrescTable                         0x2000003e   Data          16  stm32f10x_rcc.o(.data)
    ADCPrescTable                            0x2000004e   Data           4  stm32f10x_rcc.o(.data)
    .bss                                     0x20000054   Section      200  usart.o(.bss)
    .bss                                     0x2000011c   Section       96  libspace.o(.bss)
    HEAP                                     0x20000180   Section      512  startup_stm32f10x_hd.o(HEAP)
    Heap_Mem                                 0x20000180   Data         512  startup_stm32f10x_hd.o(HEAP)
    STACK                                    0x20000380   Section     1024  startup_stm32f10x_hd.o(STACK)
    Stack_Mem                                0x20000380   Data        1024  startup_stm32f10x_hd.o(STACK)
    __initial_sp                             0x20000780   Data           0  startup_stm32f10x_hd.o(STACK)

    Global Symbols

    Symbol Name                              Value     Ov Type        Size  Object(Section)

    BuildAttributes$$THM_ISAv4$P$D$K$B$S$PE$A:L22UL41UL21$X:L11$S22US41US21$IEEE1$IW$USESV6$~STKCKD$USESV7$~SHL$OSPACE$ROPI$EBA8$UX$STANDARDLIB$REQ8$PRES8$EABIv2 0x00000000   Number         0  anon$$obj.o ABSOLUTE
    __ARM_use_no_argv                        0x00000000   Number         0  main.o ABSOLUTE
    __ARM_exceptions_init                     - Undefined Weak Reference
    __alloca_initialize                       - Undefined Weak Reference
    __arm_preinit_                            - Undefined Weak Reference
    __cpp_initialize__aeabi_                  - Undefined Weak Reference
    __cxa_finalize                            - Undefined Weak Reference
    __rt_locale                               - Undefined Weak Reference
    __sigvec_lookup                           - Undefined Weak Reference
    _atexit_init                              - Undefined Weak Reference
    _call_atexit_fns                          - Undefined Weak Reference
    _clock_init                               - Undefined Weak Reference
    _fp_trap_init                             - Undefined Weak Reference
    _fp_trap_shutdown                         - Undefined Weak Reference
    _get_lc_collate                           - Undefined Weak Reference
    _get_lc_ctype                             - Undefined Weak Reference
    _get_lc_monetary                          - Undefined Weak Reference
    _get_lc_numeric                           - Undefined Weak Reference
    _get_lc_time                              - Undefined Weak Reference
    _getenv_init                              - Undefined Weak Reference
    _handle_redirection                       - Undefined Weak Reference
    _init_alloc                               - Undefined Weak Reference
    _init_user_alloc                          - Undefined Weak Reference
    _initio                                   - Undefined Weak Reference
    _mutex_acquire                            - Undefined Weak Reference
    _mutex_release                            - Undefined Weak Reference
    _printf_post_padding                      - Undefined Weak Reference
    _printf_pre_padding                       - Undefined Weak Reference
    _printf_truncate_signed                   - Undefined Weak Reference
    _printf_truncate_unsigned                 - Undefined Weak Reference
    _rand_init                                - Undefined Weak Reference
    _signal_finish                            - Undefined Weak Reference
    _signal_init                              - Undefined Weak Reference
    _terminate_alloc                          - Undefined Weak Reference
    _terminate_user_alloc                     - Undefined Weak Reference
    _terminateio                              - Undefined Weak Reference
    __Vectors_Size                           0x00000130   Number         0  startup_stm32f10x_hd.o ABSOLUTE
    __Vectors                                0x08000000   Data           4  startup_stm32f10x_hd.o(RESET)
    __Vectors_End                            0x08000130   Data           0  startup_stm32f10x_hd.o(RESET)
    __main                                   0x08000131   Thumb Code     8  __main.o(!!!main)
    __scatterload                            0x08000139   Thumb Code     0  __scatter.o(!!!scatter)
    __scatterload_rt2                        0x08000139   Thumb Code    44  __scatter.o(!!!scatter)
    __scatterload_rt2_thumb_only             0x08000139   Thumb Code     0  __scatter.o(!!!scatter)
    __scatterload_null                       0x08000147   Thumb Code     0  __scatter.o(!!!scatter)
    __scatterload_copy                       0x0800016d   Thumb Code    26  __scatter_copy.o(!!handler_copy)
    __scatterload_zeroinit                   0x08000189   Thumb Code    28  __scatter_zi.o(!!handler_zi)
    _printf_d                                0x080001a5   Thumb Code     0  _printf_d.o(.ARM.Collect$$_printf_percent$$00000009)
    _printf_percent                          0x080001a5   Thumb Code     0  _printf_percent.o(.ARM.Collect$$_printf_percent$$00000000)
    _printf_percent_end                      0x080001ab   Thumb Code     0  _printf_percent_end.o(.ARM.Collect$$_printf_percent$$00000017)
    __rt_lib_init                            0x080001af   Thumb Code     0  libinit.o(.ARM.Collect$$libinit$$00000000)
    __rt_lib_init_alloca_1                   0x080001b1   Thumb Code     0  libinit2.o(.ARM.Collect$$libinit$$0000002E)
    __rt_lib_init_argv_1                     0x080001b1   Thumb Code     0  libinit2.o(.ARM.Collect$$libinit$$0000002C)
    __rt_lib_init_atexit_1                   0x080001b1   Thumb Code     0  libinit2.o(.ARM.Collect$$libinit$$0000001B)
    __rt_lib_init_clock_1                    0x080001b1   Thumb Code     0  libinit2.o(.ARM.Collect$$libinit$$00000021)
    __rt_lib_init_cpp_1                      0x080001b1   Thumb Code     0  libinit2.o(.ARM.Collect$$libinit$$00000032)
    __rt_lib_init_exceptions_1               0x080001b1   Thumb Code     0  libinit2.o(.ARM.Collect$$libinit$$00000030)
    __rt_lib_init_fp_1                       0x080001b1   Thumb Code     0  libinit2.o(.ARM.Collect$$libinit$$00000002)
    __rt_lib_init_fp_trap_1                  0x080001b1   Thumb Code     0  libinit2.o(.ARM.Collect$$libinit$$0000001F)
    __rt_lib_init_getenv_1                   0x080001b1   Thumb Code     0  libinit2.o(.ARM.Collect$$libinit$$00000023)
    __rt_lib_init_heap_1                     0x080001b1   Thumb Code     0  libinit2.o(.ARM.Collect$$libinit$$0000000A)
    __rt_lib_init_lc_collate_1               0x080001b1   Thumb Code     0  libinit2.o(.ARM.Collect$$libinit$$00000011)
    __rt_lib_init_lc_ctype_1                 0x080001b1   Thumb Code     0  libinit2.o(.ARM.Collect$$libinit$$00000013)
    __rt_lib_init_lc_monetary_1              0x080001b1   Thumb Code     0  libinit2.o(.ARM.Collect$$libinit$$00000015)
    __rt_lib_init_lc_numeric_1               0x080001b1   Thumb Code     0  libinit2.o(.ARM.Collect$$libinit$$00000017)
    __rt_lib_init_lc_time_1                  0x080001b1   Thumb Code     0  libinit2.o(.ARM.Collect$$libinit$$00000019)
    __rt_lib_init_preinit_1                  0x080001b1   Thumb Code     0  libinit2.o(.ARM.Collect$$libinit$$00000004)
    __rt_lib_init_rand_1                     0x080001b1   Thumb Code     0  libinit2.o(.ARM.Collect$$libinit$$0000000E)
    __rt_lib_init_return                     0x080001b1   Thumb Code     0  libinit2.o(.ARM.Collect$$libinit$$00000033)
    __rt_lib_init_signal_1                   0x080001b1   Thumb Code     0  libinit2.o(.ARM.Collect$$libinit$$0000001D)
    __rt_lib_init_stdio_1                    0x080001b1   Thumb Code     0  libinit2.o(.ARM.Collect$$libinit$$00000025)
    __rt_lib_init_user_alloc_1               0x080001b1   Thumb Code     0  libinit2.o(.ARM.Collect$$libinit$$0000000C)
    __rt_lib_shutdown                        0x080001b3   Thumb Code     0  libshutdown.o(.ARM.Collect$$libshutdown$$00000000)
    __rt_lib_shutdown_cpp_1                  0x080001b5   Thumb Code     0  libshutdown2.o(.ARM.Collect$$libshutdown$$00000002)
    __rt_lib_shutdown_fp_trap_1              0x080001b5   Thumb Code     0  libshutdown2.o(.ARM.Collect$$libshutdown$$00000007)
    __rt_lib_shutdown_heap_1                 0x080001b5   Thumb Code     0  libshutdown2.o(.ARM.Collect$$libshutdown$$0000000F)
    __rt_lib_shutdown_return                 0x080001b5   Thumb Code     0  libshutdown2.o(.ARM.Collect$$libshutdown$$00000010)
    __rt_lib_shutdown_signal_1               0x080001b5   Thumb Code     0  libshutdown2.o(.ARM.Collect$$libshutdown$$0000000A)
    __rt_lib_shutdown_stdio_1                0x080001b5   Thumb Code     0  libshutdown2.o(.ARM.Collect$$libshutdown$$00000004)
    __rt_lib_shutdown_user_alloc_1           0x080001b5   Thumb Code     0  libshutdown2.o(.ARM.Collect$$libshutdown$$0000000C)
    __rt_entry                               0x080001b7   Thumb Code     0  __rtentry.o(.ARM.Collect$$rtentry$$00000000)
    __rt_entry_presh_1                       0x080001b7   Thumb Code     0  __rtentry2.o(.ARM.Collect$$rtentry$$00000002)
    __rt_entry_sh                            0x080001b7   Thumb Code     0  __rtentry4.o(.ARM.Collect$$rtentry$$00000004)
    __rt_entry_li                            0x080001bd   Thumb Code     0  __rtentry2.o(.ARM.Collect$$rtentry$$0000000A)
    __rt_entry_postsh_1                      0x080001bd   Thumb Code     0  __rtentry2.o(.ARM.Collect$$rtentry$$00000009)
    __rt_entry_main                          0x080001c1   Thumb Code     0  __rtentry2.o(.ARM.Collect$$rtentry$$0000000D)
    __rt_entry_postli_1                      0x080001c1   Thumb Code     0  __rtentry2.o(.ARM.Collect$$rtentry$$0000000C)
    __rt_exit                                0x080001c9   Thumb Code     0  rtexit.o(.ARM.Collect$$rtexit$$00000000)
    __rt_exit_ls                             0x080001cb   Thumb Code     0  rtexit2.o(.ARM.Collect$$rtexit$$00000003)
    __rt_exit_prels_1                        0x080001cb   Thumb Code     0  rtexit2.o(.ARM.Collect$$rtexit$$00000002)
    __rt_exit_exit                           0x080001cf   Thumb Code     0  rtexit2.o(.ARM.Collect$$rtexit$$00000004)
    Reset_Handler                            0x080001d5   Thumb Code     8  startup_stm32f10x_hd.o(.text)
    ADC1_2_IRQHandler                        0x080001ef   Thumb Code     0  startup_stm32f10x_hd.o(.text)
    ADC3_IRQHandler                          0x080001ef   Thumb Code     0  startup_stm32f10x_hd.o(.text)
    CAN1_RX1_IRQHandler                      0x080001ef   Thumb Code     0  startup_stm32f10x_hd.o(.text)
    CAN1_SCE_IRQHandler                      0x080001ef   Thumb Code     0  startup_stm32f10x_hd.o(.text)
    DMA1_Channel1_IRQHandler                 0x080001ef   Thumb Code     0  startup_stm32f10x_hd.o(.text)
    DMA1_Channel2_IRQHandler                 0x080001ef   Thumb Code     0  startup_stm32f10x_hd.o(.text)
    DMA1_Channel3_IRQHandler                 0x080001ef   Thumb Code     0  startup_stm32f10x_hd.o(.text)
    DMA1_Channel4_IRQHandler                 0x080001ef   Thumb Code     0  startup_stm32f10x_hd.o(.text)
    DMA1_Channel5_IRQHandler                 0x080001ef   Thumb Code     0  startup_stm32f10x_hd.o(.text)
    DMA1_Channel6_IRQHandler                 0x080001ef   Thumb Code     0  startup_stm32f10x_hd.o(.text)
    DMA1_Channel7_IRQHandler                 0x080001ef   Thumb Code     0  startup_stm32f10x_hd.o(.text)
    DMA2_Channel1_IRQHandler                 0x080001ef   Thumb Code     0  startup_stm32f10x_hd.o(.text)
    DMA2_Channel2_IRQHandler                 0x080001ef   Thumb Code     0  startup_stm32f10x_hd.o(.text)
    DMA2_Channel3_IRQHandler                 0x080001ef   Thumb Code     0  startup_stm32f10x_hd.o(.text)
    DMA2_Channel4_5_IRQHandler               0x080001ef   Thumb Code     0  startup_stm32f10x_hd.o(.text)
    EXTI0_IRQHandler                         0x080001ef   Thumb Code     0  startup_stm32f10x_hd.o(.text)
    EXTI15_10_IRQHandler                     0x080001ef   Thumb Code     0  startup_stm32f10x_hd.o(.text)
    EXTI1_IRQHandler                         0x080001ef   Thumb Code     0  startup_stm32f10x_hd.o(.text)
    EXTI2_IRQHandler                         0x080001ef   Thumb Code     0  startup_stm32f10x_hd.o(.text)
    EXTI3_IRQHandler                         0x080001ef   Thumb Code     0  startup_stm32f10x_hd.o(.text)
    EXTI4_IRQHandler                         0x080001ef   Thumb Code     0  startup_stm32f10x_hd.o(.text)
    EXTI9_5_IRQHandler                       0x080001ef   Thumb Code     0  startup_stm32f10x_hd.o(.text)
    FLASH_IRQHandler                         0x080001ef   Thumb Code     0  startup_stm32f10x_hd.o(.text)
    FSMC_IRQHandler                          0x080001ef   Thumb Code     0  startup_stm32f10x_hd.o(.text)
    I2C1_ER_IRQHandler                       0x080001ef   Thumb Code     0  startup_stm32f10x_hd.o(.text)
    I2C1_EV_IRQHandler                       0x080001ef   Thumb Code     0  startup_stm32f10x_hd.o(.text)
    I2C2_ER_IRQHandler                       0x080001ef   Thumb Code     0  startup_stm32f10x_hd.o(.text)
    I2C2_EV_IRQHandler                       0x080001ef   Thumb Code     0  startup_stm32f10x_hd.o(.text)
    PVD_IRQHandler                           0x080001ef   Thumb Code     0  startup_stm32f10x_hd.o(.text)
    RCC_IRQHandler                           0x080001ef   Thumb Code     0  startup_stm32f10x_hd.o(.text)
    RTCAlarm_IRQHandler                      0x080001ef   Thumb Code     0  startup_stm32f10x_hd.o(.text)
    RTC_IRQHandler                           0x080001ef   Thumb Code     0  startup_stm32f10x_hd.o(.text)
    SDIO_IRQHandler                          0x080001ef   Thumb Code     0  startup_stm32f10x_hd.o(.text)
    SPI1_IRQHandler                          0x080001ef   Thumb Code     0  startup_stm32f10x_hd.o(.text)
    SPI2_IRQHandler                          0x080001ef   Thumb Code     0  startup_stm32f10x_hd.o(.text)
    SPI3_IRQHandler                          0x080001ef   Thumb Code     0  startup_stm32f10x_hd.o(.text)
    TAMPER_IRQHandler                        0x080001ef   Thumb Code     0  startup_stm32f10x_hd.o(.text)
    TIM1_BRK_IRQHandler                      0x080001ef   Thumb Code     0  startup_stm32f10x_hd.o(.text)
    TIM1_CC_IRQHandler                       0x080001ef   Thumb Code     0  startup_stm32f10x_hd.o(.text)
    TIM1_TRG_COM_IRQHandler                  0x080001ef   Thumb Code     0  startup_stm32f10x_hd.o(.text)
    TIM1_UP_IRQHandler                       0x080001ef   Thumb Code     0  startup_stm32f10x_hd.o(.text)
    TIM2_IRQHandler                          0x080001ef   Thumb Code     0  startup_stm32f10x_hd.o(.text)
    TIM3_IRQHandler                          0x080001ef   Thumb Code     0  startup_stm32f10x_hd.o(.text)
    TIM4_IRQHandler                          0x080001ef   Thumb Code     0  startup_stm32f10x_hd.o(.text)
    TIM5_IRQHandler                          0x080001ef   Thumb Code     0  startup_stm32f10x_hd.o(.text)
    TIM6_IRQHandler                          0x080001ef   Thumb Code     0  startup_stm32f10x_hd.o(.text)
    TIM7_IRQHandler                          0x080001ef   Thumb Code     0  startup_stm32f10x_hd.o(.text)
    TIM8_BRK_IRQHandler                      0x080001ef   Thumb Code     0  startup_stm32f10x_hd.o(.text)
    TIM8_CC_IRQHandler                       0x080001ef   Thumb Code     0  startup_stm32f10x_hd.o(.text)
    TIM8_TRG_COM_IRQHandler                  0x080001ef   Thumb Code     0  startup_stm32f10x_hd.o(.text)
    TIM8_UP_IRQHandler                       0x080001ef   Thumb Code     0  startup_stm32f10x_hd.o(.text)
    UART4_IRQHandler                         0x080001ef   Thumb Code     0  startup_stm32f10x_hd.o(.text)
    UART5_IRQHandler                         0x080001ef   Thumb Code     0  startup_stm32f10x_hd.o(.text)
    USART2_IRQHandler                        0x080001ef   Thumb Code     0  startup_stm32f10x_hd.o(.text)
    USART3_IRQHandler                        0x080001ef   Thumb Code     0  startup_stm32f10x_hd.o(.text)
    USBWakeUp_IRQHandler                     0x080001ef   Thumb Code     0  startup_stm32f10x_hd.o(.text)
    USB_HP_CAN1_TX_IRQHandler                0x080001ef   Thumb Code     0  startup_stm32f10x_hd.o(.text)
    USB_LP_CAN1_RX0_IRQHandler               0x080001ef   Thumb Code     0  startup_stm32f10x_hd.o(.text)
    WWDG_IRQHandler                          0x080001ef   Thumb Code     0  startup_stm32f10x_hd.o(.text)
    __user_initial_stackheap                 0x080001f1   Thumb Code     0  startup_stm32f10x_hd.o(.text)
    __use_no_semihosting                     0x08000215   Thumb Code     2  use_no_semi_2.o(.text)
    __2printf                                0x08000219   Thumb Code    20  noretval__2printf.o(.text)
    __2sprintf                               0x08000231   Thumb Code    34  noretval__2sprintf.o(.text)
    __printf                                 0x08000259   Thumb Code   104  __printf.o(.text)
    _printf_int_dec                          0x080002c1   Thumb Code   104  _printf_dec.o(.text)
    __use_two_region_memory                  0x08000339   Thumb Code     2  heapauxi.o(.text)
    __rt_heap_escrow$2region                 0x0800033b   Thumb Code     2  heapauxi.o(.text)
    __rt_heap_expand$2region                 0x0800033d   Thumb Code     2  heapauxi.o(.text)
    __I$use$semihosting                      0x0800033f   Thumb Code     0  use_no_semi.o(.text)
    __use_no_semihosting_swi                 0x0800033f   Thumb Code     2  use_no_semi.o(.text)
    _printf_int_common                       0x08000341   Thumb Code   178  _printf_intcommon.o(.text)
    _printf_char_common                      0x080003ff   Thumb Code    32  _printf_char_common.o(.text)
    _sputc                                   0x08000425   Thumb Code    10  _sputc.o(.text)
    _printf_char_file                        0x08000431   Thumb Code    32  _printf_char_file.o(.text)
    ferror                                   0x08000455   Thumb Code     8  ferror.o(.text)
    __user_setup_stackheap                   0x0800045d   Thumb Code    74  sys_stackheap_outer.o(.text)
    exit                                     0x080004a7   Thumb Code    18  exit.o(.text)
    __user_libspace                          0x080004b9   Thumb Code     8  libspace.o(.text)
    __user_perproc_libspace                  0x080004b9   Thumb Code     0  libspace.o(.text)
    __user_perthread_libspace                0x080004b9   Thumb Code     0  libspace.o(.text)
    BusFault_Handler                         0x080004c1   Thumb Code     4  stm32f10x_it.o(i.BusFault_Handler)
    DHT11_Check                              0x080004c5   Thumb Code    92  dht11.o(i.DHT11_Check)
    DHT11_Init                               0x08000529   Thumb Code    58  dht11.o(i.DHT11_Init)
    DHT11_Read_Bit                           0x08000569   Thumb Code    70  dht11.o(i.DHT11_Read_Bit)
    DHT11_Read_Byte                          0x080005b5   Thumb Code    30  dht11.o(i.DHT11_Read_Byte)
    DHT11_Read_Data                          0x080005d3   Thumb Code    88  dht11.o(i.DHT11_Read_Data)
    DHT11_Rst                                0x0800062d   Thumb Code    52  dht11.o(i.DHT11_Rst)
    DebugMon_Handler                         0x0800066d   Thumb Code     2  stm32f10x_it.o(i.DebugMon_Handler)
    GPIO_Init                                0x0800066f   Thumb Code   278  stm32f10x_gpio.o(i.GPIO_Init)
    GPIO_ResetBits                           0x08000785   Thumb Code     4  stm32f10x_gpio.o(i.GPIO_ResetBits)
    GPIO_SetBits                             0x08000789   Thumb Code     4  stm32f10x_gpio.o(i.GPIO_SetBits)
    GetFrameLen                              0x0800078d   Thumb Code    32  nodebus.o(i.GetFrameLen)
    HardFault_Handler                        0x080007f1   Thumb Code     4  stm32f10x_it.o(i.HardFault_Handler)
    I2C_WriteByte                            0x080007f5   Thumb Code    64  oled_i2c.o(i.I2C_WriteByte)
    LED_Init                                 0x08000835   Thumb Code    46  led.o(i.LED_Init)
    MemManage_Handler                        0x08000869   Thumb Code     4  stm32f10x_it.o(i.MemManage_Handler)
    NMI_Handler                              0x0800086d   Thumb Code     2  stm32f10x_it.o(i.NMI_Handler)
    NVIC_Init                                0x08000871   Thumb Code   100  misc.o(i.NVIC_Init)
    OLED_Fill                                0x080008e1   Thumb Code    58  oled_i2c.o(i.OLED_Fill)
    OLED_Init                                0x0800091b   Thumb Code   180  oled_i2c.o(i.OLED_Init)
    OLED_SetPos                              0x080009cf   Thumb Code    40  oled_i2c.o(i.OLED_SetPos)
    OLED_ShowStr                             0x080009f9   Thumb Code   228  oled_i2c.o(i.OLED_ShowStr)
    PendSV_Handler                           0x08000ae5   Thumb Code     2  stm32f10x_it.o(i.PendSV_Handler)
    RCC_APB1PeriphClockCmd                   0x08000ae9   Thumb Code    26  stm32f10x_rcc.o(i.RCC_APB1PeriphClockCmd)
    RCC_APB2PeriphClockCmd                   0x08000b09   Thumb Code    26  stm32f10x_rcc.o(i.RCC_APB2PeriphClockCmd)
    RCC_GetClocksFreq                        0x08000b29   Thumb Code   192  stm32f10x_rcc.o(i.RCC_GetClocksFreq)
    SPI_Cmd                                  0x08000bfd   Thumb Code    24  stm32f10x_spi.o(i.SPI_Cmd)
    SPI_I2S_ClearFlag                        0x08000c15   Thumb Code     6  stm32f10x_spi.o(i.SPI_I2S_ClearFlag)
    SPI_I2S_GetFlagStatus                    0x08000c1b   Thumb Code    18  stm32f10x_spi.o(i.SPI_I2S_GetFlagStatus)
    SPI_I2S_ReceiveData                      0x08000c2d   Thumb Code     6  stm32f10x_spi.o(i.SPI_I2S_ReceiveData)
    SPI_I2S_SendData                         0x08000c33   Thumb Code     4  stm32f10x_spi.o(i.SPI_I2S_SendData)
    SPI_Init                                 0x08000c37   Thumb Code    60  stm32f10x_spi.o(i.SPI_Init)
    SVC_Handler                              0x08000c73   Thumb Code     2  stm32f10x_it.o(i.SVC_Handler)
    SysTick_CLKSourceConfig                  0x08000d5d   Thumb Code    40  misc.o(i.SysTick_CLKSourceConfig)
    SysTick_Handler                          0x08000d85   Thumb Code     2  stm32f10x_it.o(i.SysTick_Handler)
    SystemInit                               0x08000d89   Thumb Code    78  system_stm32f10x.o(i.SystemInit)
    USART1_IRQHandler                        0x08000de9   Thumb Code   122  usart.o(i.USART1_IRQHandler)
    USART_Cmd                                0x08000e71   Thumb Code    24  stm32f10x_usart.o(i.USART_Cmd)
    USART_GetITStatus                        0x08000e89   Thumb Code    84  stm32f10x_usart.o(i.USART_GetITStatus)
    USART_ITConfig                           0x08000edd   Thumb Code    74  stm32f10x_usart.o(i.USART_ITConfig)
    USART_Init                               0x08000f29   Thumb Code   210  stm32f10x_usart.o(i.USART_Init)
    USART_ReceiveData                        0x08001001   Thumb Code    10  stm32f10x_usart.o(i.USART_ReceiveData)
    UsageFault_Handler                       0x0800100b   Thumb Code     4  stm32f10x_it.o(i.UsageFault_Handler)
    WriteCmd                                 0x0800100f   Thumb Code    14  oled_i2c.o(i.WriteCmd)
    WriteDat                                 0x0800101d   Thumb Code    14  oled_i2c.o(i.WriteDat)
    _sys_exit                                0x0800102b   Thumb Code     8  usart.o(i._sys_exit)
    delay_init                               0x08001035   Thumb Code    50  delay.o(i.delay_init)
    delay_ms                                 0x08001079   Thumb Code    72  delay.o(i.delay_ms)
    delay_us                                 0x080010c5   Thumb Code    72  delay.o(i.delay_us)
    fputc                                    0x08001111   Thumb Code    24  usart.o(i.fputc)
    i2c_CfgGpio                              0x0800112d   Thumb Code    42  bsp_i2c_gpio.o(i.i2c_CfgGpio)
    i2c_SendByte                             0x0800116d   Thumb Code    80  bsp_i2c_gpio.o(i.i2c_SendByte)
    i2c_Start                                0x080011c1   Thumb Code    42  bsp_i2c_gpio.o(i.i2c_Start)
    i2c_Stop                                 0x080011f1   Thumb Code    28  bsp_i2c_gpio.o(i.i2c_Stop)
    i2c_WaitAck                              0x08001211   Thumb Code    56  bsp_i2c_gpio.o(i.i2c_WaitAck)
    initSPIx                                 0x0800124d   Thumb Code   210  spix.o(i.initSPIx)
    initSX1278                               0x08001331   Thumb Code   168  sx1278.o(i.initSX1278)
    main                                     0x080013ed   Thumb Code   186  main.o(i.main)
    processMasterAsk                         0x080014e1   Thumb Code   196  nodebus.o(i.processMasterAsk)
    readSPIxByte                             0x080015a9   Thumb Code    64  spix.o(i.readSPIxByte)
    readSX1278                               0x080015e9   Thumb Code    38  sx1278.o(i.readSX1278)
    receivePackets                           0x08001615   Thumb Code   120  sx1278.o(i.receivePackets)
    resetSX1278                              0x08001691   Thumb Code    36  sx1278.o(i.resetSX1278)
    sendSPIxByte                             0x080016b9   Thumb Code    66  spix.o(i.sendSPIxByte)
    setNSS                                   0x080016fd   Thumb Code    30  spix.o(i.setNSS)
    setSX1278BandWidth                       0x08001721   Thumb Code    30  sx1278.o(i.setSX1278BandWidth)
    setSX1278ErrCode                         0x0800173f   Thumb Code    32  sx1278.o(i.setSX1278ErrCode)
    setSX1278ImplicitHeader                  0x0800175f   Thumb Code    30  sx1278.o(i.setSX1278ImplicitHeader)
    setSX1278LoRaFSK                         0x0800177d   Thumb Code    28  sx1278.o(i.setSX1278LoRaFSK)
    setSX1278MobileNode                      0x08001799   Thumb Code    32  sx1278.o(i.setSX1278MobileNode)
    setSX1278NbTrigPeaks                     0x080017b9   Thumb Code    30  sx1278.o(i.setSX1278NbTrigPeaks)
    setSX1278OpMode                          0x080017d7   Thumb Code    28  sx1278.o(i.setSX1278OpMode)
    setSX1278PacketCRC                       0x080017f3   Thumb Code    32  sx1278.o(i.setSX1278PacketCRC)
    setSX1278PayLoadLength                   0x08001813   Thumb Code    14  sx1278.o(i.setSX1278PayLoadLength)
    setSX1278RFFrequency                     0x08001821   Thumb Code    34  sx1278.o(i.setSX1278RFFrequency)
    setSX1278RFPower                         0x08001849   Thumb Code    24  sx1278.o(i.setSX1278RFPower)
    setSX1278Receive                         0x08001865   Thumb Code    48  sx1278.o(i.setSX1278Receive)
    setSX1278SpreadingFactor                 0x08001895   Thumb Code    36  sx1278.o(i.setSX1278SpreadingFactor)
    setSX1278SymbTimeout                     0x080018b9   Thumb Code    74  sx1278.o(i.setSX1278SymbTimeout)
    transmitPackets                          0x08001905   Thumb Code   148  sx1278.o(i.transmitPackets)
    uart_init                                0x0800199d   Thumb Code   152  usart.o(i.uart_init)
    writeSX1278                              0x08001a3d   Thumb Code    38  sx1278.o(i.writeSX1278)
    F6x8                                     0x08001a68   Data         552  oled_i2c.o(.constdata)
    F8X16                                    0x08001c90   Data        1520  oled_i2c.o(.constdata)
    Region$$Table$$Base                      0x08002288   Number         0  anon$$obj.o(Region$$Table)
    Region$$Table$$Limit                     0x080022a8   Number         0  anon$$obj.o(Region$$Table)
    DeviceBlock_StructureArray               0x20000000   Data           2  main.o(.data)
    SystemCoreClock                          0x20000004   Data           4  system_stm32f10x.o(.data)
    AHBPrescTable                            0x20000008   Data          16  system_stm32f10x.o(.data)
    Frequency                                0x20000018   Data           3  sx1278.o(.data)
    SpreadingFactor                          0x2000001b   Data           1  sx1278.o(.data)
    CodingRate                               0x2000001c   Data           1  sx1278.o(.data)
    Bw_Frequency                             0x2000001d   Data           1  sx1278.o(.data)
    powerValue                               0x2000001e   Data           1  sx1278.o(.data)
    power_data                               0x2000001f   Data          16  sx1278.o(.data)
    RF_EX0_STATUS                            0x2000002f   Data           1  sx1278.o(.data)
    CRC_Value                                0x20000030   Data           1  sx1278.o(.data)
    SX1278_RLEN                              0x20000031   Data           1  sx1278.o(.data)
    __stdout                                 0x20000038   Data           4  usart.o(.data)
    USART_RX_STA                             0x2000003c   Data           2  usart.o(.data)
    USART_RX_BUF                             0x20000054   Data         200  usart.o(.bss)
    __libspace_start                         0x2000011c   Data          96  libspace.o(.bss)
    __temporary_stack_top$libspace           0x2000017c   Data           0  libspace.o(.bss)



==============================================================================

Memory Map of the image

  Image Entry point : 0x080001d5

  Load Region LR_1 (Base: 0x08000000, Size: 0x000022fc, Max: 0xffffffff, ABSOLUTE)

    Execution Region ER_RO (Exec base: 0x08000000, Load base: 0x08000000, Size: 0x000022a8, Max: 0xffffffff, ABSOLUTE)

    Exec Addr    Load Addr    Size         Type   Attr      Idx    E Section Name        Object

    0x08000000   0x08000000   0x00000130   Data   RO          966    RESET               startup_stm32f10x_hd.o
    0x08000130   0x08000130   0x00000008   Code   RO         1745  * !!!main             c_w.l(__main.o)
    0x08000138   0x08000138   0x00000034   Code   RO         1915    !!!scatter          c_w.l(__scatter.o)
    0x0800016c   0x0800016c   0x0000001a   Code   RO         1917    !!handler_copy      c_w.l(__scatter_copy.o)
    0x08000186   0x08000186   0x00000002   PAD
    0x08000188   0x08000188   0x0000001c   Code   RO         1919    !!handler_zi        c_w.l(__scatter_zi.o)
    0x080001a4   0x080001a4   0x00000000   Code   RO         1742    .ARM.Collect$$_printf_percent$$00000000  c_w.l(_printf_percent.o)
    0x080001a4   0x080001a4   0x00000006   Code   RO         1741    .ARM.Collect$$_printf_percent$$00000009  c_w.l(_printf_d.o)
    0x080001aa   0x080001aa   0x00000004   Code   RO         1758    .ARM.Collect$$_printf_percent$$00000017  c_w.l(_printf_percent_end.o)
    0x080001ae   0x080001ae   0x00000002   Code   RO         1789    .ARM.Collect$$libinit$$00000000  c_w.l(libinit.o)
    0x080001b0   0x080001b0   0x00000000   Code   RO         1796    .ARM.Collect$$libinit$$00000002  c_w.l(libinit2.o)
    0x080001b0   0x080001b0   0x00000000   Code   RO         1798    .ARM.Collect$$libinit$$00000004  c_w.l(libinit2.o)
    0x080001b0   0x080001b0   0x00000000   Code   RO         1801    .ARM.Collect$$libinit$$0000000A  c_w.l(libinit2.o)
    0x080001b0   0x080001b0   0x00000000   Code   RO         1803    .ARM.Collect$$libinit$$0000000C  c_w.l(libinit2.o)
    0x080001b0   0x080001b0   0x00000000   Code   RO         1805    .ARM.Collect$$libinit$$0000000E  c_w.l(libinit2.o)
    0x080001b0   0x080001b0   0x00000000   Code   RO         1808    .ARM.Collect$$libinit$$00000011  c_w.l(libinit2.o)
    0x080001b0   0x080001b0   0x00000000   Code   RO         1810    .ARM.Collect$$libinit$$00000013  c_w.l(libinit2.o)
    0x080001b0   0x080001b0   0x00000000   Code   RO         1812    .ARM.Collect$$libinit$$00000015  c_w.l(libinit2.o)
    0x080001b0   0x080001b0   0x00000000   Code   RO         1814    .ARM.Collect$$libinit$$00000017  c_w.l(libinit2.o)
    0x080001b0   0x080001b0   0x00000000   Code   RO         1816    .ARM.Collect$$libinit$$00000019  c_w.l(libinit2.o)
    0x080001b0   0x080001b0   0x00000000   Code   RO         1818    .ARM.Collect$$libinit$$0000001B  c_w.l(libinit2.o)
    0x080001b0   0x080001b0   0x00000000   Code   RO         1820    .ARM.Collect$$libinit$$0000001D  c_w.l(libinit2.o)
    0x080001b0   0x080001b0   0x00000000   Code   RO         1822    .ARM.Collect$$libinit$$0000001F  c_w.l(libinit2.o)
    0x080001b0   0x080001b0   0x00000000   Code   RO         1824    .ARM.Collect$$libinit$$00000021  c_w.l(libinit2.o)
    0x080001b0   0x080001b0   0x00000000   Code   RO         1826    .ARM.Collect$$libinit$$00000023  c_w.l(libinit2.o)
    0x080001b0   0x080001b0   0x00000000   Code   RO         1828    .ARM.Collect$$libinit$$00000025  c_w.l(libinit2.o)
    0x080001b0   0x080001b0   0x00000000   Code   RO         1832    .ARM.Collect$$libinit$$0000002C  c_w.l(libinit2.o)
    0x080001b0   0x080001b0   0x00000000   Code   RO         1834    .ARM.Collect$$libinit$$0000002E  c_w.l(libinit2.o)
    0x080001b0   0x080001b0   0x00000000   Code   RO         1836    .ARM.Collect$$libinit$$00000030  c_w.l(libinit2.o)
    0x080001b0   0x080001b0   0x00000000   Code   RO         1838    .ARM.Collect$$libinit$$00000032  c_w.l(libinit2.o)
    0x080001b0   0x080001b0   0x00000002   Code   RO         1839    .ARM.Collect$$libinit$$00000033  c_w.l(libinit2.o)
    0x080001b2   0x080001b2   0x00000002   Code   RO         1857    .ARM.Collect$$libshutdown$$00000000  c_w.l(libshutdown.o)
    0x080001b4   0x080001b4   0x00000000   Code   RO         1867    .ARM.Collect$$libshutdown$$00000002  c_w.l(libshutdown2.o)
    0x080001b4   0x080001b4   0x00000000   Code   RO         1869    .ARM.Collect$$libshutdown$$00000004  c_w.l(libshutdown2.o)
    0x080001b4   0x080001b4   0x00000000   Code   RO         1872    .ARM.Collect$$libshutdown$$00000007  c_w.l(libshutdown2.o)
    0x080001b4   0x080001b4   0x00000000   Code   RO         1875    .ARM.Collect$$libshutdown$$0000000A  c_w.l(libshutdown2.o)
    0x080001b4   0x080001b4   0x00000000   Code   RO         1877    .ARM.Collect$$libshutdown$$0000000C  c_w.l(libshutdown2.o)
    0x080001b4   0x080001b4   0x00000000   Code   RO         1880    .ARM.Collect$$libshutdown$$0000000F  c_w.l(libshutdown2.o)
    0x080001b4   0x080001b4   0x00000002   Code   RO         1881    .ARM.Collect$$libshutdown$$00000010  c_w.l(libshutdown2.o)
    0x080001b6   0x080001b6   0x00000000   Code   RO         1749    .ARM.Collect$$rtentry$$00000000  c_w.l(__rtentry.o)
    0x080001b6   0x080001b6   0x00000000   Code   RO         1760    .ARM.Collect$$rtentry$$00000002  c_w.l(__rtentry2.o)
    0x080001b6   0x080001b6   0x00000006   Code   RO         1772    .ARM.Collect$$rtentry$$00000004  c_w.l(__rtentry4.o)
    0x080001bc   0x080001bc   0x00000000   Code   RO         1762    .ARM.Collect$$rtentry$$00000009  c_w.l(__rtentry2.o)
    0x080001bc   0x080001bc   0x00000004   Code   RO         1763    .ARM.Collect$$rtentry$$0000000A  c_w.l(__rtentry2.o)
    0x080001c0   0x080001c0   0x00000000   Code   RO         1765    .ARM.Collect$$rtentry$$0000000C  c_w.l(__rtentry2.o)
    0x080001c0   0x080001c0   0x00000008   Code   RO         1766    .ARM.Collect$$rtentry$$0000000D  c_w.l(__rtentry2.o)
    0x080001c8   0x080001c8   0x00000002   Code   RO         1793    .ARM.Collect$$rtexit$$00000000  c_w.l(rtexit.o)
    0x080001ca   0x080001ca   0x00000000   Code   RO         1841    .ARM.Collect$$rtexit$$00000002  c_w.l(rtexit2.o)
    0x080001ca   0x080001ca   0x00000004   Code   RO         1842    .ARM.Collect$$rtexit$$00000003  c_w.l(rtexit2.o)
    0x080001ce   0x080001ce   0x00000006   Code   RO         1843    .ARM.Collect$$rtexit$$00000004  c_w.l(rtexit2.o)
    0x080001d4   0x080001d4   0x00000040   Code   RO          967  * .text               startup_stm32f10x_hd.o
    0x08000214   0x08000214   0x00000002   Code   RO         1707    .text               c_w.l(use_no_semi_2.o)
    0x08000216   0x08000216   0x00000002   PAD
    0x08000218   0x08000218   0x00000018   Code   RO         1713    .text               c_w.l(noretval__2printf.o)
    0x08000230   0x08000230   0x00000028   Code   RO         1715    .text               c_w.l(noretval__2sprintf.o)
    0x08000258   0x08000258   0x00000068   Code   RO         1717    .text               c_w.l(__printf.o)
    0x080002c0   0x080002c0   0x00000078   Code   RO         1719    .text               c_w.l(_printf_dec.o)
    0x08000338   0x08000338   0x00000006   Code   RO         1743    .text               c_w.l(heapauxi.o)
    0x0800033e   0x0800033e   0x00000002   Code   RO         1747    .text               c_w.l(use_no_semi.o)
    0x08000340   0x08000340   0x000000b2   Code   RO         1750    .text               c_w.l(_printf_intcommon.o)
    0x080003f2   0x080003f2   0x00000002   PAD
    0x080003f4   0x080003f4   0x00000030   Code   RO         1752    .text               c_w.l(_printf_char_common.o)
    0x08000424   0x08000424   0x0000000a   Code   RO         1754    .text               c_w.l(_sputc.o)
    0x0800042e   0x0800042e   0x00000002   PAD
    0x08000430   0x08000430   0x00000024   Code   RO         1756    .text               c_w.l(_printf_char_file.o)
    0x08000454   0x08000454   0x00000008   Code   RO         1776    .text               c_w.l(ferror.o)
    0x0800045c   0x0800045c   0x0000004a   Code   RO         1780    .text               c_w.l(sys_stackheap_outer.o)
    0x080004a6   0x080004a6   0x00000012   Code   RO         1782    .text               c_w.l(exit.o)
    0x080004b8   0x080004b8   0x00000008   Code   RO         1790    .text               c_w.l(libspace.o)
    0x080004c0   0x080004c0   0x00000004   Code   RO          145    i.BusFault_Handler  stm32f10x_it.o
    0x080004c4   0x080004c4   0x00000064   Code   RO          727    i.DHT11_Check       dht11.o
    0x08000528   0x08000528   0x00000040   Code   RO          728    i.DHT11_Init        dht11.o
    0x08000568   0x08000568   0x0000004c   Code   RO          729    i.DHT11_Read_Bit    dht11.o
    0x080005b4   0x080005b4   0x0000001e   Code   RO          730    i.DHT11_Read_Byte   dht11.o
    0x080005d2   0x080005d2   0x00000058   Code   RO          731    i.DHT11_Read_Data   dht11.o
    0x0800062a   0x0800062a   0x00000002   PAD
    0x0800062c   0x0800062c   0x00000040   Code   RO          732    i.DHT11_Rst         dht11.o
    0x0800066c   0x0800066c   0x00000002   Code   RO          146    i.DebugMon_Handler  stm32f10x_it.o
    0x0800066e   0x0800066e   0x00000116   Code   RO         1013    i.GPIO_Init         stm32f10x_gpio.o
    0x08000784   0x08000784   0x00000004   Code   RO         1020    i.GPIO_ResetBits    stm32f10x_gpio.o
    0x08000788   0x08000788   0x00000004   Code   RO         1021    i.GPIO_SetBits      stm32f10x_gpio.o
    0x0800078c   0x0800078c   0x00000020   Code   RO         1669    i.GetFrameLen       nodebus.o
    0x080007ac   0x080007ac   0x00000044   Code   RO         1670    i.GetModeBusCRC16   nodebus.o
    0x080007f0   0x080007f0   0x00000004   Code   RO          147    i.HardFault_Handler  stm32f10x_it.o
    0x080007f4   0x080007f4   0x00000040   Code   RO          599    i.I2C_WriteByte     oled_i2c.o
    0x08000834   0x08000834   0x00000034   Code   RO          325    i.LED_Init          led.o
    0x08000868   0x08000868   0x00000004   Code   RO          148    i.MemManage_Handler  stm32f10x_it.o
    0x0800086c   0x0800086c   0x00000002   Code   RO          149    i.NMI_Handler       stm32f10x_it.o
    0x0800086e   0x0800086e   0x00000002   PAD
    0x08000870   0x08000870   0x00000070   Code   RO          971    i.NVIC_Init         misc.o
    0x080008e0   0x080008e0   0x0000003a   Code   RO          603    i.OLED_Fill         oled_i2c.o
    0x0800091a   0x0800091a   0x000000b4   Code   RO          604    i.OLED_Init         oled_i2c.o
    0x080009ce   0x080009ce   0x00000028   Code   RO          608    i.OLED_SetPos       oled_i2c.o
    0x080009f6   0x080009f6   0x00000002   PAD
    0x080009f8   0x080009f8   0x000000ec   Code   RO          611    i.OLED_ShowStr      oled_i2c.o
    0x08000ae4   0x08000ae4   0x00000002   Code   RO          150    i.PendSV_Handler    stm32f10x_it.o
    0x08000ae6   0x08000ae6   0x00000002   PAD
    0x08000ae8   0x08000ae8   0x00000020   Code   RO         1147    i.RCC_APB1PeriphClockCmd  stm32f10x_rcc.o
    0x08000b08   0x08000b08   0x00000020   Code   RO         1149    i.RCC_APB2PeriphClockCmd  stm32f10x_rcc.o
    0x08000b28   0x08000b28   0x000000d4   Code   RO         1157    i.RCC_GetClocksFreq  stm32f10x_rcc.o
    0x08000bfc   0x08000bfc   0x00000018   Code   RO         1530    i.SPI_Cmd           stm32f10x_spi.o
    0x08000c14   0x08000c14   0x00000006   Code   RO         1534    i.SPI_I2S_ClearFlag  stm32f10x_spi.o
    0x08000c1a   0x08000c1a   0x00000012   Code   RO         1538    i.SPI_I2S_GetFlagStatus  stm32f10x_spi.o
    0x08000c2c   0x08000c2c   0x00000006   Code   RO         1541    i.SPI_I2S_ReceiveData  stm32f10x_spi.o
    0x08000c32   0x08000c32   0x00000004   Code   RO         1542    i.SPI_I2S_SendData  stm32f10x_spi.o
    0x08000c36   0x08000c36   0x0000003c   Code   RO         1543    i.SPI_Init          stm32f10x_spi.o
    0x08000c72   0x08000c72   0x00000002   Code   RO          151    i.SVC_Handler       stm32f10x_it.o
    0x08000c74   0x08000c74   0x00000008   Code   RO          291    i.SetSysClock       system_stm32f10x.o
    0x08000c7c   0x08000c7c   0x000000e0   Code   RO          292    i.SetSysClockTo72   system_stm32f10x.o
    0x08000d5c   0x08000d5c   0x00000028   Code   RO          975    i.SysTick_CLKSourceConfig  misc.o
    0x08000d84   0x08000d84   0x00000002   Code   RO          152    i.SysTick_Handler   stm32f10x_it.o
    0x08000d86   0x08000d86   0x00000002   PAD
    0x08000d88   0x08000d88   0x00000060   Code   RO          294    i.SystemInit        system_stm32f10x.o
    0x08000de8   0x08000de8   0x00000088   Code   RO          913    i.USART1_IRQHandler  usart.o
    0x08000e70   0x08000e70   0x00000018   Code   RO         1349    i.USART_Cmd         stm32f10x_usart.o
    0x08000e88   0x08000e88   0x00000054   Code   RO         1353    i.USART_GetITStatus  stm32f10x_usart.o
    0x08000edc   0x08000edc   0x0000004a   Code   RO         1355    i.USART_ITConfig    stm32f10x_usart.o
    0x08000f26   0x08000f26   0x00000002   PAD
    0x08000f28   0x08000f28   0x000000d8   Code   RO         1356    i.USART_Init        stm32f10x_usart.o
    0x08001000   0x08001000   0x0000000a   Code   RO         1363    i.USART_ReceiveData  stm32f10x_usart.o
    0x0800100a   0x0800100a   0x00000004   Code   RO          153    i.UsageFault_Handler  stm32f10x_it.o
    0x0800100e   0x0800100e   0x0000000e   Code   RO          613    i.WriteCmd          oled_i2c.o
    0x0800101c   0x0800101c   0x0000000e   Code   RO          614    i.WriteDat          oled_i2c.o
    0x0800102a   0x0800102a   0x00000008   Code   RO          914    i._sys_exit         usart.o
    0x08001032   0x08001032   0x00000002   PAD
    0x08001034   0x08001034   0x00000044   Code   RO          769    i.delay_init        delay.o
    0x08001078   0x08001078   0x0000004c   Code   RO          770    i.delay_ms          delay.o
    0x080010c4   0x080010c4   0x0000004c   Code   RO          771    i.delay_us          delay.o
    0x08001110   0x08001110   0x0000001c   Code   RO          915    i.fputc             usart.o
    0x0800112c   0x0800112c   0x00000030   Code   RO          538    i.i2c_CfgGpio       bsp_i2c_gpio.o
    0x0800115c   0x0800115c   0x0000000e   Code   RO          539    i.i2c_Delay         bsp_i2c_gpio.o
    0x0800116a   0x0800116a   0x00000002   PAD
    0x0800116c   0x0800116c   0x00000054   Code   RO          542    i.i2c_SendByte      bsp_i2c_gpio.o
    0x080011c0   0x080011c0   0x00000030   Code   RO          543    i.i2c_Start         bsp_i2c_gpio.o
    0x080011f0   0x080011f0   0x00000020   Code   RO          544    i.i2c_Stop          bsp_i2c_gpio.o
    0x08001210   0x08001210   0x0000003c   Code   RO          545    i.i2c_WaitAck       bsp_i2c_gpio.o
    0x0800124c   0x0800124c   0x000000e4   Code   RO          369    i.initSPIx          spix.o
    0x08001330   0x08001330   0x000000bc   Code   RO          402    i.initSX1278        sx1278.o
    0x080013ec   0x080013ec   0x000000f4   Code   RO            1    i.main              main.o
    0x080014e0   0x080014e0   0x000000c8   Code   RO         1673    i.processMasterAsk  nodebus.o
    0x080015a8   0x080015a8   0x00000040   Code   RO          370    i.readSPIxByte      spix.o
    0x080015e8   0x080015e8   0x0000002c   Code   RO          403    i.readSX1278        sx1278.o
    0x08001614   0x08001614   0x0000007c   Code   RO          404    i.receivePackets    sx1278.o
    0x08001690   0x08001690   0x00000028   Code   RO          405    i.resetSX1278       sx1278.o
    0x080016b8   0x080016b8   0x00000042   Code   RO          371    i.sendSPIxByte      spix.o
    0x080016fa   0x080016fa   0x00000002   PAD
    0x080016fc   0x080016fc   0x00000024   Code   RO          372    i.setNSS            spix.o
    0x08001720   0x08001720   0x0000001e   Code   RO          406    i.setSX1278BandWidth  sx1278.o
    0x0800173e   0x0800173e   0x00000020   Code   RO          407    i.setSX1278ErrCode  sx1278.o
    0x0800175e   0x0800175e   0x0000001e   Code   RO          408    i.setSX1278ImplicitHeader  sx1278.o
    0x0800177c   0x0800177c   0x0000001c   Code   RO          409    i.setSX1278LoRaFSK  sx1278.o
    0x08001798   0x08001798   0x00000020   Code   RO          410    i.setSX1278MobileNode  sx1278.o
    0x080017b8   0x080017b8   0x0000001e   Code   RO          411    i.setSX1278NbTrigPeaks  sx1278.o
    0x080017d6   0x080017d6   0x0000001c   Code   RO          412    i.setSX1278OpMode   sx1278.o
    0x080017f2   0x080017f2   0x00000020   Code   RO          413    i.setSX1278PacketCRC  sx1278.o
    0x08001812   0x08001812   0x0000000e   Code   RO          414    i.setSX1278PayLoadLength  sx1278.o
    0x08001820   0x08001820   0x00000028   Code   RO          415    i.setSX1278RFFrequency  sx1278.o
    0x08001848   0x08001848   0x0000001c   Code   RO          416    i.setSX1278RFPower  sx1278.o
    0x08001864   0x08001864   0x00000030   Code   RO          417    i.setSX1278Receive  sx1278.o
    0x08001894   0x08001894   0x00000024   Code   RO          418    i.setSX1278SpreadingFactor  sx1278.o
    0x080018b8   0x080018b8   0x0000004a   Code   RO          419    i.setSX1278SymbTimeout  sx1278.o
    0x08001902   0x08001902   0x00000002   PAD
    0x08001904   0x08001904   0x00000098   Code   RO          420    i.transmitPackets   sx1278.o
    0x0800199c   0x0800199c   0x000000a0   Code   RO          916    i.uart_init         usart.o
    0x08001a3c   0x08001a3c   0x0000002c   Code   RO          421    i.writeSX1278       sx1278.o
    0x08001a68   0x08001a68   0x00000818   Data   RO          616    .constdata          oled_i2c.o
    0x08002280   0x08002280   0x00000007   Data   RO         1674    .constdata          nodebus.o
    0x08002287   0x08002287   0x00000001   PAD
    0x08002288   0x08002288   0x00000020   Data   RO         1913    Region$$Table       anon$$obj.o


    Execution Region ER_RW (Exec base: 0x20000000, Load base: 0x080022a8, Size: 0x00000054, Max: 0xffffffff, ABSOLUTE)

    Exec Addr    Load Addr    Size         Type   Attr      Idx    E Section Name        Object

    0x20000000   0x080022a8   0x00000002   Data   RW            2    .data               main.o
    0x20000002   0x080022aa   0x00000002   PAD
    0x20000004   0x080022ac   0x00000014   Data   RW          295    .data               system_stm32f10x.o
    0x20000018   0x080022c0   0x0000001a   Data   RW          422    .data               sx1278.o
    0x20000032   0x080022da   0x00000004   Data   RW          772    .data               delay.o
    0x20000036   0x080022de   0x00000002   PAD
    0x20000038   0x080022e0   0x00000006   Data   RW          918    .data               usart.o
    0x2000003e   0x080022e6   0x00000014   Data   RW         1177    .data               stm32f10x_rcc.o


    Execution Region ER_ZI (Exec base: 0x20000054, Load base: 0x080022fc, Size: 0x0000072c, Max: 0xffffffff, ABSOLUTE)

    Exec Addr    Load Addr    Size         Type   Attr      Idx    E Section Name        Object

    0x20000054        -       0x000000c8   Zero   RW          917    .bss                usart.o
    0x2000011c        -       0x00000060   Zero   RW         1791    .bss                c_w.l(libspace.o)
    0x2000017c   0x080022fc   0x00000004   PAD
    0x20000180        -       0x00000200   Zero   RW          965    HEAP                startup_stm32f10x_hd.o
    0x20000380        -       0x00000400   Zero   RW          964    STACK               startup_stm32f10x_hd.o


==============================================================================

Image component sizes


      Code (inc. data)   RO Data    RW Data    ZI Data      Debug   Object Name

       286         24          0          0          0       2918   bsp_i2c_gpio.o
       220         26          0          4          0     234839   delay.o
       422         32          0          0          0       3756   dht11.o
        52          6          0          0          0     202119   led.o
       244         58          0          2          0     215940   main.o
       152         12          0          0          0       1562   misc.o
       300          4          7          0          0       2621   nodebus.o
       606          8       2072          0          0       5358   oled_i2c.o
       394         24          0          0          0       2614   spix.o
        64         26        304          0       1536        772   startup_stm32f10x_hd.o
       286          0          0          0          0       3020   stm32f10x_gpio.o
        26          0          0          0          0      18658   stm32f10x_it.o
       276         32          0         20          0       4386   stm32f10x_rcc.o
       118          0          0          0          0       4262   stm32f10x_spi.o
       408          6          0          0          0       4910   stm32f10x_usart.o
      1074         54          0         26          0      14232   sx1278.o
         0          0          0          0          0         32   sys.o
       328         28          0         20          0       2061   system_stm32f10x.o
       332         26          0          6        200       4052   usart.o

    ----------------------------------------------------------------------
      5608        366       2416         84       1736     728112   Object Totals
         0          0         32          0          0          0   (incl. Generated)
        20          0          1          6          0          0   (incl. Padding)

    ----------------------------------------------------------------------

      Code (inc. data)   RO Data    RW Data    ZI Data      Debug   Library Member Name

         8          0          0          0          0         68   __main.o
       104          0          0          0          0         84   __printf.o
         0          0          0          0          0          0   __rtentry.o
        12          0          0          0          0          0   __rtentry2.o
         6          0          0          0          0          0   __rtentry4.o
        52          8          0          0          0          0   __scatter.o
        26          0          0          0          0          0   __scatter_copy.o
        28          0          0          0          0          0   __scatter_zi.o
        48          6          0          0          0         96   _printf_char_common.o
        36          4          0          0          0         80   _printf_char_file.o
         6          0          0          0          0          0   _printf_d.o
       120         16          0          0          0         92   _printf_dec.o
       178          0          0          0          0         88   _printf_intcommon.o
         0          0          0          0          0          0   _printf_percent.o
         4          0          0          0          0          0   _printf_percent_end.o
        10          0          0          0          0         68   _sputc.o
        18          0          0          0          0         80   exit.o
         8          0          0          0          0         68   ferror.o
         6          0          0          0          0        152   heapauxi.o
         2          0          0          0          0          0   libinit.o
         2          0          0          0          0          0   libinit2.o
         2          0          0          0          0          0   libshutdown.o
         2          0          0          0          0          0   libshutdown2.o
         8          4          0          0         96         68   libspace.o
        24          4          0          0          0         84   noretval__2printf.o
        40          6          0          0          0         84   noretval__2sprintf.o
         2          0          0          0          0          0   rtexit.o
        10          0          0          0          0          0   rtexit2.o
        74          0          0          0          0         80   sys_stackheap_outer.o
         2          0          0          0          0         68   use_no_semi.o
         2          0          0          0          0         68   use_no_semi_2.o

    ----------------------------------------------------------------------
       848         48          0          0        100       1328   Library Totals
         8          0          0          0          4          0   (incl. Padding)

    ----------------------------------------------------------------------

      Code (inc. data)   RO Data    RW Data    ZI Data      Debug   Library Name

       840         48          0          0         96       1328   c_w.l

    ----------------------------------------------------------------------
       848         48          0          0        100       1328   Library Totals

    ----------------------------------------------------------------------

==============================================================================


      Code (inc. data)   RO Data    RW Data    ZI Data      Debug   

      6456        414       2416         84       1836     724548   Grand Totals
      6456        414       2416         84       1836     724548   ELF Image Totals
      6456        414       2416         84          0          0   ROM Totals

==============================================================================

    Total RO  Size (Code + RO Data)                 8872 (   8.66kB)
    Total RW  Size (RW Data + ZI Data)              1920 (   1.88kB)
    Total ROM Size (Code + RO Data + RW Data)       8956 (   8.75kB)

==============================================================================

