C51 COMPILER V9.52.0.0   MAIN                                                              05/23/2019 14:48:38 PAGE 1   


C51 COMPILER V9.52.0.0, COMPILATION OF MODULE MAIN
OBJECT MODULE PLACED IN .\output\main.obj
COMPILER INVOKED BY: D:\keil4\C51\BIN\C51.EXE src\main.c BROWSE DEBUG OBJECTEXTEND PRINT(.\output\main.lst) TABS(2) OBJE
                    -CT(.\output\main.obj)

line level    source

   1          /*********************************************************************************************************
             -*********
   2                  
   3                        +--------------------------------------------------+
   4                                       主函数部分
   5                        +--------------------------------------------------+
   6          
   7           - 实现功能：
   8          
   9           - 目前进展：
  10           - 日期    ：2013-05-06
  11          
  12           - 作者    ：
  13          
  14           - 运行环境：STC   晶振：11.0592M     波特率:9600
  15          
  16           - 备注    ：在普中科技的51开发板上调试OK --- STC89C516RD+
  17           
  18           1、实现芯片上电分别指定播放第一曲和第二曲，基本的程序供用户测试
  19           2、该测试程序必须是模块或者芯片方案中，有设备在线，譬如U盘、TF卡、FLASH等等
  20           3、
  21          **********************************************************************************************************
             -********/
  22          #include "reg52.h"
  23          
  24          
  25          #define TIMER0_H   (65536-1800)/256//定时2Ms
  26          #define TIMER0_L   (65536-1800)%256
  27          
  28          #define SYS_Fosc        12000000  //晶振频率         
  29          #define COMM_BAUD_RATE  9600      //串口波特率
  30          
  31          #define OSC_FREQ        12000000  //11059200  
  32          
  33          #define u8 unsigned char
  34          #define u16 unsigned int
  35          static u8 Send_buf[10] = {0} ;
  36          static u8 Recv_buf[10] = {0} ;
  37          
  38          static u8 SendDataLen = 0 ;
  39          static u8 ResendDataLen = 0 ;
  40          
  41          /******************************串口1的波特率********************************/
  42          //T1作波特率发生器
  43          //在波特率加倍情况下 
  44          #define BAUD_57600          256 - (OSC_FREQ/192L)/57600L    // 254 FF
  45          #define BAUD_28800          256 - (OSC_FREQ/192L)/28800L    // 254 FE
  46          #define BAUD_19200          256 - (OSC_FREQ/192L)/19200L    // 253 FD
  47          #define BAUD_14400          256 - (OSC_FREQ/192L)/14400L    // 252 FC
  48          #define BAUD_9600           256 - (OSC_FREQ/192L)/9600L     // 250 FA
  49          
  50          /*****************************************************************************************************
  51           - 功能描述：10us的延时函数
  52           - 隶属模块：常用函数库(内部)
C51 COMPILER V9.52.0.0   MAIN                                                              05/23/2019 14:48:38 PAGE 2   

  53           - 参数说明：无
  54           - 返回参数：无
  55           - 注： 在这里的运行环境是51,晶振为12MHZ    
  56          *****************************************************************************************************/
  57          void Delay_Us(u8 z)
  58          {
  59   1        while(z--);
  60   1      }
  61          
  62          /***********************毫秒级别延时************************/
  63          
  64          void Delay_Ms(u16 z)
  65          {
  66   1        u8 x=0 , y=0;
  67   1        for(x=110 ; x>0 ;x--)
  68   1        for(y=z; y>0;y-- );
  69   1      }
  70          
  71          /*****************************************************************************************************
  72           - 功能描述： 串口1初始化
  73           - 隶属模块： 外部
  74           - 参数说明： 无
  75           - 返回说明： 无
  76           - 注：       都是9600波特率
  77          *****************************************************************************************************/
  78          void Serial_init(void)
  79          {
  80   1        TMOD = 0x20;                // 设置 T1 为波特率发生器
  81   1        SCON = 0x50;                // 0101,0000 8位数据位, 无奇偶校验
  82   1                    
  83   1        PCON = 0x00;                //PCON=0;
  84   1      
  85   1        TH1=256-(SYS_Fosc/COMM_BAUD_RATE/32/12);//设置为9600波特率
  86   1        TL1=256-(SYS_Fosc/COMM_BAUD_RATE/32/12);
  87   1      
  88   1          TR1     = 1;         //定时器1打开
  89   1          REN     = 1;         //串口1接收使能
  90   1          ES      = 1;         //串口1中断使能
  91   1      }
  92          
  93          
  94          /********************************************************************************************
  95           - 功能描述： 串口发送一个字节
  96           - 隶属模块： 外部
  97           - 参数说明：
  98           - 返回说明：
  99           - 注：       
 100          ********************************************************************************************/
 101          void Uart_PutByte(u8 ch)
 102          {
 103   1          SBUF  = ch;
 104   1          while(!TI){;}
 105   1          TI = 0;
 106   1      }
 107          
 108          /*****************************************************************************************************
 109           - 功能描述： 串口发送一帧数据
 110           - 隶属模块： 内部 
 111           - 参数说明： 
 112           - 返回说明： 
 113           - 注：无     
 114          *****************************************************************************************************/
C51 COMPILER V9.52.0.0   MAIN                                                              05/23/2019 14:48:38 PAGE 3   

 115          void SendCmd(u8 len)
 116          {
 117   1          u8 i = 0 ;
 118   1      
 119   1          Uart_PutByte(0x7E); //起始
 120   1          for(i=0; i<len; i++)//数据
 121   1          {
 122   2          Uart_PutByte(Send_buf[i]) ;
 123   2          }
 124   1          Uart_PutByte(0xEF) ;//结束
 125   1      }
 126          
 127          /********************************************************************************************
 128           - 功能描述：求和校验
 129           - 隶属模块：
 130           - 参数说明：
 131           - 返回说明：
 132           - 注：      和校验的思路如下
 133                       发送的指令，去掉起始和结束。将中间的6个字节进行累加，最后取反码
 134                       接收端就将接收到的一帧数据，去掉起始和结束。将中间的数据累加，再加上接收到的校验
 135                       字节。刚好为0.这样就代表接收到的数据完全正确。
 136          ********************************************************************************************/
 137          void DoSum( u8 *Str, u8 len)
 138          {
 139   1          u16 xorsum = 0;
 140   1          u8 i;
 141   1      
 142   1          for(i=0; i<len; i++)
 143   1          {
 144   2              xorsum  = xorsum + Str[i];
 145   2          }
 146   1        xorsum     = 0 -xorsum;
 147   1        *(Str+i)   = (u8)(xorsum >>8);
 148   1        *(Str+i+1) = (u8)(xorsum & 0x00ff);
 149   1      }
 150          
 151          
 152          /********************************************************************************************
 153           - 功能描述： 串口向外发送命令[包括控制和查询]
 154           - 隶属模块： 外部
 155           - 参数说明： CMD:表示控制指令，请查阅指令表，还包括查询的相关指令
 156                        feedback:是否需要应答[0:不需要应答，1:需要应答]
 157                        data:传送的参数
 158           - 返回说明：
 159           - 注：       
 160          ********************************************************************************************/
 161          void Uart_SendCMD(u8 CMD ,u8 feedback , u16 dat)
 162          {
 163   1          Send_buf[0] = 0xff;    //保留字节 
 164   1          Send_buf[1] = 0x06;    //长度
 165   1          Send_buf[2] = CMD;     //控制指令
 166   1          Send_buf[3] = feedback;//是否需要反馈
 167   1          Send_buf[4] = (u8)(dat >> 8);//datah
 168   1          Send_buf[5] = (u8)(dat);     //datal
 169   1          DoSum(&Send_buf[0],6);        //校验
 170   1          SendCmd(8);       //发送此帧数据
 171   1      }
 172          
 173          void main()
 174          { 
 175   1        Delay_Us(1) ;
 176   1        Delay_Ms(1) ;
C51 COMPILER V9.52.0.0   MAIN                                                              05/23/2019 14:48:38 PAGE 4   

 177   1      
 178   1        Serial_init() ;
 179   1      
 180   1          Delay_Ms(2000) ;//延时大概6S
 181   1          
 182   1          Uart_SendCMD(0x03 , 0 , 0x02) ;//播放第一首
 183   1          
 184   1          Delay_Ms(2000) ;//延时大概6S
 185   1          
 186   1          Uart_SendCMD(0x03 , 0 , 0x01) ;//播放第二首
 187   1      
 188   1          Delay_Ms(2000) ;//延时大概6S
 189   1      
 190   1          Uart_SendCMD(0x03 , 0 , 0x06) ;//播放第四首
 191   1      
 192   1          while(1) ;
 193   1      }


MODULE INFORMATION:   STATIC OVERLAYABLE
   CODE SIZE        =    249    ----
   CONSTANT SIZE    =   ----    ----
   XDATA SIZE       =   ----    ----
   PDATA SIZE       =   ----    ----
   DATA SIZE        =     22       5
   IDATA SIZE       =   ----    ----
   BIT SIZE         =   ----    ----
END OF MODULE INFORMATION.


C51 COMPILATION COMPLETE.  0 WARNING(S),  0 ERROR(S)
