BL51 BANKED LINKER/LOCATER V6.22                                                        05/23/2019  14:48:38  PAGE 1


BL51 BANKED LINKER/LOCATER V6.22, INVOKED BY:
D:\KEIL4\C51\BIN\BL51.EXE .\output\STARTUP.obj, .\output\main.obj, .\output\Log.obj TO .\output\QYtest PRINT (.\output\Q
>> Ytest.m51) RAMSIZE (256)


MEMORY MODEL: SMALL


INPUT MODULES INCLUDED:
  .\output\STARTUP.obj (?C_STARTUP)
  .\output\main.obj (MAIN)
  .\output\Log.obj (LOG)
  D:\KEIL4\C51\LIB\C51S.LIB (?C_INIT)
  D:\KEIL4\C51\LIB\C51S.LIB (?C?CLDOPTR)
  D:\KEIL4\C51\LIB\C51S.LIB (?C?CSTOPTR)


LINK MAP OF MODULE:  .\output\QYtest (?C_STARTUP)


            TYPE    BASE      LENGTH    RELOCATION   SEGMENT NAME
            -----------------------------------------------------

            * * * * * * *   D A T A   M E M O R Y   * * * * * * *
            REG     0000H     0008H     ABSOLUTE     "REG BANK 0"
            DATA    0008H     0016H     UNIT         ?DT?MAIN
            DATA    001EH     0005H     UNIT         _DATA_GROUP_
            IDATA   0023H     0001H     UNIT         ?STACK

            * * * * * * *   C O D E   M E M O R Y   * * * * * * *
            CODE    0000H     0003H     ABSOLUTE     
            CODE    0003H     008CH     UNIT         ?C_C51STARTUP
            CODE    008FH     0054H     UNIT         ?PR?_DOSUM?MAIN
            CODE    00E3H     004FH     UNIT         ?C?LIB_CODE
            CODE    0132H     0029H     UNIT         ?PR?MAIN?MAIN
            CODE    015BH     0024H     UNIT         ?PR?_UART_SENDCMD?MAIN
            CODE    017FH     001FH     UNIT         ?PR?_SENDCMD?MAIN
            CODE    019EH     001FH     UNIT         ?C_INITSEG
            CODE    01BDH     0016H     UNIT         ?PR?SERIAL_INIT?MAIN
            CODE    01D3H     0014H     UNIT         ?PR?_DELAY_MS?MAIN
            CODE    01E7H     0008H     UNIT         ?PR?_UART_PUTBYTE?MAIN
            CODE    01EFH     0007H     UNIT         ?PR?_DELAY_US?MAIN



OVERLAY MAP OF MODULE:   .\output\QYtest (?C_STARTUP)


SEGMENT                          DATA_GROUP 
  +--> CALLED SEGMENT          START    LENGTH
----------------------------------------------
?C_C51STARTUP                  -----    -----
  +--> ?PR?MAIN?MAIN
  +--> ?C_INITSEG

?PR?MAIN?MAIN                  -----    -----
  +--> ?PR?_DELAY_US?MAIN
  +--> ?PR?_DELAY_MS?MAIN
BL51 BANKED LINKER/LOCATER V6.22                                                      05/23/2019  14:48:38  PAGE 2


  +--> ?PR?SERIAL_INIT?MAIN
  +--> ?PR?_UART_SENDCMD?MAIN

?PR?_UART_SENDCMD?MAIN         -----    -----
  +--> ?PR?_DOSUM?MAIN
  +--> ?PR?_SENDCMD?MAIN

?PR?_DOSUM?MAIN                001EH    0005H

?PR?_SENDCMD?MAIN              -----    -----
  +--> ?PR?_UART_PUTBYTE?MAIN



SYMBOL TABLE OF MODULE:  .\output\QYtest (?C_STARTUP)

  VALUE           TYPE          NAME
  ----------------------------------

  -------         MODULE        ?C_STARTUP
  C:0003H         SEGMENT       ?C_C51STARTUP
  I:0023H         SEGMENT       ?STACK
  C:0000H         PUBLIC        ?C_STARTUP
  D:00E0H         SYMBOL        ACC
  D:00F0H         SYMBOL        B
  D:0083H         SYMBOL        DPH
  D:0082H         SYMBOL        DPL
  N:0000H         SYMBOL        IBPSTACK
  N:0100H         SYMBOL        IBPSTACKTOP
  N:0080H         SYMBOL        IDATALEN
  C:0006H         SYMBOL        IDATALOOP
  N:0000H         SYMBOL        PBPSTACK
  N:0100H         SYMBOL        PBPSTACKTOP
  N:0000H         SYMBOL        PDATALEN
  N:0000H         SYMBOL        PDATASTART
  N:0000H         SYMBOL        PPAGE
  N:0000H         SYMBOL        PPAGEENABLE
  D:00A0H         SYMBOL        PPAGE_SFR
  D:0081H         SYMBOL        SP
  C:0003H         SYMBOL        STARTUP1
  N:0000H         SYMBOL        XBPSTACK
  N:0000H         SYMBOL        XBPSTACKTOP
  N:0000H         SYMBOL        XDATALEN
  N:0000H         SYMBOL        XDATASTART
  C:0000H         LINE#         126
  C:0003H         LINE#         133
  C:0005H         LINE#         134
  C:0006H         LINE#         135
  C:0007H         LINE#         136
  C:0009H         LINE#         185
  C:000CH         LINE#         196
  -------         ENDMOD        ?C_STARTUP

  -------         MODULE        MAIN
  C:0000H         SYMBOL        _ICE_DUMMY_
  D:0090H         PUBLIC        P1
  D:0008H         SYMBOL        ResendDataLen
BL51 BANKED LINKER/LOCATER V6.22                                                      05/23/2019  14:48:38  PAGE 3


  D:00B0H         PUBLIC        P3
  D:00A8H         PUBLIC        IE
  C:01D7H         PUBLIC        _Delay_Ms
  B:00A8H.4       PUBLIC        ES
  D:00B8H         PUBLIC        IP
  C:01EFH         PUBLIC        _Delay_Us
  B:0098H.1       PUBLIC        TI
  C:017FH         PUBLIC        _SendCmd
  C:0132H         PUBLIC        main
  D:0009H         SYMBOL        SendDataLen
  D:000AH         SYMBOL        Send_buf
  D:0014H         SYMBOL        Recv_buf
  D:0099H         PUBLIC        SBUF
  D:0087H         PUBLIC        PCON
  D:0098H         PUBLIC        SCON
  D:0089H         PUBLIC        TMOD
  D:0088H         PUBLIC        TCON
  D:008DH         PUBLIC        TH1
  C:01E7H         PUBLIC        _Uart_PutByte
  D:008BH         PUBLIC        TL1
  B:0088H.6       PUBLIC        TR1
  C:0161H         PUBLIC        _Uart_SendCMD
  B:0098H.4       PUBLIC        REN
  D:00C8H         PUBLIC        T2CON
  C:008FH         PUBLIC        _DoSum
  C:01BDH         PUBLIC        Serial_init
  D:00D0H         PUBLIC        PSW
  -------         PROC          _DELAY_US
  D:0007H         SYMBOL        z
  C:01EFH         LINE#         57
  C:01EFH         LINE#         58
  C:01EFH         LINE#         59
  C:01F5H         LINE#         60
  -------         ENDPROC       _DELAY_US
  C:01D3H         SYMBOL        L?0030
  -------         PROC          L?0029
  -------         ENDPROC       L?0029
  C:01D3H         SYMBOL        L?0030
  -------         PROC          _DELAY_MS
  D:0006H         SYMBOL        z
  -------         DO            
  D:0005H         SYMBOL        x
  D:0004H         SYMBOL        y
  -------         ENDDO         
  C:01D7H         LINE#         64
  C:01D7H         LINE#         65
  C:01D7H         LINE#         66
  C:01D7H         LINE#         67
  C:01D9H         LINE#         68
  C:01E6H         LINE#         69
  -------         ENDPROC       _DELAY_MS
  -------         PROC          SERIAL_INIT
  C:01BDH         LINE#         78
  C:01BDH         LINE#         79
  C:01BDH         LINE#         80
  C:01C0H         LINE#         81
  C:01C3H         LINE#         83
BL51 BANKED LINKER/LOCATER V6.22                                                      05/23/2019  14:48:38  PAGE 4


  C:01C6H         LINE#         85
  C:01C9H         LINE#         86
  C:01CCH         LINE#         88
  C:01CEH         LINE#         89
  C:01D0H         LINE#         90
  C:01D2H         LINE#         91
  -------         ENDPROC       SERIAL_INIT
  -------         PROC          _UART_PUTBYTE
  D:0007H         SYMBOL        ch
  C:01E7H         LINE#         101
  C:01E7H         LINE#         102
  C:01E7H         LINE#         103
  C:01E9H         LINE#         104
  C:01ECH         LINE#         105
  C:01EEH         LINE#         106
  -------         ENDPROC       _UART_PUTBYTE
  -------         PROC          _SENDCMD
  D:0006H         SYMBOL        len
  -------         DO            
  D:0005H         SYMBOL        i
  -------         ENDDO         
  C:017FH         LINE#         115
  C:0181H         LINE#         116
  C:0181H         LINE#         117
  C:0183H         LINE#         119
  C:0188H         LINE#         120
  C:018DH         LINE#         121
  C:018DH         LINE#         122
  C:0196H         LINE#         123
  C:0199H         LINE#         124
  -------         ENDPROC       _SENDCMD
  -------         PROC          _DOSUM
  D:001EH         SYMBOL        Str
  D:0005H         SYMBOL        len
  -------         DO            
  D:0021H         SYMBOL        xorsum
  D:0004H         SYMBOL        i
  -------         ENDDO         
  C:008FH         LINE#         137
  C:0095H         LINE#         138
  C:0095H         LINE#         139
  C:009AH         LINE#         142
  C:00A0H         LINE#         143
  C:00A0H         LINE#         144
  C:00B7H         LINE#         145
  C:00BAH         LINE#         146
  C:00C5H         LINE#         147
  C:00D3H         LINE#         148
  -------         ENDPROC       _DOSUM
  C:015BH         SYMBOL        L?0028
  -------         PROC          L?0027
  -------         ENDPROC       L?0027
  C:015BH         SYMBOL        L?0028
  -------         PROC          _UART_SENDCMD
  D:0007H         SYMBOL        CMD
  D:0005H         SYMBOL        feedback
  D:0002H         SYMBOL        dat
BL51 BANKED LINKER/LOCATER V6.22                                                      05/23/2019  14:48:38  PAGE 5


  C:0161H         LINE#         161
  C:0161H         LINE#         162
  C:0161H         LINE#         163
  C:0164H         LINE#         164
  C:0167H         LINE#         165
  C:0169H         LINE#         166
  C:016BH         LINE#         167
  C:016DH         LINE#         168
  C:016FH         LINE#         169
  C:017AH         LINE#         170
  -------         ENDPROC       _UART_SENDCMD
  -------         PROC          MAIN
  C:0132H         LINE#         173
  C:0132H         LINE#         174
  C:0132H         LINE#         175
  C:0137H         LINE#         176
  C:013EH         LINE#         178
  C:0141H         LINE#         180
  C:0144H         LINE#         182
  C:0149H         LINE#         184
  C:014CH         LINE#         186
  C:0151H         LINE#         188
  C:0154H         LINE#         190
  C:0159H         LINE#         192
  -------         ENDPROC       MAIN
  -------         ENDMOD        MAIN

  -------         MODULE        LOG
  C:0000H         SYMBOL        _ICE_DUMMY_
  -------         ENDMOD        LOG

  -------         MODULE        ?C?CLDOPTR
  C:00E3H         PUBLIC        ?C?CLDOPTR
  -------         ENDMOD        ?C?CLDOPTR

  -------         MODULE        ?C?CSTOPTR
  C:0110H         PUBLIC        ?C?CSTOPTR
  -------         ENDMOD        ?C?CSTOPTR

Program Size: data=36.0 xdata=0 code=502
LINK/LOCATE RUN COMPLETE.  0 WARNING(S),  0 ERROR(S)
