Component: ARM Compiler 5.06 update 6 (build 750) Tool: armlink [4d35ed]

==============================================================================

Section Cross References

    main.o(i.main) refers to _printf_percent.o(.ARM.Collect$$_printf_percent$$00000000) for _printf_percent
    main.o(i.main) refers to _printf_d.o(.ARM.Collect$$_printf_percent$$00000009) for _printf_d
    main.o(i.main) refers to _printf_dec.o(.text) for _printf_int_dec
    main.o(i.main) refers to delay.o(i.delay_init) for delay_init
    main.o(i.main) refers to led.o(i.LED_Init) for LED_Init
    main.o(i.main) refers to spix.o(i.initSPIx) for initSPIx
    main.o(i.main) refers to usart.o(i.uart_init) for uart_init
    main.o(i.main) refers to usart2.o(i.USART2_Config) for USART2_Config
    main.o(i.main) refers to sx1278.o(i.initSX1278) for initSX1278
    main.o(i.main) refers to noretval__2printf.o(.text) for __2printf
    main.o(i.main) refers to nodebus.o(i.SendMasterCommand) for SendMasterCommand
    main.o(i.main) refers to nodebus.o(i.RecvSlaveAck) for RecvSlaveAck
    main.o(i.main) refers to delay.o(i.delay_ms) for delay_ms
    main.o(i.main) refers to tlink.o(i.SendDeviceState) for SendDeviceState
    main.o(i.main) refers to main.o(.data) for DeviceBlock_StructureArray
    system_stm32f10x.o(i.SetSysClock) refers to system_stm32f10x.o(i.SetSysClockTo72) for SetSysClockTo72
    system_stm32f10x.o(i.SystemCoreClockUpdate) refers to system_stm32f10x.o(.data) for SystemCoreClock
    system_stm32f10x.o(i.SystemInit) refers to system_stm32f10x.o(i.SetSysClock) for SetSysClock
    led.o(i.LED_Init) refers to stm32f10x_rcc.o(i.RCC_APB2PeriphClockCmd) for RCC_APB2PeriphClockCmd
    led.o(i.LED_Init) refers to stm32f10x_gpio.o(i.GPIO_Init) for GPIO_Init
    led.o(i.LED_Init) refers to stm32f10x_gpio.o(i.GPIO_SetBits) for GPIO_SetBits
    esp8266.o(i.ESP8266Mode_init) refers to esp8266.o(i.SendCmd) for SendCmd
    esp8266.o(i.ESP8266Mode_init) refers to noretval__2printf.o(.text) for __2printf
    esp8266.o(i.ESP8266Mode_init) refers to delay.o(i.delay_ms) for delay_ms
    esp8266.o(i.ESP8266Mode_init) refers to esp8266.o(.data) for AT_Mode
    esp8266.o(i.ESP8266_GPIO_Init) refers to stm32f10x_rcc.o(i.RCC_APB2PeriphClockCmd) for RCC_APB2PeriphClockCmd
    esp8266.o(i.ESP8266_GPIO_Init) refers to stm32f10x_gpio.o(i.GPIO_Init) for GPIO_Init
    esp8266.o(i.ESP8266_GPIO_Init) refers to stm32f10x_gpio.o(i.GPIO_SetBits) for GPIO_SetBits
    esp8266.o(i.ESP8266_SendData) refers to esp8266.o(i.USART_Write) for USART_Write
    esp8266.o(i.SendCmd) refers to rt_memclr.o(.text) for __aeabi_memclr
    esp8266.o(i.SendCmd) refers to strlen.o(.text) for strlen
    esp8266.o(i.SendCmd) refers to esp8266.o(i.USART_Write) for USART_Write
    esp8266.o(i.SendCmd) refers to delay.o(i.delay_ms) for delay_ms
    esp8266.o(i.SendCmd) refers to usart2.o(.bss) for Rx_Buff
    esp8266.o(i.SendCmd) refers to usart2.o(.data) for Rx_count
    esp8266.o(i.USART_Write) refers to stm32f10x_usart.o(i.USART_ClearFlag) for USART_ClearFlag
    esp8266.o(i.USART_Write) refers to stm32f10x_usart.o(i.USART_SendData) for USART_SendData
    esp8266.o(i.USART_Write) refers to stm32f10x_usart.o(i.USART_GetFlagStatus) for USART_GetFlagStatus
    spix.o(i.initSPIx) refers to stm32f10x_rcc.o(i.RCC_APB2PeriphClockCmd) for RCC_APB2PeriphClockCmd
    spix.o(i.initSPIx) refers to stm32f10x_rcc.o(i.RCC_APB1PeriphClockCmd) for RCC_APB1PeriphClockCmd
    spix.o(i.initSPIx) refers to stm32f10x_gpio.o(i.GPIO_Init) for GPIO_Init
    spix.o(i.initSPIx) refers to stm32f10x_gpio.o(i.GPIO_SetBits) for GPIO_SetBits
    spix.o(i.initSPIx) refers to stm32f10x_spi.o(i.SPI_Init) for SPI_Init
    spix.o(i.initSPIx) refers to stm32f10x_spi.o(i.SPI_Cmd) for SPI_Cmd
    spix.o(i.readSPIxByte) refers to stm32f10x_spi.o(i.SPI_I2S_GetFlagStatus) for SPI_I2S_GetFlagStatus
    spix.o(i.readSPIxByte) refers to stm32f10x_spi.o(i.SPI_I2S_ClearFlag) for SPI_I2S_ClearFlag
    spix.o(i.readSPIxByte) refers to stm32f10x_spi.o(i.SPI_I2S_SendData) for SPI_I2S_SendData
    spix.o(i.readSPIxByte) refers to stm32f10x_spi.o(i.SPI_I2S_ReceiveData) for SPI_I2S_ReceiveData
    spix.o(i.sendSPIxByte) refers to stm32f10x_spi.o(i.SPI_I2S_GetFlagStatus) for SPI_I2S_GetFlagStatus
    spix.o(i.sendSPIxByte) refers to stm32f10x_spi.o(i.SPI_I2S_ClearFlag) for SPI_I2S_ClearFlag
    spix.o(i.sendSPIxByte) refers to stm32f10x_spi.o(i.SPI_I2S_SendData) for SPI_I2S_SendData
    spix.o(i.sendSPIxByte) refers to stm32f10x_spi.o(i.SPI_I2S_ReceiveData) for SPI_I2S_ReceiveData
    spix.o(i.setNSS) refers to stm32f10x_gpio.o(i.GPIO_SetBits) for GPIO_SetBits
    spix.o(i.setNSS) refers to stm32f10x_gpio.o(i.GPIO_ResetBits) for GPIO_ResetBits
    sx1278.o(i.initSX1278) refers to stm32f10x_rcc.o(i.RCC_APB2PeriphClockCmd) for RCC_APB2PeriphClockCmd
    sx1278.o(i.initSX1278) refers to stm32f10x_gpio.o(i.GPIO_Init) for GPIO_Init
    sx1278.o(i.initSX1278) refers to stm32f10x_gpio.o(i.GPIO_SetBits) for GPIO_SetBits
[...]
    rtexit.o(.ARM.Collect$$rtexit$$00000000) refers (Special) to rtexit2.o(.ARM.Collect$$rtexit$$00000002) for __rt_exit_prels_1
    rtexit.o(.ARM.exidx) refers (Special) to rtexit2.o(.ARM.Collect$$rtexit$$00000004) for __rt_exit_exit
    rtexit.o(.ARM.exidx) refers (Special) to rtexit2.o(.ARM.Collect$$rtexit$$00000003) for __rt_exit_ls
    rtexit.o(.ARM.exidx) refers (Special) to rtexit2.o(.ARM.Collect$$rtexit$$00000002) for __rt_exit_prels_1
    rtexit.o(.ARM.exidx) refers to rtexit.o(.ARM.Collect$$rtexit$$00000000) for .ARM.Collect$$rtexit$$00000000
    libinit2.o(.ARM.Collect$$libinit$$00000010) refers to libinit2.o(.ARM.Collect$$libinit$$0000000F) for .ARM.Collect$$libinit$$0000000F
    libinit2.o(.ARM.Collect$$libinit$$00000012) refers to libinit2.o(.ARM.Collect$$libinit$$0000000F) for .ARM.Collect$$libinit$$0000000F
    libinit2.o(.ARM.Collect$$libinit$$00000014) refers to libinit2.o(.ARM.Collect$$libinit$$0000000F) for .ARM.Collect$$libinit$$0000000F
    libinit2.o(.ARM.Collect$$libinit$$00000016) refers to libinit2.o(.ARM.Collect$$libinit$$0000000F) for .ARM.Collect$$libinit$$0000000F
    libinit2.o(.ARM.Collect$$libinit$$00000018) refers to libinit2.o(.ARM.Collect$$libinit$$0000000F) for .ARM.Collect$$libinit$$0000000F
    libinit2.o(.ARM.Collect$$libinit$$00000026) refers to argv_veneer.o(.emb_text) for __ARM_argv_veneer
    libinit2.o(.ARM.Collect$$libinit$$00000027) refers to argv_veneer.o(.emb_text) for __ARM_argv_veneer
    rtexit2.o(.ARM.Collect$$rtexit$$00000003) refers to libshutdown.o(.ARM.Collect$$libshutdown$$00000000) for __rt_lib_shutdown
    rtexit2.o(.ARM.Collect$$rtexit$$00000004) refers to usart.o(i._sys_exit) for _sys_exit
    rtexit2.o(.ARM.exidx) refers to rtexit2.o(.ARM.Collect$$rtexit$$00000001) for .ARM.Collect$$rtexit$$00000001
    rtexit2.o(.ARM.exidx) refers to rtexit2.o(.ARM.Collect$$rtexit$$00000003) for .ARM.Collect$$rtexit$$00000003
    rtexit2.o(.ARM.exidx) refers to rtexit2.o(.ARM.Collect$$rtexit$$00000004) for .ARM.Collect$$rtexit$$00000004
    argv_veneer.o(.emb_text) refers to no_argv.o(.text) for __ARM_get_argv
    _get_argv_nomalloc.o(.text) refers (Special) to hrguard.o(.text) for __heap_region$guard
    _get_argv_nomalloc.o(.text) refers to defsig_rtmem_outer.o(.text) for __rt_SIGRTMEM
    _get_argv_nomalloc.o(.text) refers to sys_command.o(.text) for _sys_command_string
    libshutdown.o(.ARM.Collect$$libshutdown$$00000000) refers (Special) to libshutdown2.o(.ARM.Collect$$libshutdown$$00000002) for __rt_lib_shutdown_cpp_1
    libshutdown.o(.ARM.Collect$$libshutdown$$00000000) refers (Special) to libshutdown2.o(.ARM.Collect$$libshutdown$$00000007) for __rt_lib_shutdown_fp_trap_1
    libshutdown.o(.ARM.Collect$$libshutdown$$00000000) refers (Special) to libshutdown2.o(.ARM.Collect$$libshutdown$$0000000F) for __rt_lib_shutdown_heap_1
    libshutdown.o(.ARM.Collect$$libshutdown$$00000000) refers (Special) to libshutdown2.o(.ARM.Collect$$libshutdown$$00000010) for __rt_lib_shutdown_return
    libshutdown.o(.ARM.Collect$$libshutdown$$00000000) refers (Special) to libshutdown2.o(.ARM.Collect$$libshutdown$$0000000A) for __rt_lib_shutdown_signal_1
    libshutdown.o(.ARM.Collect$$libshutdown$$00000000) refers (Special) to libshutdown2.o(.ARM.Collect$$libshutdown$$00000004) for __rt_lib_shutdown_stdio_1
    libshutdown.o(.ARM.Collect$$libshutdown$$00000000) refers (Special) to libshutdown2.o(.ARM.Collect$$libshutdown$$0000000C) for __rt_lib_shutdown_user_alloc_1
    sys_command.o(.text) refers (Special) to use_no_semi.o(.text) for __I$use$semihosting
    sys_command.o(.text) refers (Special) to indicate_semi.o(.text) for __semihosting_library_function
    defsig_rtmem_outer.o(.text) refers to defsig_rtmem_inner.o(.text) for __rt_SIGRTMEM_inner
    defsig_rtmem_outer.o(.text) refers to defsig_exit.o(.text) for __sig_exit
    defsig_rtmem_formal.o(.text) refers to rt_raise.o(.text) for __rt_raise
    rt_raise.o(.text) refers to __raise.o(.text) for __raise
    rt_raise.o(.text) refers to usart.o(i._sys_exit) for _sys_exit
    defsig_exit.o(.text) refers to usart.o(i._sys_exit) for _sys_exit
    defsig_rtmem_inner.o(.text) refers to defsig_general.o(.text) for __default_signal_display
    __raise.o(.text) refers to defsig.o(CL$$defsig) for __default_signal_handler
    defsig_general.o(.text) refers to sys_wrch.o(.text) for _ttywrch
    sys_wrch.o(.text) refers (Special) to use_no_semi.o(.text) for __I$use$semihosting
    sys_wrch.o(.text) refers (Special) to indicate_semi.o(.text) for __semihosting_library_function
    defsig.o(CL$$defsig) refers to defsig_rtmem_inner.o(.text) for __rt_SIGRTMEM_inner
    defsig_abrt_inner.o(.text) refers to defsig_general.o(.text) for __default_signal_display
    defsig_fpe_inner.o(.text) refers to defsig_general.o(.text) for __default_signal_display
    defsig_rtred_inner.o(.text) refers to defsig_general.o(.text) for __default_signal_display
    defsig_stak_inner.o(.text) refers to defsig_general.o(.text) for __default_signal_display
    defsig_pvfn_inner.o(.text) refers to defsig_general.o(.text) for __default_signal_display
    defsig_cppl_inner.o(.text) refers to defsig_general.o(.text) for __default_signal_display
    defsig_segv_inner.o(.text) refers to defsig_general.o(.text) for __default_signal_display
    defsig_other.o(.text) refers to defsig_general.o(.text) for __default_signal_display


==============================================================================

Removing Unused input sections from the image.

    Removing system_stm32f10x.o(i.SystemCoreClockUpdate), (164 bytes).
    Removing esp8266.o(i.ESP8266Mode_init), (360 bytes).
    Removing esp8266.o(i.ESP8266_GPIO_Init), (88 bytes).
    Removing esp8266.o(i.ESP8266_SendData), (16 bytes).
    Removing esp8266.o(i.SendCmd), (112 bytes).
    Removing esp8266.o(i.USART_Write), (56 bytes).
    Removing delay.o(i.delay_us), (76 bytes).
    Removing sys.o(.emb_text), (6 bytes).
    Removing sys.o(i.INTX_DISABLE), (4 bytes).
    Removing sys.o(i.INTX_ENABLE), (4 bytes).
    Removing sys.o(i.WFI_SET), (4 bytes).
    Removing core_cm3.o(.emb_text), (32 bytes).
    Removing misc.o(i.NVIC_SetVectorTable), (20 bytes).
    Removing misc.o(i.NVIC_SystemLPConfig), (32 bytes).
    Removing stm32f10x_gpio.o(i.GPIO_AFIODeInit), (20 bytes).
    Removing stm32f10x_gpio.o(i.GPIO_DeInit), (200 bytes).
    Removing stm32f10x_gpio.o(i.GPIO_ETH_MediaInterfaceConfig), (12 bytes).
    Removing stm32f10x_gpio.o(i.GPIO_EXTILineConfig), (64 bytes).
    Removing stm32f10x_gpio.o(i.GPIO_EventOutputCmd), (12 bytes).
    Removing stm32f10x_gpio.o(i.GPIO_EventOutputConfig), (32 bytes).
    Removing stm32f10x_gpio.o(i.GPIO_PinLockConfig), (18 bytes).
    Removing stm32f10x_gpio.o(i.GPIO_PinRemapConfig), (144 bytes).
    Removing stm32f10x_gpio.o(i.GPIO_ReadInputData), (8 bytes).
    Removing stm32f10x_gpio.o(i.GPIO_ReadInputDataBit), (18 bytes).
    Removing stm32f10x_gpio.o(i.GPIO_ReadOutputData), (8 bytes).
    Removing stm32f10x_gpio.o(i.GPIO_ReadOutputDataBit), (18 bytes).
    Removing stm32f10x_gpio.o(i.GPIO_StructInit), (16 bytes).
    Removing stm32f10x_gpio.o(i.GPIO_Write), (4 bytes).
    Removing stm32f10x_gpio.o(i.GPIO_WriteBit), (10 bytes).
    Removing stm32f10x_dbgmcu.o(i.DBGMCU_Config), (32 bytes).
    Removing stm32f10x_dbgmcu.o(i.DBGMCU_GetDEVID), (16 bytes).
    Removing stm32f10x_dbgmcu.o(i.DBGMCU_GetREVID), (12 bytes).
    Removing stm32f10x_rcc.o(i.RCC_ADCCLKConfig), (24 bytes).
    Removing stm32f10x_rcc.o(i.RCC_AHBPeriphClockCmd), (32 bytes).
    Removing stm32f10x_rcc.o(i.RCC_APB1PeriphResetCmd), (32 bytes).
    Removing stm32f10x_rcc.o(i.RCC_APB2PeriphResetCmd), (32 bytes).
    Removing stm32f10x_rcc.o(i.RCC_AdjustHSICalibrationValue), (24 bytes).
    Removing stm32f10x_rcc.o(i.RCC_BackupResetCmd), (12 bytes).
    Removing stm32f10x_rcc.o(i.RCC_ClearFlag), (20 bytes).
    Removing stm32f10x_rcc.o(i.RCC_ClearITPendingBit), (12 bytes).
    Removing stm32f10x_rcc.o(i.RCC_ClockSecuritySystemCmd), (12 bytes).
    Removing stm32f10x_rcc.o(i.RCC_DeInit), (76 bytes).
    Removing stm32f10x_rcc.o(i.RCC_GetFlagStatus), (60 bytes).
    Removing stm32f10x_rcc.o(i.RCC_GetITStatus), (24 bytes).
    Removing stm32f10x_rcc.o(i.RCC_GetSYSCLKSource), (16 bytes).
    Removing stm32f10x_rcc.o(i.RCC_HCLKConfig), (24 bytes).
    Removing stm32f10x_rcc.o(i.RCC_HSEConfig), (76 bytes).
    Removing stm32f10x_rcc.o(i.RCC_HSICmd), (12 bytes).
    Removing stm32f10x_rcc.o(i.RCC_ITConfig), (32 bytes).
    Removing stm32f10x_rcc.o(i.RCC_LSEConfig), (52 bytes).
    Removing stm32f10x_rcc.o(i.RCC_LSICmd), (12 bytes).
    Removing stm32f10x_rcc.o(i.RCC_MCOConfig), (12 bytes).
    Removing stm32f10x_rcc.o(i.RCC_PCLK1Config), (24 bytes).
    Removing stm32f10x_rcc.o(i.RCC_PCLK2Config), (24 bytes).
    Removing stm32f10x_rcc.o(i.RCC_PLLCmd), (12 bytes).
    Removing stm32f10x_rcc.o(i.RCC_PLLConfig), (28 bytes).
    Removing stm32f10x_rcc.o(i.RCC_RTCCLKCmd), (12 bytes).
    Removing stm32f10x_rcc.o(i.RCC_RTCCLKConfig), (16 bytes).
    Removing stm32f10x_rcc.o(i.RCC_SYSCLKConfig), (24 bytes).
    Removing stm32f10x_rcc.o(i.RCC_USBCLKConfig), (12 bytes).
    Removing stm32f10x_rcc.o(i.RCC_WaitForHSEStartUp), (56 bytes).
    Removing stm32f10x_usart.o(i.USART_ClockInit), (34 bytes).
    Removing stm32f10x_usart.o(i.USART_ClockStructInit), (12 bytes).
    Removing stm32f10x_usart.o(i.USART_DMACmd), (18 bytes).
    Removing stm32f10x_usart.o(i.USART_DeInit), (156 bytes).
    Removing stm32f10x_usart.o(i.USART_HalfDuplexCmd), (24 bytes).
    Removing stm32f10x_usart.o(i.USART_IrDACmd), (24 bytes).
    Removing stm32f10x_usart.o(i.USART_IrDAConfig), (18 bytes).
    Removing stm32f10x_usart.o(i.USART_LINBreakDetectLengthConfig), (18 bytes).
    Removing stm32f10x_usart.o(i.USART_LINCmd), (24 bytes).
    Removing stm32f10x_usart.o(i.USART_OneBitMethodCmd), (24 bytes).
    Removing stm32f10x_usart.o(i.USART_OverSampling8Cmd), (22 bytes).
    Removing stm32f10x_usart.o(i.USART_ReceiverWakeUpCmd), (24 bytes).
    Removing stm32f10x_usart.o(i.USART_SendBreak), (10 bytes).
    Removing stm32f10x_usart.o(i.USART_SetAddress), (18 bytes).
    Removing stm32f10x_usart.o(i.USART_SetGuardTime), (16 bytes).
    Removing stm32f10x_usart.o(i.USART_SetPrescaler), (16 bytes).
    Removing stm32f10x_usart.o(i.USART_SmartCardCmd), (24 bytes).
    Removing stm32f10x_usart.o(i.USART_SmartCardNACKCmd), (24 bytes).
    Removing stm32f10x_usart.o(i.USART_StructInit), (24 bytes).
    Removing stm32f10x_usart.o(i.USART_WakeUpConfig), (18 bytes).
    Removing stm32f10x_spi.o(i.I2S_Cmd), (24 bytes).
    Removing stm32f10x_spi.o(i.I2S_Init), (232 bytes).
    Removing stm32f10x_spi.o(i.I2S_StructInit), (20 bytes).
    Removing stm32f10x_spi.o(i.SPI_BiDirectionalLineConfig), (28 bytes).
    Removing stm32f10x_spi.o(i.SPI_CalculateCRC), (24 bytes).
    Removing stm32f10x_spi.o(i.SPI_DataSizeConfig), (18 bytes).
    Removing stm32f10x_spi.o(i.SPI_GetCRC), (16 bytes).
    Removing stm32f10x_spi.o(i.SPI_GetCRCPolynomial), (6 bytes).
    Removing stm32f10x_spi.o(i.SPI_I2S_ClearITPendingBit), (20 bytes).
    Removing stm32f10x_spi.o(i.SPI_I2S_DMACmd), (18 bytes).
    Removing stm32f10x_spi.o(i.SPI_I2S_DeInit), (88 bytes).
    Removing stm32f10x_spi.o(i.SPI_I2S_GetITStatus), (52 bytes).
    Removing stm32f10x_spi.o(i.SPI_I2S_ITConfig), (32 bytes).
    Removing stm32f10x_spi.o(i.SPI_NSSInternalSoftwareConfig), (30 bytes).
    Removing stm32f10x_spi.o(i.SPI_SSOutputCmd), (24 bytes).
    Removing stm32f10x_spi.o(i.SPI_StructInit), (24 bytes).
    Removing stm32f10x_spi.o(i.SPI_TransmitCRC), (10 bytes).

98 unused section(s) (total 3636 bytes) removed from the image.

==============================================================================

Image Symbol Table

    Local Symbols

    Symbol Name                              Value     Ov Type        Size  Object(Section)

    ../clib/angel/boardlib.s                 0x00000000   Number         0  boardshut.o ABSOLUTE
    ../clib/angel/boardlib.s                 0x00000000   Number         0  boardinit3.o ABSOLUTE
    ../clib/angel/boardlib.s                 0x00000000   Number         0  boardinit1.o ABSOLUTE
    ../clib/angel/boardlib.s                 0x00000000   Number         0  boardinit2.o ABSOLUTE
    ../clib/angel/handlers.s                 0x00000000   Number         0  __scatter_copy.o ABSOLUTE
    ../clib/angel/handlers.s                 0x00000000   Number         0  __scatter_zi.o ABSOLUTE
    ../clib/angel/kernel.s                   0x00000000   Number         0  rtexit2.o ABSOLUTE
    ../clib/angel/kernel.s                   0x00000000   Number         0  __rtentry2.o ABSOLUTE
    ../clib/angel/kernel.s                   0x00000000   Number         0  __rtentry4.o ABSOLUTE
    ../clib/angel/kernel.s                   0x00000000   Number         0  rtexit.o ABSOLUTE
    ../clib/angel/kernel.s                   0x00000000   Number         0  __rtentry.o ABSOLUTE
    ../clib/angel/rt.s                       0x00000000   Number         0  rt_raise.o ABSOLUTE
    ../clib/angel/scatter.s                  0x00000000   Number         0  __scatter.o ABSOLUTE
    ../clib/angel/startup.s                  0x00000000   Number         0  __main.o ABSOLUTE
    ../clib/angel/sys.s                      0x00000000   Number         0  libspace.o ABSOLUTE
    ../clib/angel/sys.s                      0x00000000   Number         0  indicate_semi.o ABSOLUTE
    ../clib/angel/sys.s                      0x00000000   Number         0  use_no_semi_2.o ABSOLUTE
    ../clib/angel/sys.s                      0x00000000   Number         0  sys_stackheap_outer.o ABSOLUTE
    ../clib/angel/sys.s                      0x00000000   Number         0  use_no_semi.o ABSOLUTE
    ../clib/angel/sysapp.c                   0x00000000   Number         0  sys_wrch.o ABSOLUTE
    ../clib/angel/sysapp.c                   0x00000000   Number         0  sys_command.o ABSOLUTE
    ../clib/armsys.c                         0x00000000   Number         0  _get_argv_nomalloc.o ABSOLUTE
    ../clib/armsys.c                         0x00000000   Number         0  argv_veneer.o ABSOLUTE
    ../clib/armsys.c                         0x00000000   Number         0  argv_veneer.o ABSOLUTE
    ../clib/armsys.c                         0x00000000   Number         0  no_argv.o ABSOLUTE
    ../clib/heapalloc.c                      0x00000000   Number         0  hrguard.o ABSOLUTE
    ../clib/heapaux.c                        0x00000000   Number         0  heapauxi.o ABSOLUTE
    ../clib/libinit.s                        0x00000000   Number         0  libshutdown.o ABSOLUTE
    ../clib/libinit.s                        0x00000000   Number         0  libinit.o ABSOLUTE
    ../clib/libinit.s                        0x00000000   Number         0  libshutdown2.o ABSOLUTE
    ../clib/libinit.s                        0x00000000   Number         0  libinit2.o ABSOLUTE
    ../clib/memcpset.s                       0x00000000   Number         0  rt_memclr_w.o ABSOLUTE
    ../clib/memcpset.s                       0x00000000   Number         0  rt_memclr.o ABSOLUTE
    ../clib/printf.c                         0x00000000   Number         0  _printf_char_file.o ABSOLUTE
    ../clib/printf.c                         0x00000000   Number         0  noretval__2sprintf.o ABSOLUTE
    ../clib/printf.c                         0x00000000   Number         0  noretval__2printf.o ABSOLUTE
    ../clib/printf.c                         0x00000000   Number         0  __printf_wp.o ABSOLUTE
    ../clib/printf.c                         0x00000000   Number         0  __2sprintf.o ABSOLUTE
    ../clib/printf.c                         0x00000000   Number         0  __2printf.o ABSOLUTE
    ../clib/printf.c                         0x00000000   Number         0  __printf.o ABSOLUTE
    ../clib/printf.c                         0x00000000   Number         0  _printf_dec.o ABSOLUTE
    ../clib/printf.c                         0x00000000   Number         0  __printf_flags.o ABSOLUTE
    ../clib/printf.c                         0x00000000   Number         0  __printf_ss.o ABSOLUTE
    ../clib/printf.c                         0x00000000   Number         0  __printf_flags_ss.o ABSOLUTE
    ../clib/printf.c                         0x00000000   Number         0  __printf_ss_wp.o ABSOLUTE
    ../clib/printf.c                         0x00000000   Number         0  __printf_flags_ss_wp.o ABSOLUTE
    ../clib/printf.c                         0x00000000   Number         0  _printf_char_common.o ABSOLUTE
    ../clib/printf.c                         0x00000000   Number         0  __printf_flags_wp.o ABSOLUTE
    ../clib/printf.c                         0x00000000   Number         0  __printf_nopercent.o ABSOLUTE
    ../clib/printf.c                         0x00000000   Number         0  _printf_intcommon.o ABSOLUTE
    ../clib/printf.c                         0x00000000   Number         0  _sputc.o ABSOLUTE
    ../clib/printf_percent.s                 0x00000000   Number         0  _printf_percent.o ABSOLUTE
    ../clib/printf_percent.s                 0x00000000   Number         0  _printf_d.o ABSOLUTE
    ../clib/printf_percent.s                 0x00000000   Number         0  _printf_percent_end.o ABSOLUTE
    ../clib/signal.c                         0x00000000   Number         0  defsig_general.o ABSOLUTE
    ../clib/signal.c                         0x00000000   Number         0  defsig_stak_inner.o ABSOLUTE
    ../clib/signal.c                         0x00000000   Number         0  defsig_cppl_inner.o ABSOLUTE
    ../clib/signal.c                         0x00000000   Number         0  defsig_rtred_inner.o ABSOLUTE
    ../clib/signal.c                         0x00000000   Number         0  defsig_fpe_inner.o ABSOLUTE
    ../clib/signal.c                         0x00000000   Number         0  defsig_abrt_inner.o ABSOLUTE
    ../clib/signal.c                         0x00000000   Number         0  defsig_exit.o ABSOLUTE
    ../clib/signal.c                         0x00000000   Number         0  defsig_rtmem_formal.o ABSOLUTE
    ../clib/signal.c                         0x00000000   Number         0  defsig_rtmem_outer.o ABSOLUTE
    ../clib/signal.c                         0x00000000   Number         0  defsig_pvfn_inner.o ABSOLUTE
    ../clib/signal.c                         0x00000000   Number         0  defsig_segv_inner.o ABSOLUTE
    ../clib/signal.c                         0x00000000   Number         0  defsig_other.o ABSOLUTE
    ../clib/signal.c                         0x00000000   Number         0  defsig_rtmem_inner.o ABSOLUTE
    ../clib/signal.c                         0x00000000   Number         0  __raise.o ABSOLUTE
    ../clib/signal.s                         0x00000000   Number         0  defsig.o ABSOLUTE
    ../clib/stdio.c                          0x00000000   Number         0  ferror_locked.o ABSOLUTE
    ../clib/stdio.c                          0x00000000   Number         0  ferror.o ABSOLUTE
    ../clib/stdlib.c                         0x00000000   Number         0  exit.o ABSOLUTE
    ../clib/string.c                         0x00000000   Number         0  strstr.o ABSOLUTE
    ../clib/string.c                         0x00000000   Number         0  strlen.o ABSOLUTE
    ../fplib/fpinit.s                        0x00000000   Number         0  fpinit.o ABSOLUTE
    ..\CORE\core_cm3.c                       0x00000000   Number         0  core_cm3.o ABSOLUTE
    ..\CORE\startup_stm32f10x_hd.s           0x00000000   Number         0  startup_stm32f10x_hd.o ABSOLUTE
    ..\HARDWARE\LED\led.c                    0x00000000   Number         0  led.o ABSOLUTE
    ..\HARDWARE\SPI\SPIx.c                   0x00000000   Number         0  spix.o ABSOLUTE
    ..\HARDWARE\SX1278\SX1278.c              0x00000000   Number         0  sx1278.o ABSOLUTE
    ..\HARDWARE\Tlink\Tlink.c                0x00000000   Number         0  tlink.o ABSOLUTE
    ..\HARDWARE\Usart2\Usart2.c              0x00000000   Number         0  usart2.o ABSOLUTE
    ..\HARDWARE\esp8266\esp8266.c            0x00000000   Number         0  esp8266.o ABSOLUTE
    ..\NodeBus\NodeBus.c                     0x00000000   Number         0  nodebus.o ABSOLUTE
    ..\STM32F10x_FWLib\src\misc.c            0x00000000   Number         0  misc.o ABSOLUTE
    ..\STM32F10x_FWLib\src\stm32f10x_dbgmcu.c 0x00000000   Number         0  stm32f10x_dbgmcu.o ABSOLUTE
    ..\STM32F10x_FWLib\src\stm32f10x_gpio.c  0x00000000   Number         0  stm32f10x_gpio.o ABSOLUTE
    ..\STM32F10x_FWLib\src\stm32f10x_rcc.c   0x00000000   Number         0  stm32f10x_rcc.o ABSOLUTE
    ..\STM32F10x_FWLib\src\stm32f10x_spi.c   0x00000000   Number         0  stm32f10x_spi.o ABSOLUTE
    ..\STM32F10x_FWLib\src\stm32f10x_usart.c 0x00000000   Number         0  stm32f10x_usart.o ABSOLUTE
    ..\SYSTEM\delay\delay.c                  0x00000000   Number         0  delay.o ABSOLUTE
    ..\SYSTEM\sys\sys.c                      0x00000000   Number         0  sys.o ABSOLUTE
    ..\SYSTEM\usart\usart.c                  0x00000000   Number         0  usart.o ABSOLUTE
    ..\\CORE\\core_cm3.c                     0x00000000   Number         0  core_cm3.o ABSOLUTE
    ..\\SYSTEM\\sys\\sys.c                   0x00000000   Number         0  sys.o ABSOLUTE
    dc.s                                     0x00000000   Number         0  dc.o ABSOLUTE
    main.c                                   0x00000000   Number         0  main.o ABSOLUTE
    stm32f10x_it.c                           0x00000000   Number         0  stm32f10x_it.o ABSOLUTE
    system_stm32f10x.c                       0x00000000   Number         0  system_stm32f10x.o ABSOLUTE
    RESET                                    0x08000000   Section      304  startup_stm32f10x_hd.o(RESET)
    !!!main                                  0x08000130   Section        8  __main.o(!!!main)
    !!!scatter                               0x08000138   Section       52  __scatter.o(!!!scatter)
    !!handler_copy                           0x0800016c   Section       26  __scatter_copy.o(!!handler_copy)
    !!handler_zi                             0x08000188   Section       28  __scatter_zi.o(!!handler_zi)
    .ARM.Collect$$_printf_percent$$00000000  0x080001a4   Section        0  _printf_percent.o(.ARM.Collect$$_printf_percent$$00000000)
    .ARM.Collect$$_printf_percent$$00000009  0x080001a4   Section        6  _printf_d.o(.ARM.Collect$$_printf_percent$$00000009)
    .ARM.Collect$$_printf_percent$$00000017  0x080001aa   Section        4  _printf_percent_end.o(.ARM.Collect$$_printf_percent$$00000017)
    .ARM.Collect$$libinit$$00000000          0x080001ae   Section        2  libinit.o(.ARM.Collect$$libinit$$00000000)
    .ARM.Collect$$libinit$$00000002          0x080001b0   Section        0  libinit2.o(.ARM.Collect$$libinit$$00000002)
    .ARM.Collect$$libinit$$00000004          0x080001b0   Section        0  libinit2.o(.ARM.Collect$$libinit$$00000004)
    .ARM.Collect$$libinit$$0000000A          0x080001b0   Section        0  libinit2.o(.ARM.Collect$$libinit$$0000000A)
    .ARM.Collect$$libinit$$0000000C          0x080001b0   Section        0  libinit2.o(.ARM.Collect$$libinit$$0000000C)
    .ARM.Collect$$libinit$$0000000E          0x080001b0   Section        0  libinit2.o(.ARM.Collect$$libinit$$0000000E)
    .ARM.Collect$$libinit$$00000011          0x080001b0   Section        0  libinit2.o(.ARM.Collect$$libinit$$00000011)
    .ARM.Collect$$libinit$$00000013          0x080001b0   Section        0  libinit2.o(.ARM.Collect$$libinit$$00000013)
    .ARM.Collect$$libinit$$00000015          0x080001b0   Section        0  libinit2.o(.ARM.Collect$$libinit$$00000015)
    .ARM.Collect$$libinit$$00000017          0x080001b0   Section        0  libinit2.o(.ARM.Collect$$libinit$$00000017)
    .ARM.Collect$$libinit$$00000019          0x080001b0   Section        0  libinit2.o(.ARM.Collect$$libinit$$00000019)
    .ARM.Collect$$libinit$$0000001B          0x080001b0   Section        0  libinit2.o(.ARM.Collect$$libinit$$0000001B)
    .ARM.Collect$$libinit$$0000001D          0x080001b0   Section        0  libinit2.o(.ARM.Collect$$libinit$$0000001D)
    .ARM.Collect$$libinit$$0000001F          0x080001b0   Section        0  libinit2.o(.ARM.Collect$$libinit$$0000001F)
    .ARM.Collect$$libinit$$00000021          0x080001b0   Section        0  libinit2.o(.ARM.Collect$$libinit$$00000021)
    .ARM.Collect$$libinit$$00000023          0x080001b0   Section        0  libinit2.o(.ARM.Collect$$libinit$$00000023)
    .ARM.Collect$$libinit$$00000025          0x080001b0   Section        0  libinit2.o(.ARM.Collect$$libinit$$00000025)
    .ARM.Collect$$libinit$$0000002C          0x080001b0   Section        0  libinit2.o(.ARM.Collect$$libinit$$0000002C)
    .ARM.Collect$$libinit$$0000002E          0x080001b0   Section        0  libinit2.o(.ARM.Collect$$libinit$$0000002E)
    .ARM.Collect$$libinit$$00000030          0x080001b0   Section        0  libinit2.o(.ARM.Collect$$libinit$$00000030)
    .ARM.Collect$$libinit$$00000032          0x080001b0   Section        0  libinit2.o(.ARM.Collect$$libinit$$00000032)
    .ARM.Collect$$libinit$$00000033          0x080001b0   Section        2  libinit2.o(.ARM.Collect$$libinit$$00000033)
    .ARM.Collect$$libshutdown$$00000000      0x080001b2   Section        2  libshutdown.o(.ARM.Collect$$libshutdown$$00000000)
    .ARM.Collect$$libshutdown$$00000002      0x080001b4   Section        0  libshutdown2.o(.ARM.Collect$$libshutdown$$00000002)
    .ARM.Collect$$libshutdown$$00000004      0x080001b4   Section        0  libshutdown2.o(.ARM.Collect$$libshutdown$$00000004)
    .ARM.Collect$$libshutdown$$00000007      0x080001b4   Section        0  libshutdown2.o(.ARM.Collect$$libshutdown$$00000007)
    .ARM.Collect$$libshutdown$$0000000A      0x080001b4   Section        0  libshutdown2.o(.ARM.Collect$$libshutdown$$0000000A)
    .ARM.Collect$$libshutdown$$0000000C      0x080001b4   Section        0  libshutdown2.o(.ARM.Collect$$libshutdown$$0000000C)
    .ARM.Collect$$libshutdown$$0000000F      0x080001b4   Section        0  libshutdown2.o(.ARM.Collect$$libshutdown$$0000000F)
    .ARM.Collect$$libshutdown$$00000010      0x080001b4   Section        2  libshutdown2.o(.ARM.Collect$$libshutdown$$00000010)
    .ARM.Collect$$rtentry$$00000000          0x080001b6   Section        0  __rtentry.o(.ARM.Collect$$rtentry$$00000000)
    .ARM.Collect$$rtentry$$00000002          0x080001b6   Section        0  __rtentry2.o(.ARM.Collect$$rtentry$$00000002)
    .ARM.Collect$$rtentry$$00000004          0x080001b6   Section        6  __rtentry4.o(.ARM.Collect$$rtentry$$00000004)
    .ARM.Collect$$rtentry$$00000009          0x080001bc   Section        0  __rtentry2.o(.ARM.Collect$$rtentry$$00000009)
    .ARM.Collect$$rtentry$$0000000A          0x080001bc   Section        4  __rtentry2.o(.ARM.Collect$$rtentry$$0000000A)
    .ARM.Collect$$rtentry$$0000000C          0x080001c0   Section        0  __rtentry2.o(.ARM.Collect$$rtentry$$0000000C)
    .ARM.Collect$$rtentry$$0000000D          0x080001c0   Section        8  __rtentry2.o(.ARM.Collect$$rtentry$$0000000D)
    .ARM.Collect$$rtexit$$00000000           0x080001c8   Section        2  rtexit.o(.ARM.Collect$$rtexit$$00000000)
    .ARM.Collect$$rtexit$$00000002           0x080001ca   Section        0  rtexit2.o(.ARM.Collect$$rtexit$$00000002)
    .ARM.Collect$$rtexit$$00000003           0x080001ca   Section        4  rtexit2.o(.ARM.Collect$$rtexit$$00000003)
    .ARM.Collect$$rtexit$$00000004           0x080001ce   Section        6  rtexit2.o(.ARM.Collect$$rtexit$$00000004)
    .text                                    0x080001d4   Section       64  startup_stm32f10x_hd.o(.text)
    .text                                    0x08000214   Section        2  use_no_semi_2.o(.text)
    .text                                    0x08000218   Section        0  noretval__2printf.o(.text)
    .text                                    0x08000230   Section        0  noretval__2sprintf.o(.text)
    .text                                    0x08000258   Section        0  __printf.o(.text)
    .text                                    0x080002c0   Section        0  _printf_dec.o(.text)
    .text                                    0x08000338   Section        0  strstr.o(.text)
    .text                                    0x0800035c   Section        0  strlen.o(.text)
    .text                                    0x0800039a   Section       68  rt_memclr.o(.text)
    .text                                    0x080003de   Section        0  heapauxi.o(.text)
    .text                                    0x080003e4   Section        2  use_no_semi.o(.text)
    .text                                    0x080003e6   Section        0  _printf_intcommon.o(.text)
    .text                                    0x08000498   Section        0  _printf_char_common.o(.text)
    _printf_input_char                       0x08000499   Thumb Code    10  _printf_char_common.o(.text)
    .text                                    0x080004c8   Section        0  _sputc.o(.text)
    .text                                    0x080004d4   Section        0  _printf_char_file.o(.text)
    .text                                    0x080004f8   Section       78  rt_memclr_w.o(.text)
    .text                                    0x08000546   Section        0  ferror.o(.text)
    .text                                    0x0800054e   Section       74  sys_stackheap_outer.o(.text)
    .text                                    0x08000598   Section        0  exit.o(.text)
    .text                                    0x080005ac   Section        8  libspace.o(.text)
    i.BusFault_Handler                       0x080005b4   Section        0  stm32f10x_it.o(i.BusFault_Handler)
    i.DebugMon_Handler                       0x080005b8   Section        0  stm32f10x_it.o(i.DebugMon_Handler)
    i.GPIO_Init                              0x080005ba   Section        0  stm32f10x_gpio.o(i.GPIO_Init)
    i.GPIO_ResetBits                         0x080006d0   Section        0  stm32f10x_gpio.o(i.GPIO_ResetBits)
    i.GPIO_SetBits                           0x080006d4   Section        0  stm32f10x_gpio.o(i.GPIO_SetBits)
    i.GetFrameLen                            0x080006d8   Section        0  nodebus.o(i.GetFrameLen)
    i.GetModeBusCRC16                        0x080006f8   Section        0  nodebus.o(i.GetModeBusCRC16)
    GetModeBusCRC16                          0x080006f9   Thumb Code    68  nodebus.o(i.GetModeBusCRC16)
    i.HardFault_Handler                      0x0800073c   Section        0  stm32f10x_it.o(i.HardFault_Handler)
    i.LED_Init                               0x08000740   Section        0  led.o(i.LED_Init)
    i.MemManage_Handler                      0x0800078c   Section        0  stm32f10x_it.o(i.MemManage_Handler)
    i.NMI_Handler                            0x08000790   Section        0  stm32f10x_it.o(i.NMI_Handler)
    i.NVIC_Configuration                     0x08000792   Section        0  usart2.o(i.NVIC_Configuration)
    NVIC_Configuration                       0x08000793   Thumb Code    38  usart2.o(i.NVIC_Configuration)
    i.NVIC_Init                              0x080007b8   Section        0  misc.o(i.NVIC_Init)
    i.NVIC_PriorityGroupConfig               0x08000828   Section        0  misc.o(i.NVIC_PriorityGroupConfig)
    i.PendSV_Handler                         0x0800083c   Section        0  stm32f10x_it.o(i.PendSV_Handler)
    i.RCC_APB1PeriphClockCmd                 0x08000840   Section        0  stm32f10x_rcc.o(i.RCC_APB1PeriphClockCmd)
    i.RCC_APB2PeriphClockCmd                 0x08000860   Section        0  stm32f10x_rcc.o(i.RCC_APB2PeriphClockCmd)
    i.RCC_GetClocksFreq                      0x08000880   Section        0  stm32f10x_rcc.o(i.RCC_GetClocksFreq)
    i.RecvSlaveAck                           0x08000954   Section        0  nodebus.o(i.RecvSlaveAck)
    i.Recv_AT_Mode                           0x08000a00   Section        0  usart2.o(i.Recv_AT_Mode)
    i.SPI_Cmd                                0x08000a78   Section        0  stm32f10x_spi.o(i.SPI_Cmd)
    i.SPI_I2S_ClearFlag                      0x08000a90   Section        0  stm32f10x_spi.o(i.SPI_I2S_ClearFlag)
    i.SPI_I2S_GetFlagStatus                  0x08000a96   Section        0  stm32f10x_spi.o(i.SPI_I2S_GetFlagStatus)
    i.SPI_I2S_ReceiveData                    0x08000aa8   Section        0  stm32f10x_spi.o(i.SPI_I2S_ReceiveData)
    i.SPI_I2S_SendData                       0x08000aae   Section        0  stm32f10x_spi.o(i.SPI_I2S_SendData)
    i.SPI_Init                               0x08000ab2   Section        0  stm32f10x_spi.o(i.SPI_Init)
    i.SVC_Handler                            0x08000aee   Section        0  stm32f10x_it.o(i.SVC_Handler)
    i.SendDeviceState                        0x08000af0   Section        0  tlink.o(i.SendDeviceState)
    i.SendMasterCommand                      0x08000b38   Section        0  nodebus.o(i.SendMasterCommand)
    i.SetSysClock                            0x08000b80   Section        0  system_stm32f10x.o(i.SetSysClock)
    SetSysClock                              0x08000b81   Thumb Code     8  system_stm32f10x.o(i.SetSysClock)
    i.SetSysClockTo72                        0x08000b88   Section        0  system_stm32f10x.o(i.SetSysClockTo72)
    SetSysClockTo72                          0x08000b89   Thumb Code   214  system_stm32f10x.o(i.SetSysClockTo72)
    i.SysTick_CLKSourceConfig                0x08000c68   Section        0  misc.o(i.SysTick_CLKSourceConfig)
    i.SysTick_Handler                        0x08000c90   Section        0  stm32f10x_it.o(i.SysTick_Handler)
    i.SystemInit                             0x08000c94   Section        0  system_stm32f10x.o(i.SystemInit)
    i.USART1_IRQHandler                      0x08000cf4   Section        0  usart.o(i.USART1_IRQHandler)
    i.USART2_Config                          0x08000d7c   Section        0  usart2.o(i.USART2_Config)
    i.USART2_IRQHandler                      0x08000e14   Section        0  usart2.o(i.USART2_IRQHandler)
    i.USART_ClearFlag                        0x08000e5c   Section        0  stm32f10x_usart.o(i.USART_ClearFlag)
    i.USART_ClearITPendingBit                0x08000e6e   Section        0  stm32f10x_usart.o(i.USART_ClearITPendingBit)
    i.USART_Cmd                              0x08000e8c   Section        0  stm32f10x_usart.o(i.USART_Cmd)
    i.USART_GetFlagStatus                    0x08000ea4   Section        0  stm32f10x_usart.o(i.USART_GetFlagStatus)
    i.USART_GetITStatus                      0x08000ebe   Section        0  stm32f10x_usart.o(i.USART_GetITStatus)
    i.USART_ITConfig                         0x08000f12   Section        0  stm32f10x_usart.o(i.USART_ITConfig)
    i.USART_Init                             0x08000f5c   Section        0  stm32f10x_usart.o(i.USART_Init)
    i.USART_ReceiveData                      0x08001034   Section        0  stm32f10x_usart.o(i.USART_ReceiveData)
    i.USART_SendData                         0x0800103e   Section        0  stm32f10x_usart.o(i.USART_SendData)
    i.UsageFault_Handler                     0x08001046   Section        0  stm32f10x_it.o(i.UsageFault_Handler)
    i.Usart_SendByte                         0x0800104a   Section        0  usart2.o(i.Usart_SendByte)
    Usart_SendByte                           0x0800104b   Thumb Code    30  usart2.o(i.Usart_SendByte)
    i.Usart_SendString                       0x08001068   Section        0  usart2.o(i.Usart_SendString)
    i._sys_exit                              0x08001094   Section        0  usart.o(i._sys_exit)
    i.delay_init                             0x0800109c   Section        0  delay.o(i.delay_init)
    i.delay_ms                               0x080010e0   Section        0  delay.o(i.delay_ms)
    i.fputc                                  0x0800112c   Section        0  usart.o(i.fputc)
    i.initSPIx                               0x08001148   Section        0  spix.o(i.initSPIx)
    i.initSX1278                             0x0800122c   Section        0  sx1278.o(i.initSX1278)
    i.main                                   0x080012e8   Section        0  main.o(i.main)
    i.readSPIxByte                           0x080013ec   Section        0  spix.o(i.readSPIxByte)
    i.readSX1278                             0x0800142c   Section        0  sx1278.o(i.readSX1278)
    i.receivePackets                         0x08001458   Section        0  sx1278.o(i.receivePackets)
    i.resetSX1278                            0x080014d4   Section        0  sx1278.o(i.resetSX1278)
    i.sendSPIxByte                           0x080014fc   Section        0  spix.o(i.sendSPIxByte)
    i.setNSS                                 0x08001540   Section        0  spix.o(i.setNSS)
    i.setSX1278BandWidth                     0x08001564   Section        0  sx1278.o(i.setSX1278BandWidth)
    i.setSX1278ErrCode                       0x08001582   Section        0  sx1278.o(i.setSX1278ErrCode)
    i.setSX1278ImplicitHeader                0x080015a2   Section        0  sx1278.o(i.setSX1278ImplicitHeader)
    i.setSX1278LoRaFSK                       0x080015c0   Section        0  sx1278.o(i.setSX1278LoRaFSK)
    i.setSX1278MobileNode                    0x080015dc   Section        0  sx1278.o(i.setSX1278MobileNode)
    i.setSX1278NbTrigPeaks                   0x080015fc   Section        0  sx1278.o(i.setSX1278NbTrigPeaks)
    i.setSX1278OpMode                        0x0800161a   Section        0  sx1278.o(i.setSX1278OpMode)
    i.setSX1278PacketCRC                     0x08001636   Section        0  sx1278.o(i.setSX1278PacketCRC)
    i.setSX1278PayLoadLength                 0x08001656   Section        0  sx1278.o(i.setSX1278PayLoadLength)
    i.setSX1278RFFrequency                   0x08001664   Section        0  sx1278.o(i.setSX1278RFFrequency)
    i.setSX1278RFPower                       0x0800168c   Section        0  sx1278.o(i.setSX1278RFPower)
    i.setSX1278Receive                       0x080016a8   Section        0  sx1278.o(i.setSX1278Receive)
    i.setSX1278SpreadingFactor               0x080016d8   Section        0  sx1278.o(i.setSX1278SpreadingFactor)
    i.setSX1278SymbTimeout                   0x080016fc   Section        0  sx1278.o(i.setSX1278SymbTimeout)
    i.transmitPackets                        0x08001748   Section        0  sx1278.o(i.transmitPackets)
    i.uart_init                              0x080017e0   Section        0  usart.o(i.uart_init)
    i.writeSX1278                            0x08001880   Section        0  sx1278.o(i.writeSX1278)
    .data                                    0x20000000   Section        9  main.o(.data)
    .data                                    0x2000000c   Section       20  system_stm32f10x.o(.data)
    .data                                    0x20000020   Section        1  esp8266.o(.data)
    .data                                    0x20000021   Section       26  sx1278.o(.data)
    .data                                    0x2000003b   Section        2  usart2.o(.data)
    .data                                    0x2000003e   Section        4  delay.o(.data)
    fac_us                                   0x2000003e   Data           1  delay.o(.data)
    fac_ms                                   0x20000040   Data           2  delay.o(.data)
    .data                                    0x20000044   Section        6  usart.o(.data)
    .data                                    0x2000004a   Section       20  stm32f10x_rcc.o(.data)
    APBAHBPrescTable                         0x2000004a   Data          16  stm32f10x_rcc.o(.data)
    ADCPrescTable                            0x2000005a   Data           4  stm32f10x_rcc.o(.data)
    .bss                                     0x20000060   Section     1000  usart2.o(.bss)
    .bss                                     0x20000448   Section      100  tlink.o(.bss)
    .bss                                     0x200004ac   Section      200  usart.o(.bss)
    .bss                                     0x20000574   Section       96  libspace.o(.bss)
    HEAP                                     0x200005d8   Section      512  startup_stm32f10x_hd.o(HEAP)
    Heap_Mem                                 0x200005d8   Data         512  startup_stm32f10x_hd.o(HEAP)
    STACK                                    0x200007d8   Section     1024  startup_stm32f10x_hd.o(STACK)
    Stack_Mem                                0x200007d8   Data        1024  startup_stm32f10x_hd.o(STACK)
    __initial_sp                             0x20000bd8   Data           0  startup_stm32f10x_hd.o(STACK)

    Global Symbols

    Symbol Name                              Value     Ov Type        Size  Object(Section)

    BuildAttributes$$THM_ISAv4$P$D$K$B$S$PE$A:L22UL41UL21$X:L11$S22US41US21$IEEE1$IW$USESV6$~STKCKD$USESV7$~SHL$OSPACE$ROPI$EBA8$UX$STANDARDLIB$REQ8$PRES8$EABIv2 0x00000000   Number         0  anon$$obj.o ABSOLUTE
    __ARM_use_no_argv                        0x00000000   Number         0  main.o ABSOLUTE
    __ARM_exceptions_init                     - Undefined Weak Reference
    __alloca_initialize                       - Undefined Weak Reference
    __arm_preinit_                            - Undefined Weak Reference
    __cpp_initialize__aeabi_                  - Undefined Weak Reference
    __cxa_finalize                            - Undefined Weak Reference
    __rt_locale                               - Undefined Weak Reference
    __sigvec_lookup                           - Undefined Weak Reference
    _atexit_init                              - Undefined Weak Reference
    _call_atexit_fns                          - Undefined Weak Reference
    _clock_init                               - Undefined Weak Reference
    _fp_trap_init                             - Undefined Weak Reference
    _fp_trap_shutdown                         - Undefined Weak Reference
    _get_lc_collate                           - Undefined Weak Reference
    _get_lc_ctype                             - Undefined Weak Reference
    _get_lc_monetary                          - Undefined Weak Reference
    _get_lc_numeric                           - Undefined Weak Reference
    _get_lc_time                              - Undefined Weak Reference
    _getenv_init                              - Undefined Weak Reference
    _handle_redirection                       - Undefined Weak Reference
    _init_alloc                               - Undefined Weak Reference
    _init_user_alloc                          - Undefined Weak Reference
    _initio                                   - Undefined Weak Reference
    _mutex_acquire                            - Undefined Weak Reference
    _mutex_release                            - Undefined Weak Reference
    _printf_post_padding                      - Undefined Weak Reference
    _printf_pre_padding                       - Undefined Weak Reference
    _printf_truncate_signed                   - Undefined Weak Reference
    _printf_truncate_unsigned                 - Undefined Weak Reference
    _rand_init                                - Undefined Weak Reference
    _signal_finish                            - Undefined Weak Reference
    _signal_init                              - Undefined Weak Reference
    _terminate_alloc                          - Undefined Weak Reference
    _terminate_user_alloc                     - Undefined Weak Reference
    _terminateio                              - Undefined Weak Reference
    __Vectors_Size                           0x00000130   Number         0  startup_stm32f10x_hd.o ABSOLUTE
    __Vectors                                0x08000000   Data           4  startup_stm32f10x_hd.o(RESET)
    __Vectors_End                            0x08000130   Data           0  startup_stm32f10x_hd.o(RESET)
    __main                                   0x08000131   Thumb Code     8  __main.o(!!!main)
    __scatterload                            0x08000139   Thumb Code     0  __scatter.o(!!!scatter)
    __scatterload_rt2                        0x08000139   Thumb Code    44  __scatter.o(!!!scatter)
    __scatterload_rt2_thumb_only             0x08000139   Thumb Code     0  __scatter.o(!!!scatter)
    __scatterload_null                       0x08000147   Thumb Code     0  __scatter.o(!!!scatter)
    __scatterload_copy                       0x0800016d   Thumb Code    26  __scatter_copy.o(!!handler_copy)
    __scatterload_zeroinit                   0x08000189   Thumb Code    28  __scatter_zi.o(!!handler_zi)
    _printf_d                                0x080001a5   Thumb Code     0  _printf_d.o(.ARM.Collect$$_printf_percent$$00000009)
    _printf_percent                          0x080001a5   Thumb Code     0  _printf_percent.o(.ARM.Collect$$_printf_percent$$00000000)
    _printf_percent_end                      0x080001ab   Thumb Code     0  _printf_percent_end.o(.ARM.Collect$$_printf_percent$$00000017)
    __rt_lib_init                            0x080001af   Thumb Code     0  libinit.o(.ARM.Collect$$libinit$$00000000)
    __rt_lib_init_alloca_1                   0x080001b1   Thumb Code     0  libinit2.o(.ARM.Collect$$libinit$$0000002E)
    __rt_lib_init_argv_1                     0x080001b1   Thumb Code     0  libinit2.o(.ARM.Collect$$libinit$$0000002C)
    __rt_lib_init_atexit_1                   0x080001b1   Thumb Code     0  libinit2.o(.ARM.Collect$$libinit$$0000001B)
    __rt_lib_init_clock_1                    0x080001b1   Thumb Code     0  libinit2.o(.ARM.Collect$$libinit$$00000021)
    __rt_lib_init_cpp_1                      0x080001b1   Thumb Code     0  libinit2.o(.ARM.Collect$$libinit$$00000032)
    __rt_lib_init_exceptions_1               0x080001b1   Thumb Code     0  libinit2.o(.ARM.Collect$$libinit$$00000030)
    __rt_lib_init_fp_1                       0x080001b1   Thumb Code     0  libinit2.o(.ARM.Collect$$libinit$$00000002)
    __rt_lib_init_fp_trap_1                  0x080001b1   Thumb Code     0  libinit2.o(.ARM.Collect$$libinit$$0000001F)
    __rt_lib_init_getenv_1                   0x080001b1   Thumb Code     0  libinit2.o(.ARM.Collect$$libinit$$00000023)
    __rt_lib_init_heap_1                     0x080001b1   Thumb Code     0  libinit2.o(.ARM.Collect$$libinit$$0000000A)
    __rt_lib_init_lc_collate_1               0x080001b1   Thumb Code     0  libinit2.o(.ARM.Collect$$libinit$$00000011)
    __rt_lib_init_lc_ctype_1                 0x080001b1   Thumb Code     0  libinit2.o(.ARM.Collect$$libinit$$00000013)
    __rt_lib_init_lc_monetary_1              0x080001b1   Thumb Code     0  libinit2.o(.ARM.Collect$$libinit$$00000015)
    __rt_lib_init_lc_numeric_1               0x080001b1   Thumb Code     0  libinit2.o(.ARM.Collect$$libinit$$00000017)
    __rt_lib_init_lc_time_1                  0x080001b1   Thumb Code     0  libinit2.o(.ARM.Collect$$libinit$$00000019)
    __rt_lib_init_preinit_1                  0x080001b1   Thumb Code     0  libinit2.o(.ARM.Collect$$libinit$$00000004)
    __rt_lib_init_rand_1                     0x080001b1   Thumb Code     0  libinit2.o(.ARM.Collect$$libinit$$0000000E)
    __rt_lib_init_return                     0x080001b1   Thumb Code     0  libinit2.o(.ARM.Collect$$libinit$$00000033)
    __rt_lib_init_signal_1                   0x080001b1   Thumb Code     0  libinit2.o(.ARM.Collect$$libinit$$0000001D)
    __rt_lib_init_stdio_1                    0x080001b1   Thumb Code     0  libinit2.o(.ARM.Collect$$libinit$$00000025)
    __rt_lib_init_user_alloc_1               0x080001b1   Thumb Code     0  libinit2.o(.ARM.Collect$$libinit$$0000000C)
    __rt_lib_shutdown                        0x080001b3   Thumb Code     0  libshutdown.o(.ARM.Collect$$libshutdown$$00000000)
    __rt_lib_shutdown_cpp_1                  0x080001b5   Thumb Code     0  libshutdown2.o(.ARM.Collect$$libshutdown$$00000002)
    __rt_lib_shutdown_fp_trap_1              0x080001b5   Thumb Code     0  libshutdown2.o(.ARM.Collect$$libshutdown$$00000007)
    __rt_lib_shutdown_heap_1                 0x080001b5   Thumb Code     0  libshutdown2.o(.ARM.Collect$$libshutdown$$0000000F)
    __rt_lib_shutdown_return                 0x080001b5   Thumb Code     0  libshutdown2.o(.ARM.Collect$$libshutdown$$00000010)
    __rt_lib_shutdown_signal_1               0x080001b5   Thumb Code     0  libshutdown2.o(.ARM.Collect$$libshutdown$$0000000A)
    __rt_lib_shutdown_stdio_1                0x080001b5   Thumb Code     0  libshutdown2.o(.ARM.Collect$$libshutdown$$00000004)
    __rt_lib_shutdown_user_alloc_1           0x080001b5   Thumb Code     0  libshutdown2.o(.ARM.Collect$$libshutdown$$0000000C)
    __rt_entry                               0x080001b7   Thumb Code     0  __rtentry.o(.ARM.Collect$$rtentry$$00000000)
    __rt_entry_presh_1                       0x080001b7   Thumb Code     0  __rtentry2.o(.ARM.Collect$$rtentry$$00000002)
    __rt_entry_sh                            0x080001b7   Thumb Code     0  __rtentry4.o(.ARM.Collect$$rtentry$$00000004)
    __rt_entry_li                            0x080001bd   Thumb Code     0  __rtentry2.o(.ARM.Collect$$rtentry$$0000000A)
    __rt_entry_postsh_1                      0x080001bd   Thumb Code     0  __rtentry2.o(.ARM.Collect$$rtentry$$00000009)
    __rt_entry_main                          0x080001c1   Thumb Code     0  __rtentry2.o(.ARM.Collect$$rtentry$$0000000D)
    __rt_entry_postli_1                      0x080001c1   Thumb Code     0  __rtentry2.o(.ARM.Collect$$rtentry$$0000000C)
    __rt_exit                                0x080001c9   Thumb Code     0  rtexit.o(.ARM.Collect$$rtexit$$00000000)
    __rt_exit_ls                             0x080001cb   Thumb Code     0  rtexit2.o(.ARM.Collect$$rtexit$$00000003)
    __rt_exit_prels_1                        0x080001cb   Thumb Code     0  rtexit2.o(.ARM.Collect$$rtexit$$00000002)
    __rt_exit_exit                           0x080001cf   Thumb Code     0  rtexit2.o(.ARM.Collect$$rtexit$$00000004)
    Reset_Handler                            0x080001d5   Thumb Code     8  startup_stm32f10x_hd.o(.text)
    ADC1_2_IRQHandler                        0x080001ef   Thumb Code     0  startup_stm32f10x_hd.o(.text)
    ADC3_IRQHandler                          0x080001ef   Thumb Code     0  startup_stm32f10x_hd.o(.text)
    CAN1_RX1_IRQHandler                      0x080001ef   Thumb Code     0  startup_stm32f10x_hd.o(.text)
    CAN1_SCE_IRQHandler                      0x080001ef   Thumb Code     0  startup_stm32f10x_hd.o(.text)
    DMA1_Channel1_IRQHandler                 0x080001ef   Thumb Code     0  startup_stm32f10x_hd.o(.text)
    DMA1_Channel2_IRQHandler                 0x080001ef   Thumb Code     0  startup_stm32f10x_hd.o(.text)
    DMA1_Channel3_IRQHandler                 0x080001ef   Thumb Code     0  startup_stm32f10x_hd.o(.text)
    DMA1_Channel4_IRQHandler                 0x080001ef   Thumb Code     0  startup_stm32f10x_hd.o(.text)
    DMA1_Channel5_IRQHandler                 0x080001ef   Thumb Code     0  startup_stm32f10x_hd.o(.text)
    DMA1_Channel6_IRQHandler                 0x080001ef   Thumb Code     0  startup_stm32f10x_hd.o(.text)
    DMA1_Channel7_IRQHandler                 0x080001ef   Thumb Code     0  startup_stm32f10x_hd.o(.text)
    DMA2_Channel1_IRQHandler                 0x080001ef   Thumb Code     0  startup_stm32f10x_hd.o(.text)
    DMA2_Channel2_IRQHandler                 0x080001ef   Thumb Code     0  startup_stm32f10x_hd.o(.text)
    DMA2_Channel3_IRQHandler                 0x080001ef   Thumb Code     0  startup_stm32f10x_hd.o(.text)
    DMA2_Channel4_5_IRQHandler               0x080001ef   Thumb Code     0  startup_stm32f10x_hd.o(.text)
    EXTI0_IRQHandler                         0x080001ef   Thumb Code     0  startup_stm32f10x_hd.o(.text)
    EXTI15_10_IRQHandler                     0x080001ef   Thumb Code     0  startup_stm32f10x_hd.o(.text)
    EXTI1_IRQHandler                         0x080001ef   Thumb Code     0  startup_stm32f10x_hd.o(.text)
    EXTI2_IRQHandler                         0x080001ef   Thumb Code     0  startup_stm32f10x_hd.o(.text)
    EXTI3_IRQHandler                         0x080001ef   Thumb Code     0  startup_stm32f10x_hd.o(.text)
    EXTI4_IRQHandler                         0x080001ef   Thumb Code     0  startup_stm32f10x_hd.o(.text)
    EXTI9_5_IRQHandler                       0x080001ef   Thumb Code     0  startup_stm32f10x_hd.o(.text)
    FLASH_IRQHandler                         0x080001ef   Thumb Code     0  startup_stm32f10x_hd.o(.text)
    FSMC_IRQHandler                          0x080001ef   Thumb Code     0  startup_stm32f10x_hd.o(.text)
    I2C1_ER_IRQHandler                       0x080001ef   Thumb Code     0  startup_stm32f10x_hd.o(.text)
    I2C1_EV_IRQHandler                       0x080001ef   Thumb Code     0  startup_stm32f10x_hd.o(.text)
    I2C2_ER_IRQHandler                       0x080001ef   Thumb Code     0  startup_stm32f10x_hd.o(.text)
    I2C2_EV_IRQHandler                       0x080001ef   Thumb Code     0  startup_stm32f10x_hd.o(.text)
    PVD_IRQHandler                           0x080001ef   Thumb Code     0  startup_stm32f10x_hd.o(.text)
    RCC_IRQHandler                           0x080001ef   Thumb Code     0  startup_stm32f10x_hd.o(.text)
    RTCAlarm_IRQHandler                      0x080001ef   Thumb Code     0  startup_stm32f10x_hd.o(.text)
    RTC_IRQHandler                           0x080001ef   Thumb Code     0  startup_stm32f10x_hd.o(.text)
    SDIO_IRQHandler                          0x080001ef   Thumb Code     0  startup_stm32f10x_hd.o(.text)
    SPI1_IRQHandler                          0x080001ef   Thumb Code     0  startup_stm32f10x_hd.o(.text)
    SPI2_IRQHandler                          0x080001ef   Thumb Code     0  startup_stm32f10x_hd.o(.text)
    SPI3_IRQHandler                          0x080001ef   Thumb Code     0  startup_stm32f10x_hd.o(.text)
    TAMPER_IRQHandler                        0x080001ef   Thumb Code     0  startup_stm32f10x_hd.o(.text)
    TIM1_BRK_IRQHandler                      0x080001ef   Thumb Code     0  startup_stm32f10x_hd.o(.text)
    TIM1_CC_IRQHandler                       0x080001ef   Thumb Code     0  startup_stm32f10x_hd.o(.text)
    TIM1_TRG_COM_IRQHandler                  0x080001ef   Thumb Code     0  startup_stm32f10x_hd.o(.text)
    TIM1_UP_IRQHandler                       0x080001ef   Thumb Code     0  startup_stm32f10x_hd.o(.text)
    TIM2_IRQHandler                          0x080001ef   Thumb Code     0  startup_stm32f10x_hd.o(.text)
    TIM3_IRQHandler                          0x080001ef   Thumb Code     0  startup_stm32f10x_hd.o(.text)
    TIM4_IRQHandler                          0x080001ef   Thumb Code     0  startup_stm32f10x_hd.o(.text)
    TIM5_IRQHandler                          0x080001ef   Thumb Code     0  startup_stm32f10x_hd.o(.text)
    TIM6_IRQHandler                          0x080001ef   Thumb Code     0  startup_stm32f10x_hd.o(.text)
    TIM7_IRQHandler                          0x080001ef   Thumb Code     0  startup_stm32f10x_hd.o(.text)
    TIM8_BRK_IRQHandler                      0x080001ef   Thumb Code     0  startup_stm32f10x_hd.o(.text)
    TIM8_CC_IRQHandler                       0x080001ef   Thumb Code     0  startup_stm32f10x_hd.o(.text)
    TIM8_TRG_COM_IRQHandler                  0x080001ef   Thumb Code     0  startup_stm32f10x_hd.o(.text)
    TIM8_UP_IRQHandler                       0x080001ef   Thumb Code     0  startup_stm32f10x_hd.o(.text)
    UART4_IRQHandler                         0x080001ef   Thumb Code     0  startup_stm32f10x_hd.o(.text)
    UART5_IRQHandler                         0x080001ef   Thumb Code     0  startup_stm32f10x_hd.o(.text)
    USART3_IRQHandler                        0x080001ef   Thumb Code     0  startup_stm32f10x_hd.o(.text)
    USBWakeUp_IRQHandler                     0x080001ef   Thumb Code     0  startup_stm32f10x_hd.o(.text)
    USB_HP_CAN1_TX_IRQHandler                0x080001ef   Thumb Code     0  startup_stm32f10x_hd.o(.text)
    USB_LP_CAN1_RX0_IRQHandler               0x080001ef   Thumb Code     0  startup_stm32f10x_hd.o(.text)
    WWDG_IRQHandler                          0x080001ef   Thumb Code     0  startup_stm32f10x_hd.o(.text)
    __user_initial_stackheap                 0x080001f1   Thumb Code     0  startup_stm32f10x_hd.o(.text)
    __use_no_semihosting                     0x08000215   Thumb Code     2  use_no_semi_2.o(.text)
    __2printf                                0x08000219   Thumb Code    20  noretval__2printf.o(.text)
    __2sprintf                               0x08000231   Thumb Code    34  noretval__2sprintf.o(.text)
    __printf                                 0x08000259   Thumb Code   104  __printf.o(.text)
    _printf_int_dec                          0x080002c1   Thumb Code   104  _printf_dec.o(.text)
    strstr                                   0x08000339   Thumb Code    36  strstr.o(.text)
    strlen                                   0x0800035d   Thumb Code    62  strlen.o(.text)
    __aeabi_memclr                           0x0800039b   Thumb Code     0  rt_memclr.o(.text)
    __rt_memclr                              0x0800039b   Thumb Code    68  rt_memclr.o(.text)
    _memset                                  0x0800039f   Thumb Code     0  rt_memclr.o(.text)
    __use_two_region_memory                  0x080003df   Thumb Code     2  heapauxi.o(.text)
    __rt_heap_escrow$2region                 0x080003e1   Thumb Code     2  heapauxi.o(.text)
    __rt_heap_expand$2region                 0x080003e3   Thumb Code     2  heapauxi.o(.text)
    __I$use$semihosting                      0x080003e5   Thumb Code     0  use_no_semi.o(.text)
    __use_no_semihosting_swi                 0x080003e5   Thumb Code     2  use_no_semi.o(.text)
    _printf_int_common                       0x080003e7   Thumb Code   178  _printf_intcommon.o(.text)
    _printf_char_common                      0x080004a3   Thumb Code    32  _printf_char_common.o(.text)
    _sputc                                   0x080004c9   Thumb Code    10  _sputc.o(.text)
    _printf_char_file                        0x080004d5   Thumb Code    32  _printf_char_file.o(.text)
    __aeabi_memclr4                          0x080004f9   Thumb Code     0  rt_memclr_w.o(.text)
    __aeabi_memclr8                          0x080004f9   Thumb Code     0  rt_memclr_w.o(.text)
    __rt_memclr_w                            0x080004f9   Thumb Code    78  rt_memclr_w.o(.text)
    _memset_w                                0x080004fd   Thumb Code     0  rt_memclr_w.o(.text)
    ferror                                   0x08000547   Thumb Code     8  ferror.o(.text)
    __user_setup_stackheap                   0x0800054f   Thumb Code    74  sys_stackheap_outer.o(.text)
    exit                                     0x08000599   Thumb Code    18  exit.o(.text)
    __user_libspace                          0x080005ad   Thumb Code     8  libspace.o(.text)
    __user_perproc_libspace                  0x080005ad   Thumb Code     0  libspace.o(.text)
    __user_perthread_libspace                0x080005ad   Thumb Code     0  libspace.o(.text)
    BusFault_Handler                         0x080005b5   Thumb Code     4  stm32f10x_it.o(i.BusFault_Handler)
    DebugMon_Handler                         0x080005b9   Thumb Code     2  stm32f10x_it.o(i.DebugMon_Handler)
    GPIO_Init                                0x080005bb   Thumb Code   278  stm32f10x_gpio.o(i.GPIO_Init)
    GPIO_ResetBits                           0x080006d1   Thumb Code     4  stm32f10x_gpio.o(i.GPIO_ResetBits)
    GPIO_SetBits                             0x080006d5   Thumb Code     4  stm32f10x_gpio.o(i.GPIO_SetBits)
    GetFrameLen                              0x080006d9   Thumb Code    32  nodebus.o(i.GetFrameLen)
    HardFault_Handler                        0x0800073d   Thumb Code     4  stm32f10x_it.o(i.HardFault_Handler)
    LED_Init                                 0x08000741   Thumb Code    68  led.o(i.LED_Init)
    MemManage_Handler                        0x0800078d   Thumb Code     4  stm32f10x_it.o(i.MemManage_Handler)
    NMI_Handler                              0x08000791   Thumb Code     2  stm32f10x_it.o(i.NMI_Handler)
    NVIC_Init                                0x080007b9   Thumb Code   100  misc.o(i.NVIC_Init)
    NVIC_PriorityGroupConfig                 0x08000829   Thumb Code    10  misc.o(i.NVIC_PriorityGroupConfig)
    PendSV_Handler                           0x0800083d   Thumb Code     2  stm32f10x_it.o(i.PendSV_Handler)
    RCC_APB1PeriphClockCmd                   0x08000841   Thumb Code    26  stm32f10x_rcc.o(i.RCC_APB1PeriphClockCmd)
    RCC_APB2PeriphClockCmd                   0x08000861   Thumb Code    26  stm32f10x_rcc.o(i.RCC_APB2PeriphClockCmd)
    RCC_GetClocksFreq                        0x08000881   Thumb Code   192  stm32f10x_rcc.o(i.RCC_GetClocksFreq)
    RecvSlaveAck                             0x08000955   Thumb Code   172  nodebus.o(i.RecvSlaveAck)
    Recv_AT_Mode                             0x08000a01   Thumb Code    90  usart2.o(i.Recv_AT_Mode)
    SPI_Cmd                                  0x08000a79   Thumb Code    24  stm32f10x_spi.o(i.SPI_Cmd)
    SPI_I2S_ClearFlag                        0x08000a91   Thumb Code     6  stm32f10x_spi.o(i.SPI_I2S_ClearFlag)
    SPI_I2S_GetFlagStatus                    0x08000a97   Thumb Code    18  stm32f10x_spi.o(i.SPI_I2S_GetFlagStatus)
    SPI_I2S_ReceiveData                      0x08000aa9   Thumb Code     6  stm32f10x_spi.o(i.SPI_I2S_ReceiveData)
    SPI_I2S_SendData                         0x08000aaf   Thumb Code     4  stm32f10x_spi.o(i.SPI_I2S_SendData)
    SPI_Init                                 0x08000ab3   Thumb Code    60  stm32f10x_spi.o(i.SPI_Init)
    SVC_Handler                              0x08000aef   Thumb Code     2  stm32f10x_it.o(i.SVC_Handler)
    SendDeviceState                          0x08000af1   Thumb Code    48  tlink.o(i.SendDeviceState)
    SendMasterCommand                        0x08000b39   Thumb Code    64  nodebus.o(i.SendMasterCommand)
    SysTick_CLKSourceConfig                  0x08000c69   Thumb Code    40  misc.o(i.SysTick_CLKSourceConfig)
    SysTick_Handler                          0x08000c91   Thumb Code     2  stm32f10x_it.o(i.SysTick_Handler)
    SystemInit                               0x08000c95   Thumb Code    78  system_stm32f10x.o(i.SystemInit)
    USART1_IRQHandler                        0x08000cf5   Thumb Code   122  usart.o(i.USART1_IRQHandler)
    USART2_Config                            0x08000d7d   Thumb Code   142  usart2.o(i.USART2_Config)
    USART2_IRQHandler                        0x08000e15   Thumb Code    54  usart2.o(i.USART2_IRQHandler)
    USART_ClearFlag                          0x08000e5d   Thumb Code    18  stm32f10x_usart.o(i.USART_ClearFlag)
    USART_ClearITPendingBit                  0x08000e6f   Thumb Code    30  stm32f10x_usart.o(i.USART_ClearITPendingBit)
    USART_Cmd                                0x08000e8d   Thumb Code    24  stm32f10x_usart.o(i.USART_Cmd)
    USART_GetFlagStatus                      0x08000ea5   Thumb Code    26  stm32f10x_usart.o(i.USART_GetFlagStatus)
    USART_GetITStatus                        0x08000ebf   Thumb Code    84  stm32f10x_usart.o(i.USART_GetITStatus)
    USART_ITConfig                           0x08000f13   Thumb Code    74  stm32f10x_usart.o(i.USART_ITConfig)
    USART_Init                               0x08000f5d   Thumb Code   210  stm32f10x_usart.o(i.USART_Init)
    USART_ReceiveData                        0x08001035   Thumb Code    10  stm32f10x_usart.o(i.USART_ReceiveData)
    USART_SendData                           0x0800103f   Thumb Code     8  stm32f10x_usart.o(i.USART_SendData)
    UsageFault_Handler                       0x08001047   Thumb Code     4  stm32f10x_it.o(i.UsageFault_Handler)
    Usart_SendString                         0x08001069   Thumb Code    44  usart2.o(i.Usart_SendString)
    _sys_exit                                0x08001095   Thumb Code     8  usart.o(i._sys_exit)
    delay_init                               0x0800109d   Thumb Code    50  delay.o(i.delay_init)
    delay_ms                                 0x080010e1   Thumb Code    72  delay.o(i.delay_ms)
    fputc                                    0x0800112d   Thumb Code    24  usart.o(i.fputc)
    initSPIx                                 0x08001149   Thumb Code   210  spix.o(i.initSPIx)
    initSX1278                               0x0800122d   Thumb Code   168  sx1278.o(i.initSX1278)
    main                                     0x080012e9   Thumb Code   184  main.o(i.main)
    readSPIxByte                             0x080013ed   Thumb Code    64  spix.o(i.readSPIxByte)
    readSX1278                               0x0800142d   Thumb Code    38  sx1278.o(i.readSX1278)
    receivePackets                           0x08001459   Thumb Code   120  sx1278.o(i.receivePackets)
    resetSX1278                              0x080014d5   Thumb Code    36  sx1278.o(i.resetSX1278)
    sendSPIxByte                             0x080014fd   Thumb Code    66  spix.o(i.sendSPIxByte)
    setNSS                                   0x08001541   Thumb Code    30  spix.o(i.setNSS)
    setSX1278BandWidth                       0x08001565   Thumb Code    30  sx1278.o(i.setSX1278BandWidth)
    setSX1278ErrCode                         0x08001583   Thumb Code    32  sx1278.o(i.setSX1278ErrCode)
    setSX1278ImplicitHeader                  0x080015a3   Thumb Code    30  sx1278.o(i.setSX1278ImplicitHeader)
    setSX1278LoRaFSK                         0x080015c1   Thumb Code    28  sx1278.o(i.setSX1278LoRaFSK)
    setSX1278MobileNode                      0x080015dd   Thumb Code    32  sx1278.o(i.setSX1278MobileNode)
    setSX1278NbTrigPeaks                     0x080015fd   Thumb Code    30  sx1278.o(i.setSX1278NbTrigPeaks)
    setSX1278OpMode                          0x0800161b   Thumb Code    28  sx1278.o(i.setSX1278OpMode)
    setSX1278PacketCRC                       0x08001637   Thumb Code    32  sx1278.o(i.setSX1278PacketCRC)
    setSX1278PayLoadLength                   0x08001657   Thumb Code    14  sx1278.o(i.setSX1278PayLoadLength)
    setSX1278RFFrequency                     0x08001665   Thumb Code    34  sx1278.o(i.setSX1278RFFrequency)
    setSX1278RFPower                         0x0800168d   Thumb Code    24  sx1278.o(i.setSX1278RFPower)
    setSX1278Receive                         0x080016a9   Thumb Code    48  sx1278.o(i.setSX1278Receive)
    setSX1278SpreadingFactor                 0x080016d9   Thumb Code    36  sx1278.o(i.setSX1278SpreadingFactor)
    setSX1278SymbTimeout                     0x080016fd   Thumb Code    74  sx1278.o(i.setSX1278SymbTimeout)
    transmitPackets                          0x08001749   Thumb Code   148  sx1278.o(i.transmitPackets)
    uart_init                                0x080017e1   Thumb Code   152  usart.o(i.uart_init)
    writeSX1278                              0x08001881   Thumb Code    38  sx1278.o(i.writeSX1278)
    Region$$Table$$Base                      0x080018ac   Number         0  anon$$obj.o(Region$$Table)
    Region$$Table$$Limit                     0x080018cc   Number         0  anon$$obj.o(Region$$Table)
    DeviceBlock_StructureArray               0x20000000   Data           6  main.o(.data)
    DeviceBlock                              0x20000006   Data           3  main.o(.data)
    SystemCoreClock                          0x2000000c   Data           4  system_stm32f10x.o(.data)
    AHBPrescTable                            0x20000010   Data          16  system_stm32f10x.o(.data)
    AT_Mode                                  0x20000020   Data           1  esp8266.o(.data)
    Frequency                                0x20000021   Data           3  sx1278.o(.data)
    SpreadingFactor                          0x20000024   Data           1  sx1278.o(.data)
    CodingRate                               0x20000025   Data           1  sx1278.o(.data)
    Bw_Frequency                             0x20000026   Data           1  sx1278.o(.data)
    powerValue                               0x20000027   Data           1  sx1278.o(.data)
    power_data                               0x20000028   Data          16  sx1278.o(.data)
    RF_EX0_STATUS                            0x20000038   Data           1  sx1278.o(.data)
    CRC_Value                                0x20000039   Data           1  sx1278.o(.data)
    SX1278_RLEN                              0x2000003a   Data           1  sx1278.o(.data)
    ok_flag                                  0x2000003b   Data           1  usart2.o(.data)
    Rx_count                                 0x2000003c   Data           1  usart2.o(.data)
    __stdout                                 0x20000044   Data           4  usart.o(.data)
    USART_RX_STA                             0x20000048   Data           2  usart.o(.data)
    Rx_Buff                                  0x20000060   Data        1000  usart2.o(.bss)
    Tx_Buff                                  0x20000448   Data         100  tlink.o(.bss)
    USART_RX_BUF                             0x200004ac   Data         200  usart.o(.bss)
    __libspace_start                         0x20000574   Data          96  libspace.o(.bss)
    __temporary_stack_top$libspace           0x200005d4   Data           0  libspace.o(.bss)



==============================================================================

Memory Map of the image

  Image Entry point : 0x080001d5

  Load Region LR_1 (Base: 0x08000000, Size: 0x0000192c, Max: 0xffffffff, ABSOLUTE)

    Execution Region ER_RO (Exec base: 0x08000000, Load base: 0x08000000, Size: 0x000018cc, Max: 0xffffffff, ABSOLUTE)

    Exec Addr    Load Addr    Size         Type   Attr      Idx    E Section Name        Object

    0x08000000   0x08000000   0x00000130   Data   RO          770    RESET               startup_stm32f10x_hd.o
    0x08000130   0x08000130   0x00000008   Code   RO         1548  * !!!main             c_w.l(__main.o)
    0x08000138   0x08000138   0x00000034   Code   RO         1720    !!!scatter          c_w.l(__scatter.o)
    0x0800016c   0x0800016c   0x0000001a   Code   RO         1722    !!handler_copy      c_w.l(__scatter_copy.o)
    0x08000186   0x08000186   0x00000002   PAD
    0x08000188   0x08000188   0x0000001c   Code   RO         1724    !!handler_zi        c_w.l(__scatter_zi.o)
    0x080001a4   0x080001a4   0x00000000   Code   RO         1539    .ARM.Collect$$_printf_percent$$00000000  c_w.l(_printf_percent.o)
    0x080001a4   0x080001a4   0x00000006   Code   RO         1538    .ARM.Collect$$_printf_percent$$00000009  c_w.l(_printf_d.o)
    0x080001aa   0x080001aa   0x00000004   Code   RO         1561    .ARM.Collect$$_printf_percent$$00000017  c_w.l(_printf_percent_end.o)
    0x080001ae   0x080001ae   0x00000002   Code   RO         1594    .ARM.Collect$$libinit$$00000000  c_w.l(libinit.o)
    0x080001b0   0x080001b0   0x00000000   Code   RO         1601    .ARM.Collect$$libinit$$00000002  c_w.l(libinit2.o)
    0x080001b0   0x080001b0   0x00000000   Code   RO         1603    .ARM.Collect$$libinit$$00000004  c_w.l(libinit2.o)
    0x080001b0   0x080001b0   0x00000000   Code   RO         1606    .ARM.Collect$$libinit$$0000000A  c_w.l(libinit2.o)
    0x080001b0   0x080001b0   0x00000000   Code   RO         1608    .ARM.Collect$$libinit$$0000000C  c_w.l(libinit2.o)
    0x080001b0   0x080001b0   0x00000000   Code   RO         1610    .ARM.Collect$$libinit$$0000000E  c_w.l(libinit2.o)
    0x080001b0   0x080001b0   0x00000000   Code   RO         1613    .ARM.Collect$$libinit$$00000011  c_w.l(libinit2.o)
    0x080001b0   0x080001b0   0x00000000   Code   RO         1615    .ARM.Collect$$libinit$$00000013  c_w.l(libinit2.o)
    0x080001b0   0x080001b0   0x00000000   Code   RO         1617    .ARM.Collect$$libinit$$00000015  c_w.l(libinit2.o)
    0x080001b0   0x080001b0   0x00000000   Code   RO         1619    .ARM.Collect$$libinit$$00000017  c_w.l(libinit2.o)
    0x080001b0   0x080001b0   0x00000000   Code   RO         1621    .ARM.Collect$$libinit$$00000019  c_w.l(libinit2.o)
    0x080001b0   0x080001b0   0x00000000   Code   RO         1623    .ARM.Collect$$libinit$$0000001B  c_w.l(libinit2.o)
    0x080001b0   0x080001b0   0x00000000   Code   RO         1625    .ARM.Collect$$libinit$$0000001D  c_w.l(libinit2.o)
    0x080001b0   0x080001b0   0x00000000   Code   RO         1627    .ARM.Collect$$libinit$$0000001F  c_w.l(libinit2.o)
    0x080001b0   0x080001b0   0x00000000   Code   RO         1629    .ARM.Collect$$libinit$$00000021  c_w.l(libinit2.o)
    0x080001b0   0x080001b0   0x00000000   Code   RO         1631    .ARM.Collect$$libinit$$00000023  c_w.l(libinit2.o)
    0x080001b0   0x080001b0   0x00000000   Code   RO         1633    .ARM.Collect$$libinit$$00000025  c_w.l(libinit2.o)
    0x080001b0   0x080001b0   0x00000000   Code   RO         1637    .ARM.Collect$$libinit$$0000002C  c_w.l(libinit2.o)
    0x080001b0   0x080001b0   0x00000000   Code   RO         1639    .ARM.Collect$$libinit$$0000002E  c_w.l(libinit2.o)
    0x080001b0   0x080001b0   0x00000000   Code   RO         1641    .ARM.Collect$$libinit$$00000030  c_w.l(libinit2.o)
    0x080001b0   0x080001b0   0x00000000   Code   RO         1643    .ARM.Collect$$libinit$$00000032  c_w.l(libinit2.o)
    0x080001b0   0x080001b0   0x00000002   Code   RO         1644    .ARM.Collect$$libinit$$00000033  c_w.l(libinit2.o)
    0x080001b2   0x080001b2   0x00000002   Code   RO         1662    .ARM.Collect$$libshutdown$$00000000  c_w.l(libshutdown.o)
    0x080001b4   0x080001b4   0x00000000   Code   RO         1672    .ARM.Collect$$libshutdown$$00000002  c_w.l(libshutdown2.o)
    0x080001b4   0x080001b4   0x00000000   Code   RO         1674    .ARM.Collect$$libshutdown$$00000004  c_w.l(libshutdown2.o)
    0x080001b4   0x080001b4   0x00000000   Code   RO         1677    .ARM.Collect$$libshutdown$$00000007  c_w.l(libshutdown2.o)
    0x080001b4   0x080001b4   0x00000000   Code   RO         1680    .ARM.Collect$$libshutdown$$0000000A  c_w.l(libshutdown2.o)
    0x080001b4   0x080001b4   0x00000000   Code   RO         1682    .ARM.Collect$$libshutdown$$0000000C  c_w.l(libshutdown2.o)
    0x080001b4   0x080001b4   0x00000000   Code   RO         1685    .ARM.Collect$$libshutdown$$0000000F  c_w.l(libshutdown2.o)
    0x080001b4   0x080001b4   0x00000002   Code   RO         1686    .ARM.Collect$$libshutdown$$00000010  c_w.l(libshutdown2.o)
    0x080001b6   0x080001b6   0x00000000   Code   RO         1552    .ARM.Collect$$rtentry$$00000000  c_w.l(__rtentry.o)
    0x080001b6   0x080001b6   0x00000000   Code   RO         1565    .ARM.Collect$$rtentry$$00000002  c_w.l(__rtentry2.o)
    0x080001b6   0x080001b6   0x00000006   Code   RO         1577    .ARM.Collect$$rtentry$$00000004  c_w.l(__rtentry4.o)
    0x080001bc   0x080001bc   0x00000000   Code   RO         1567    .ARM.Collect$$rtentry$$00000009  c_w.l(__rtentry2.o)
    0x080001bc   0x080001bc   0x00000004   Code   RO         1568    .ARM.Collect$$rtentry$$0000000A  c_w.l(__rtentry2.o)
    0x080001c0   0x080001c0   0x00000000   Code   RO         1570    .ARM.Collect$$rtentry$$0000000C  c_w.l(__rtentry2.o)
    0x080001c0   0x080001c0   0x00000008   Code   RO         1571    .ARM.Collect$$rtentry$$0000000D  c_w.l(__rtentry2.o)
    0x080001c8   0x080001c8   0x00000002   Code   RO         1598    .ARM.Collect$$rtexit$$00000000  c_w.l(rtexit.o)
    0x080001ca   0x080001ca   0x00000000   Code   RO         1646    .ARM.Collect$$rtexit$$00000002  c_w.l(rtexit2.o)
    0x080001ca   0x080001ca   0x00000004   Code   RO         1647    .ARM.Collect$$rtexit$$00000003  c_w.l(rtexit2.o)
    0x080001ce   0x080001ce   0x00000006   Code   RO         1648    .ARM.Collect$$rtexit$$00000004  c_w.l(rtexit2.o)
    0x080001d4   0x080001d4   0x00000040   Code   RO          771  * .text               startup_stm32f10x_hd.o
    0x08000214   0x08000214   0x00000002   Code   RO         1504    .text               c_w.l(use_no_semi_2.o)
    0x08000216   0x08000216   0x00000002   PAD
    0x08000218   0x08000218   0x00000018   Code   RO         1510    .text               c_w.l(noretval__2printf.o)
    0x08000230   0x08000230   0x00000028   Code   RO         1512    .text               c_w.l(noretval__2sprintf.o)
    0x08000258   0x08000258   0x00000068   Code   RO         1514    .text               c_w.l(__printf.o)
    0x080002c0   0x080002c0   0x00000078   Code   RO         1516    .text               c_w.l(_printf_dec.o)
    0x08000338   0x08000338   0x00000024   Code   RO         1540    .text               c_w.l(strstr.o)
    0x0800035c   0x0800035c   0x0000003e   Code   RO         1542    .text               c_w.l(strlen.o)
    0x0800039a   0x0800039a   0x00000044   Code   RO         1544    .text               c_w.l(rt_memclr.o)
    0x080003de   0x080003de   0x00000006   Code   RO         1546    .text               c_w.l(heapauxi.o)
    0x080003e4   0x080003e4   0x00000002   Code   RO         1550    .text               c_w.l(use_no_semi.o)
    0x080003e6   0x080003e6   0x000000b2   Code   RO         1553    .text               c_w.l(_printf_intcommon.o)
    0x08000498   0x08000498   0x00000030   Code   RO         1555    .text               c_w.l(_printf_char_common.o)
    0x080004c8   0x080004c8   0x0000000a   Code   RO         1557    .text               c_w.l(_sputc.o)
    0x080004d2   0x080004d2   0x00000002   PAD
    0x080004d4   0x080004d4   0x00000024   Code   RO         1559    .text               c_w.l(_printf_char_file.o)
    0x080004f8   0x080004f8   0x0000004e   Code   RO         1562    .text               c_w.l(rt_memclr_w.o)
    0x08000546   0x08000546   0x00000008   Code   RO         1581    .text               c_w.l(ferror.o)
    0x0800054e   0x0800054e   0x0000004a   Code   RO         1585    .text               c_w.l(sys_stackheap_outer.o)
    0x08000598   0x08000598   0x00000012   Code   RO         1587    .text               c_w.l(exit.o)
    0x080005aa   0x080005aa   0x00000002   PAD
    0x080005ac   0x080005ac   0x00000008   Code   RO         1595    .text               c_w.l(libspace.o)
    0x080005b4   0x080005b4   0x00000004   Code   RO          144    i.BusFault_Handler  stm32f10x_it.o
    0x080005b8   0x080005b8   0x00000002   Code   RO          145    i.DebugMon_Handler  stm32f10x_it.o
    0x080005ba   0x080005ba   0x00000116   Code   RO          817    i.GPIO_Init         stm32f10x_gpio.o
    0x080006d0   0x080006d0   0x00000004   Code   RO          824    i.GPIO_ResetBits    stm32f10x_gpio.o
    0x080006d4   0x080006d4   0x00000004   Code   RO          825    i.GPIO_SetBits      stm32f10x_gpio.o
    0x080006d8   0x080006d8   0x00000020   Code   RO         1473    i.GetFrameLen       nodebus.o
    0x080006f8   0x080006f8   0x00000044   Code   RO         1474    i.GetModeBusCRC16   nodebus.o
    0x0800073c   0x0800073c   0x00000004   Code   RO          146    i.HardFault_Handler  stm32f10x_it.o
    0x08000740   0x08000740   0x0000004c   Code   RO          324    i.LED_Init          led.o
    0x0800078c   0x0800078c   0x00000004   Code   RO          147    i.MemManage_Handler  stm32f10x_it.o
    0x08000790   0x08000790   0x00000002   Code   RO          148    i.NMI_Handler       stm32f10x_it.o
    0x08000792   0x08000792   0x00000026   Code   RO          585    i.NVIC_Configuration  usart2.o
    0x080007b8   0x080007b8   0x00000070   Code   RO          775    i.NVIC_Init         misc.o
    0x08000828   0x08000828   0x00000014   Code   RO          776    i.NVIC_PriorityGroupConfig  misc.o
    0x0800083c   0x0800083c   0x00000002   Code   RO          149    i.PendSV_Handler    stm32f10x_it.o
    0x0800083e   0x0800083e   0x00000002   PAD
    0x08000840   0x08000840   0x00000020   Code   RO          951    i.RCC_APB1PeriphClockCmd  stm32f10x_rcc.o
    0x08000860   0x08000860   0x00000020   Code   RO          953    i.RCC_APB2PeriphClockCmd  stm32f10x_rcc.o
    0x08000880   0x08000880   0x000000d4   Code   RO          961    i.RCC_GetClocksFreq  stm32f10x_rcc.o
    0x08000954   0x08000954   0x000000ac   Code   RO         1475    i.RecvSlaveAck      nodebus.o
    0x08000a00   0x08000a00   0x00000078   Code   RO          586    i.Recv_AT_Mode      usart2.o
    0x08000a78   0x08000a78   0x00000018   Code   RO         1334    i.SPI_Cmd           stm32f10x_spi.o
    0x08000a90   0x08000a90   0x00000006   Code   RO         1338    i.SPI_I2S_ClearFlag  stm32f10x_spi.o
    0x08000a96   0x08000a96   0x00000012   Code   RO         1342    i.SPI_I2S_GetFlagStatus  stm32f10x_spi.o
    0x08000aa8   0x08000aa8   0x00000006   Code   RO         1345    i.SPI_I2S_ReceiveData  stm32f10x_spi.o
    0x08000aae   0x08000aae   0x00000004   Code   RO         1346    i.SPI_I2S_SendData  stm32f10x_spi.o
    0x08000ab2   0x08000ab2   0x0000003c   Code   RO         1347    i.SPI_Init          stm32f10x_spi.o
    0x08000aee   0x08000aee   0x00000002   Code   RO          150    i.SVC_Handler       stm32f10x_it.o
    0x08000af0   0x08000af0   0x00000048   Code   RO          640    i.SendDeviceState   tlink.o
    0x08000b38   0x08000b38   0x00000048   Code   RO         1476    i.SendMasterCommand  nodebus.o
    0x08000b80   0x08000b80   0x00000008   Code   RO          290    i.SetSysClock       system_stm32f10x.o
    0x08000b88   0x08000b88   0x000000e0   Code   RO          291    i.SetSysClockTo72   system_stm32f10x.o
    0x08000c68   0x08000c68   0x00000028   Code   RO          779    i.SysTick_CLKSourceConfig  misc.o
    0x08000c90   0x08000c90   0x00000002   Code   RO          151    i.SysTick_Handler   stm32f10x_it.o
    0x08000c92   0x08000c92   0x00000002   PAD
    0x08000c94   0x08000c94   0x00000060   Code   RO          293    i.SystemInit        system_stm32f10x.o
    0x08000cf4   0x08000cf4   0x00000088   Code   RO          717    i.USART1_IRQHandler  usart.o
    0x08000d7c   0x08000d7c   0x00000098   Code   RO          587    i.USART2_Config     usart2.o
    0x08000e14   0x08000e14   0x00000048   Code   RO          588    i.USART2_IRQHandler  usart2.o
    0x08000e5c   0x08000e5c   0x00000012   Code   RO         1149    i.USART_ClearFlag   stm32f10x_usart.o
    0x08000e6e   0x08000e6e   0x0000001e   Code   RO         1150    i.USART_ClearITPendingBit  stm32f10x_usart.o
    0x08000e8c   0x08000e8c   0x00000018   Code   RO         1153    i.USART_Cmd         stm32f10x_usart.o
    0x08000ea4   0x08000ea4   0x0000001a   Code   RO         1156    i.USART_GetFlagStatus  stm32f10x_usart.o
    0x08000ebe   0x08000ebe   0x00000054   Code   RO         1157    i.USART_GetITStatus  stm32f10x_usart.o
    0x08000f12   0x08000f12   0x0000004a   Code   RO         1159    i.USART_ITConfig    stm32f10x_usart.o
    0x08000f5c   0x08000f5c   0x000000d8   Code   RO         1160    i.USART_Init        stm32f10x_usart.o
    0x08001034   0x08001034   0x0000000a   Code   RO         1167    i.USART_ReceiveData  stm32f10x_usart.o
    0x0800103e   0x0800103e   0x00000008   Code   RO         1170    i.USART_SendData    stm32f10x_usart.o
    0x08001046   0x08001046   0x00000004   Code   RO          152    i.UsageFault_Handler  stm32f10x_it.o
    0x0800104a   0x0800104a   0x0000001e   Code   RO          589    i.Usart_SendByte    usart2.o
    0x08001068   0x08001068   0x0000002c   Code   RO          590    i.Usart_SendString  usart2.o
    0x08001094   0x08001094   0x00000008   Code   RO          718    i._sys_exit         usart.o
    0x0800109c   0x0800109c   0x00000044   Code   RO          662    i.delay_init        delay.o
    0x080010e0   0x080010e0   0x0000004c   Code   RO          663    i.delay_ms          delay.o
    0x0800112c   0x0800112c   0x0000001c   Code   RO          719    i.fputc             usart.o
    0x08001148   0x08001148   0x000000e4   Code   RO          426    i.initSPIx          spix.o
    0x0800122c   0x0800122c   0x000000bc   Code   RO          456    i.initSX1278        sx1278.o
    0x080012e8   0x080012e8   0x00000104   Code   RO            1    i.main              main.o
    0x080013ec   0x080013ec   0x00000040   Code   RO          427    i.readSPIxByte      spix.o
    0x0800142c   0x0800142c   0x0000002c   Code   RO          457    i.readSX1278        sx1278.o
    0x08001458   0x08001458   0x0000007c   Code   RO          458    i.receivePackets    sx1278.o
    0x080014d4   0x080014d4   0x00000028   Code   RO          459    i.resetSX1278       sx1278.o
    0x080014fc   0x080014fc   0x00000042   Code   RO          428    i.sendSPIxByte      spix.o
    0x0800153e   0x0800153e   0x00000002   PAD
    0x08001540   0x08001540   0x00000024   Code   RO          429    i.setNSS            spix.o
    0x08001564   0x08001564   0x0000001e   Code   RO          460    i.setSX1278BandWidth  sx1278.o
    0x08001582   0x08001582   0x00000020   Code   RO          461    i.setSX1278ErrCode  sx1278.o
    0x080015a2   0x080015a2   0x0000001e   Code   RO          462    i.setSX1278ImplicitHeader  sx1278.o
    0x080015c0   0x080015c0   0x0000001c   Code   RO          463    i.setSX1278LoRaFSK  sx1278.o
    0x080015dc   0x080015dc   0x00000020   Code   RO          464    i.setSX1278MobileNode  sx1278.o
    0x080015fc   0x080015fc   0x0000001e   Code   RO          465    i.setSX1278NbTrigPeaks  sx1278.o
    0x0800161a   0x0800161a   0x0000001c   Code   RO          466    i.setSX1278OpMode   sx1278.o
    0x08001636   0x08001636   0x00000020   Code   RO          467    i.setSX1278PacketCRC  sx1278.o
    0x08001656   0x08001656   0x0000000e   Code   RO          468    i.setSX1278PayLoadLength  sx1278.o
    0x08001664   0x08001664   0x00000028   Code   RO          469    i.setSX1278RFFrequency  sx1278.o
    0x0800168c   0x0800168c   0x0000001c   Code   RO          470    i.setSX1278RFPower  sx1278.o
    0x080016a8   0x080016a8   0x00000030   Code   RO          471    i.setSX1278Receive  sx1278.o
    0x080016d8   0x080016d8   0x00000024   Code   RO          472    i.setSX1278SpreadingFactor  sx1278.o
    0x080016fc   0x080016fc   0x0000004a   Code   RO          473    i.setSX1278SymbTimeout  sx1278.o
    0x08001746   0x08001746   0x00000002   PAD
    0x08001748   0x08001748   0x00000098   Code   RO          474    i.transmitPackets   sx1278.o
    0x080017e0   0x080017e0   0x000000a0   Code   RO          720    i.uart_init         usart.o
    0x08001880   0x08001880   0x0000002c   Code   RO          475    i.writeSX1278       sx1278.o
    0x080018ac   0x080018ac   0x00000020   Data   RO         1718    Region$$Table       anon$$obj.o


    Execution Region ER_RW (Exec base: 0x20000000, Load base: 0x080018cc, Size: 0x00000060, Max: 0xffffffff, ABSOLUTE)

    Exec Addr    Load Addr    Size         Type   Attr      Idx    E Section Name        Object

    0x20000000   0x080018cc   0x00000009   Data   RW            2    .data               main.o
    0x20000009   0x080018d5   0x00000003   PAD
    0x2000000c   0x080018d8   0x00000014   Data   RW          294    .data               system_stm32f10x.o
    0x20000020   0x080018ec   0x00000001   Data   RW          373    .data               esp8266.o
    0x20000021   0x080018ed   0x0000001a   Data   RW          476    .data               sx1278.o
    0x2000003b   0x08001907   0x00000002   Data   RW          592    .data               usart2.o
    0x2000003d   0x08001909   0x00000001   PAD
    0x2000003e   0x0800190a   0x00000004   Data   RW          665    .data               delay.o
    0x20000042   0x0800190e   0x00000002   PAD
    0x20000044   0x08001910   0x00000006   Data   RW          722    .data               usart.o
    0x2000004a   0x08001916   0x00000014   Data   RW          981    .data               stm32f10x_rcc.o


    Execution Region ER_ZI (Exec base: 0x20000060, Load base: 0x0800192c, Size: 0x00000b78, Max: 0xffffffff, ABSOLUTE)

    Exec Addr    Load Addr    Size         Type   Attr      Idx    E Section Name        Object

    0x20000060        -       0x000003e8   Zero   RW          591    .bss                usart2.o
    0x20000448        -       0x00000064   Zero   RW          641    .bss                tlink.o
    0x200004ac        -       0x000000c8   Zero   RW          721    .bss                usart.o
    0x20000574        -       0x00000060   Zero   RW         1596    .bss                c_w.l(libspace.o)
    0x200005d4   0x0800192c   0x00000004   PAD
    0x200005d8        -       0x00000200   Zero   RW          769    HEAP                startup_stm32f10x_hd.o
    0x200007d8        -       0x00000400   Zero   RW          768    STACK               startup_stm32f10x_hd.o


==============================================================================

Image component sizes


      Code (inc. data)   RO Data    RW Data    ZI Data      Debug   Object Name

       144         22          0          4          0       1100   delay.o
         0          0          0          1          0        218   esp8266.o
        76          8          0          0          0     205179   led.o
       260         76          0          9          0     235292   main.o
       172         22          0          0          0       2045   misc.o
       344          8          0          0          0       3277   nodebus.o
       394         24          0          0          0       2606   spix.o
        64         26        304          0       1536        772   startup_stm32f10x_hd.o
       286          0          0          0          0       3028   stm32f10x_gpio.o
        26          0          0          0          0      33358   stm32f10x_it.o
       276         32          0         20          0       4394   stm32f10x_rcc.o
       118          0          0          0          0       4270   stm32f10x_spi.o
       490          6          0          0          0       7165   stm32f10x_usart.o
      1074         54          0         26          0      11868   sx1278.o
         0          0          0          0          0         32   sys.o
       328         28          0         20          0       2041   system_stm32f10x.o
        72         24          0          0        100       1548   tlink.o
       332         26          0          6        200       4128   usart.o
       456         58          0          2       1000       3961   usart2.o

    ----------------------------------------------------------------------
      4920        414        336         96       2836     526282   Object Totals
         0          0         32          0          0          0   (incl. Generated)
         8          0          0          8          0          0   (incl. Padding)

    ----------------------------------------------------------------------

      Code (inc. data)   RO Data    RW Data    ZI Data      Debug   Library Member Name

         8          0          0          0          0         68   __main.o
       104          0          0          0          0         84   __printf.o
         0          0          0          0          0          0   __rtentry.o
        12          0          0          0          0          0   __rtentry2.o
         6          0          0          0          0          0   __rtentry4.o
        52          8          0          0          0          0   __scatter.o
        26          0          0          0          0          0   __scatter_copy.o
        28          0          0          0          0          0   __scatter_zi.o
        48          6          0          0          0         96   _printf_char_common.o
        36          4          0          0          0         80   _printf_char_file.o
         6          0          0          0          0          0   _printf_d.o
       120         16          0          0          0         92   _printf_dec.o
       178          0          0          0          0         88   _printf_intcommon.o
         0          0          0          0          0          0   _printf_percent.o
         4          0          0          0          0          0   _printf_percent_end.o
        10          0          0          0          0         68   _sputc.o
        18          0          0          0          0         80   exit.o
         8          0          0          0          0         68   ferror.o
         6          0          0          0          0        152   heapauxi.o
         2          0          0          0          0          0   libinit.o
         2          0          0          0          0          0   libinit2.o
         2          0          0          0          0          0   libshutdown.o
         2          0          0          0          0          0   libshutdown2.o
         8          4          0          0         96         68   libspace.o
        24          4          0          0          0         84   noretval__2printf.o
        40          6          0          0          0         84   noretval__2sprintf.o
        68          0          0          0          0         68   rt_memclr.o
        78          0          0          0          0         80   rt_memclr_w.o
         2          0          0          0          0          0   rtexit.o
        10          0          0          0          0          0   rtexit2.o
        62          0          0          0          0         76   strlen.o
        36          0          0          0          0         80   strstr.o
        74          0          0          0          0         80   sys_stackheap_outer.o
         2          0          0          0          0         68   use_no_semi.o
         2          0          0          0          0         68   use_no_semi_2.o

    ----------------------------------------------------------------------
      1092         48          0          0        100       1632   Library Totals
         8          0          0          0          4          0   (incl. Padding)

    ----------------------------------------------------------------------

      Code (inc. data)   RO Data    RW Data    ZI Data      Debug   Library Name

      1084         48          0          0         96       1632   c_w.l

    ----------------------------------------------------------------------
      1092         48          0          0        100       1632   Library Totals

    ----------------------------------------------------------------------

==============================================================================


      Code (inc. data)   RO Data    RW Data    ZI Data      Debug   

      6012        462        336         96       2936     523178   Grand Totals
      6012        462        336         96       2936     523178   ELF Image Totals
      6012        462        336         96          0          0   ROM Totals

==============================================================================

    Total RO  Size (Code + RO Data)                 6348 (   6.20kB)
    Total RW  Size (RW Data + ZI Data)              3032 (   2.96kB)
    Total ROM Size (Code + RO Data + RW Data)       6444 (   6.29kB)

==============================================================================

